******************************************************************************
                  TI ARM Linker PC v20.2.5                     
******************************************************************************
>> Linked Sun Jul 24 23:25:38 2022

OUTPUT FILE NAME:   <lab4_new.out>
ENTRY POINT SYMBOL: "_c_int00_noargs"  address: 00016301


MEMORY CONFIGURATION

         name            origin    length      used     unused   attr    fill
----------------------  --------  ---------  --------  --------  ----  --------
  FLASH                 00000000   00040000  00017135  00028ecb  R  X
  SRAM                  20000000   00008000  00006a21  000015df  RW X


SEGMENT ALLOCATION MAP

run origin  load origin   length   init length attrs members
----------  ----------- ---------- ----------- ----- -------
00000000    00000000    00017138   00017138    r-x
  00000000    00000000    0000026c   0000026c    r-- .intvecs
  0000026c    0000026c    0001616e   0001616e    r-x .text
  000163dc    000163dc    00000d0b   00000d0b    r-- .const
  000170e8    000170e8    00000050   00000050    r-- .cinit
20000000    20000000    00006a28   00000000    rw-
  20000000    20000000    0000026c   00000000    rw- .vtable
  2000026c    2000026c    000061a0   00000000    rw- .bss
  2000640c    2000640c    00000415   00000000    rw- .data
  20006828    20006828    00000200   00000000    rw- .stack


SECTION ALLOCATION MAP

 output                                  attributes/
section   page    origin      length       input sections
--------  ----  ----------  ----------   ----------------
.intvecs   0    00000000    0000026c     
                  00000000    0000026c     tm4c123gh6pm_startup_ccs.obj (.intvecs)

.text      0    0000026c    0001616e     
                  0000026c    0000d5e0     bmi160.obj (.text)
                  0000d84c    00001810     bme280.obj (.text)
                  0000f05c    00000f80     sysctl.obj (.text)
                  0000ffdc    00000ce0     bmi160_support.obj (.text)
                  00010cbc    00000c14     gpio.obj (.text)
                  000118d0    00000840     adc.obj (.text)
                  00012110    000007f0     G8RTOS_Scheduler.obj (.text)
                  00012900    00000738     ILI9341_Lib.obj (.text)
                  00013038    000006f8     i2c.obj (.text)
                  00013730    0000062e     uart.obj (.text)
                  00013d5e    00000002     rtsv7M4_T_le_v4SPD16_eabi.lib : div0.asm.obj (.text)
                  00013d60    00000518     threads.obj (.text)
                  00014278    000004a8     uartstdio.obj (.text)
                  00014720    00000408     bme280_support.obj (.text)
                  00014b28    000003c0     interrupt.obj (.text)
                  00014ee8    00000362     ssi.obj (.text)
                  0001524a    00000002     --HOLE-- [fill = 0]
                  0001524c    000002c4     tmp007.obj (.text)
                  00015510    000001bc     I2CDriver.obj (.text)
                  000156cc    00000170     G8RTOS_IPC.obj (.text)
                  0001583c    00000134     opt3001.obj (.text)
                  00015970    000000fc     rtsv7M4_T_le_v4SPD16_eabi.lib : fd_mul_t2.asm.obj (.text)
                  00015a6c    000000f0     Joystick.obj (.text)
                  00015b5c    000000b0     G8RTOS_Semaphores.obj (.text)
                  00015c0c    000000a4     ILI9341_Lib.obj (.text:PutChar)
                  00015cb0    000000a0     BoardInitialization.obj (.text)
                  00015d50    0000009c     rtsv7M4_T_le_v4SPD16_eabi.lib : memcpy_t2.asm.obj (.text)
                  00015dec    00000096                                   : ull_div_t2.asm.obj (.text)
                  00015e82    00000002     --HOLE-- [fill = 0]
                  00015e84    00000094     main.obj (.text)
                  00015f18    00000088     systick.obj (.text)
                  00015fa0    0000007a     rtsv7M4_T_le_v4SPD16_eabi.lib : memset_t2.asm.obj (.text)
                  0001601a    0000006e                                   : ll_div_t2.asm.obj (.text)
                  00016088    00000068                                   : copy_decompress_lzss.c.obj (.text:decompress:lzss:__TI_decompress_lzss)
                  000160f0    00000048                                   : fd_toi_t2.asm.obj (.text)
                  00016138    00000044     ILI9341_Lib.obj (.text:LCD_WriteData)
                  0001617c    00000044     rtsv7M4_T_le_v4SPD16_eabi.lib : autoinit.c.obj (.text:__TI_auto_init_nobinit_nopinit:__TI_auto_init_nobinit_nopinit)
                  000161c0    00000040     AsciiLib.obj (.text)
                  00016200    00000040     G8RTOS_SchedulerASM.obj (.text)
                  00016240    00000040     ILI9341_Lib.obj (.text:LCD_WriteIndex)
                  00016280    00000040     rtsv7M4_T_le_v4SPD16_eabi.lib : u_divt2.asm.obj (.text)
                  000162c0    0000003e     cpu.obj (.text)
                  000162fe    00000002     --HOLE-- [fill = 0]
                  00016300    00000034     rtsv7M4_T_le_v4SPD16_eabi.lib : boot_cortex_m.c.obj (.text:_c_int00_noargs:_c_int00_noargs)
                  00016334    00000026     demo_sysctl.obj (.text)
                  0001635a    00000020     rtsv7M4_T_le_v4SPD16_eabi.lib : u_tofd_t2.asm.obj (.text)
                  0001637a    00000018                                   : ll_mul_t2.asm.obj (.text)
                  00016392    0000000e     G8RTOS_CriticalSection.obj (.text)
                  000163a0    0000000e     rtsv7M4_T_le_v4SPD16_eabi.lib : copy_decompress_none.c.obj (.text:decompress:none:__TI_decompress_none)
                  000163ae    0000000c                                   : copy_zero_init.c.obj (.text:decompress:ZI:__TI_zero_init)
                  000163ba    0000000c     tm4c123gh6pm_startup_ccs.obj (.text)
                  000163c6    00000006     sysctl.obj (.text:SysCtlDelay)
                  000163cc    00000006     demo_sysctl.obj (.text:SysDelay)
                  000163d2    00000004     rtsv7M4_T_le_v4SPD16_eabi.lib : pre_init.c.obj (.text:_system_pre_init)
                  000163d6    00000004                                   : exit.c.obj (.text:abort:abort)

.const     0    000163dc    00000d0b     
                  000163dc    000005f0     AsciiLib.obj (.const:AsciiLib)
                  000169cc    000001b0     sysctl.obj (.const:g_pppui32XTALtoVCO)
                  00016b7c    000000d8     gpio.obj (.const:g_ppui32GPIOIntMapSnowflake)
                  00016c54    000000c0     gpio.obj (.const:g_ppui32GPIOIntMapBlizzard)
                  00016d14    0000009c     interrupt.obj (.const:g_pui32Regs)
                  00016db0    00000090     gpio.obj (.const:g_pui32GPIOBaseAddrs)
                  00016e40    0000006c     sysctl.obj (.const:g_pui32Xtals)
                  00016eac    00000050     i2c.obj (.const:g_ppui32I2CIntMapSnowflake)
                  00016efc    00000040     uart.obj (.const:g_ppui32UARTIntMap)
                  00016f3c    00000040     uart.obj (.const:g_ppui32UARTIntMapSnowflake)
                  00016f7c    00000030     i2c.obj (.const:g_ppui32I2CIntMap)
                  00016fac    00000030     sysctl.obj (.const:g_sXTALtoMEMTIM)
                  00016fdc    00000020     ssi.obj (.const:g_ppui32SSIIntMap)
                  00016ffc    00000020     ssi.obj (.const:g_ppui32SSIIntMapSnowflake)
                  0001701c    00000020     interrupt.obj (.const:g_pui32Priority)
                  0001703c    00000014     interrupt.obj (.const:g_pui32Dii16Regs)
                  00017050    00000014     interrupt.obj (.const:g_pui32EnRegs)
                  00017064    00000014     interrupt.obj (.const:g_pui32PendRegs)
                  00017078    00000014     interrupt.obj (.const:g_pui32UnpendRegs)
                  0001708c    00000012     uartstdio.obj (.const:.string)
                  0001709e    00000002     --HOLE-- [fill = 0]
                  000170a0    0000000c     uartstdio.obj (.const:g_ui32UARTBase)
                  000170ac    0000000c     uartstdio.obj (.const:g_ui32UARTPeriph)
                  000170b8    0000000c     bmi160.obj (.const:yas532_version_ac_coef)
                  000170c4    00000008     sysctl.obj (.const:g_pui32VCOFrequencies)
                  000170cc    00000008     bmi160.obj (.const:v_calib_data$2)
                  000170d4    00000005     bme280_support.obj (.const:.string:$P$T0$1)
                  000170d9    00000005     bmi160.obj (.const:.string:v_correct_u8$1)
                  000170de    00000002     --HOLE-- [fill = 0]
                  000170e0    00000004     uartstdio.obj (.const)
                  000170e4    00000003     bmi160.obj (.const:.string:INVALID_OFFSET)

.cinit     0    000170e8    00000050     
                  000170e8    00000017     (.cinit..data.load) [load image, compression = lzss]
                  000170ff    00000001     --HOLE-- [fill = 0]
                  00017100    0000000c     (__TI_handler_table)
                  0001710c    00000004     --HOLE-- [fill = 0]
                  00017110    00000008     (.cinit..bss.load) [load image, compression = zero_init]
                  00017118    00000008     (.cinit..vtable.load) [load image, compression = zero_init]
                  00017120    00000018     (__TI_cinit_table)

.init_array 
*          0    00000000    00000000     UNINITIALIZED

.vtable    0    20000000    0000026c     UNINITIALIZED
                  20000000    0000026c     interrupt.obj (.vtable)

.bss       0    2000026c    000061a0     UNINITIALIZED
                  2000026c    00005000     G8RTOS_Scheduler.obj (.bss:threadStacks)
                  2000526c    00000370     G8RTOS_Scheduler.obj (.bss:threadControlBlocks)
                  200055dc    0000036c     (.common:accel_fifo)
                  20005948    0000036c     (.common:gyro_fifo)
                  20005cb4    0000036c     (.common:mag_fifo)
                  20006020    00000150     G8RTOS_IPC.obj (.bss:FIFOs)
                  20006170    000000f0     (.common:balls)
                  20006260    00000090     G8RTOS_Scheduler.obj (.bss:Pthread)
                  200062f0    00000070     bmi160.obj (.bss:yas532_data)
                  20006360    0000003c     (.common:bme280)
                  2000639c    00000014     (.common:s_bmi160)
                  200063b0    00000010     bmi160.obj (.bss:mag_trim)
                  200063c0    0000000c     G8RTOS_Scheduler.obj (.bss)
                  200063cc    00000008     adc.obj (.bss:g_pui8OversampleFactor)
                  200063d4    00000006     (.common:accelxyz)
                  200063da    00000006     (.common:gyroxyz)
                  200063e0    00000004     bme280.obj (.bss)
                  200063e4    00000004     bmi160.obj (.bss)
                  200063e8    00000004     (.common:CurrentlyRunningThread)
                  200063ec    00000004     (.common:IBit_State)
                  200063f0    00000004     (.common:SPI_Bus)
                  200063f4    00000004     (.common:Sensor_I2C)
                  200063f8    00000004     (.common:SystemTime)
                  200063fc    00000004     (.common:tempNextThread)
                  20006400    00000003     bmi160.obj (.bss:akm_asa_data)
                  20006403    00000001     I2CDriver.obj (.bss)
                  20006404    00000002     tmp007.obj (.bss)
                  20006406    00000002     (.common:accelerometerX)
                  20006408    00000002     (.common:accelerometerY)
                  2000640a    00000002     (.common:currentMaxPriority)

.data      0    2000640c    00000415     UNINITIALIZED
                  2000640c    00000400     bmi160.obj (.data:v_fifo_data_u8)
                  2000680c    00000008     bmi160.obj (.data)
                  20006814    00000008     threads.obj (.data)
                  2000681c    00000005     uartstdio.obj (.data)

.stack     0    20006828    00000200     UNINITIALIZED
                  20006828    00000004     rtsv7M4_T_le_v4SPD16_eabi.lib : boot_cortex_m.c.obj (.stack)
                  2000682c    000001fc     --HOLE--

__llvm_prf_cnts 
*          0    20000000    00000000     UNINITIALIZED

MODULE SUMMARY

       Module                         code    ro data   rw data
       ------                         ----    -------   -------
    .\
       threads.obj                    1304    0         12     
       tm4c123gh6pm_startup_ccs.obj   12      620       0      
       main.obj                       148     0         262    
    +--+------------------------------+-------+---------+---------+
       Total:                         1464    620       274    
                                                               
    .\BoardSupport\driverlib\
       sysctl.obj                     3974    596       0      
       gpio.obj                       3092    552       0      
       adc.obj                        2112    0         8      
       i2c.obj                        1784    128       0      
       interrupt.obj                  960     268       620    
       uart.obj                       1582    128       0      
       uartstdio.obj                  1192    46        5      
       ssi.obj                        866     64        0      
       systick.obj                    136     0         0      
       cpu.obj                        62      0         0      
    +--+------------------------------+-------+---------+---------+
       Total:                         15760   1782      633    
                                                               
    .\BoardSupport\src\
       bmi160.obj                     54752   28        3795   
       bme280.obj                     6160    0         4      
       bmi160_support.obj             3296    0         32     
       ILI9341_Lib.obj                2144    0         0      
       AsciiLib.obj                   64      1520      0      
       bme280_support.obj             1032    5         60     
       tmp007.obj                     708     0         2      
       I2CDriver.obj                  444     0         1      
       opt3001.obj                    308     0         0      
       Joystick.obj                   240     0         0      
       BoardInitialization.obj        160     0         0      
       demo_sysctl.obj                44      0         0      
    +--+------------------------------+-------+---------+---------+
       Total:                         69352   1553      3894   
                                                               
    .\G8RTOS_Lab4\
       G8RTOS_Scheduler.obj           2032    0         21520  
       G8RTOS_IPC.obj                 368     0         336    
       G8RTOS_Semaphores.obj          176     0         0      
       G8RTOS_SchedulerASM.obj        64      0         0      
       G8RTOS_CriticalSection.obj     14      0         0      
    +--+------------------------------+-------+---------+---------+
       Total:                         2654    0         21856  
                                                               
    C:\ti\ccs1110\ccs\tools\compiler\ti-cgt-arm_20.2.5.LTS\lib\rtsv7M4_T_le_v4SPD16_eabi.lib
       fd_mul_t2.asm.obj              252     0         0      
       memcpy_t2.asm.obj              156     0         0      
       ull_div_t2.asm.obj             150     0         0      
       memset_t2.asm.obj              122     0         0      
       ll_div_t2.asm.obj              110     0         0      
       copy_decompress_lzss.c.obj     104     0         0      
       fd_toi_t2.asm.obj              72      0         0      
       autoinit.c.obj                 68      0         0      
       u_divt2.asm.obj                64      0         0      
       boot_cortex_m.c.obj            52      0         0      
       u_tofd_t2.asm.obj              32      0         0      
       ll_mul_t2.asm.obj              24      0         0      
       copy_decompress_none.c.obj     14      0         0      
       copy_zero_init.c.obj           12      0         0      
       exit.c.obj                     4       0         0      
       pre_init.c.obj                 4       0         0      
       div0.asm.obj                   2       0         0      
    +--+------------------------------+-------+---------+---------+
       Total:                         1242    0         0      
                                                               
       Stack:                         0       0         512    
       Linker Generated:              0       75        0      
    +--+------------------------------+-------+---------+---------+
       Grand Total:                   90472   4030      27169  


LINKER GENERATED COPY TABLES

__TI_cinit_table @ 00017120 records: 3, size/record: 8, table size: 24
	.data: load addr=000170e8, load size=00000017 bytes, run addr=2000640c, run size=00000415 bytes, compression=lzss
	.bss: load addr=00017110, load size=00000008 bytes, run addr=2000026c, run size=000061a0 bytes, compression=zero_init
	.vtable: load addr=00017118, load size=00000008 bytes, run addr=20000000, run size=0000026c bytes, compression=zero_init


LINKER GENERATED HANDLER TABLE

__TI_handler_table @ 00017100 records: 3, size/record: 4, table size: 12
	index: 0, handler: __TI_zero_init
	index: 1, handler: __TI_decompress_lzss
	index: 2, handler: __TI_decompress_none


GLOBAL SYMBOLS: SORTED ALPHABETICALLY BY Name 

address   name                                                  
-------   ----                                                  
00012081  ADCBusy                                               
000120c9  ADCClockConfigGet                                     
0001209f  ADCClockConfigSet                                     
00011e9b  ADCComparatorConfigure                                
00011f75  ADCComparatorIntClear                                 
00011f21  ADCComparatorIntDisable                               
00011f3f  ADCComparatorIntEnable                                
00011f61  ADCComparatorIntStatus                                
00011eb7  ADCComparatorRegionSet                                
00011edb  ADCComparatorReset                                    
00011e69  ADCHardwareOversampleConfigure                        
00011a0b  ADCIntClear                                           
00011fe9  ADCIntClearEx                                         
00011971  ADCIntDisable                                         
00011f87  ADCIntDisableEx                                       
0001198d  ADCIntEnable                                          
00011f9f  ADCIntEnableEx                                        
0001192b  ADCIntRegister                                        
000119b3  ADCIntStatus                                          
00011fb7  ADCIntStatusEx                                        
00011953  ADCIntUnregister                                      
0001203b  ADCPhaseDelayGet                                      
00012029  ADCPhaseDelaySet                                      
00011c7d  ADCProcessorTrigger                                   
00012017  ADCReferenceGet                                       
00011ffb  ADCReferenceSet                                       
00011a55  ADCSequenceConfigure                                  
00012065  ADCSequenceDMADisable                                 
00012049  ADCSequenceDMAEnable                                  
00011c3b  ADCSequenceDataGet                                    
00011a3b  ADCSequenceDisable                                    
00011a21  ADCSequenceEnable                                     
00011bdf  ADCSequenceOverflow                                   
00011bf7  ADCSequenceOverflowClear                              
00011af1  ADCSequenceStepConfigure                              
00011c0d  ADCSequenceUnderflow                                  
00011c25  ADCSequenceUnderflowClear                             
00011ca1  ADCSoftwareOversampleConfigure                        
00011dd5  ADCSoftwareOversampleDataGet                          
00011cf3  ADCSoftwareOversampleStepConfigure                    
000148d3  BME280_I2C_bus_read                                   
00014895  BME280_I2C_bus_write                                  
00014a15  BME280_SPI_bus_read                                   
00014a7b  BME280_SPI_bus_write                                  
00014aeb  BME280_delay_msek                                     
00013f9d  BallThread                                            
000163d7  C$$EXIT                                               
000162f5  CPUbasepriGet                                         
000162e7  CPUbasepriSet                                         
000162c1  CPUcpsid                                              
000162d7  CPUcpsie                                              
000162cd  CPUprimask                                            
000162e3  CPUwfi                                                
000155db  ContinueTransmission                                  
200063e8  CurrentlyRunningThread                                
00016335  DelayMs                                               
00015aef  Disable_Joystick_Interrupt                            
0001639b  EndCriticalSection                                    
0001567b  EndReceive                                            
00015601  EndTransmission                                       
000125f9  G8RTOS_AddAPeriodicEvent                              
00012509  G8RTOS_AddPeriodicEvent                               
00012349  G8RTOS_AddThread                                      
000126a7  G8RTOS_GetThreadId                                    
00012259  G8RTOS_Init                                           
000156cd  G8RTOS_InitFIFO                                       
00015b5d  G8RTOS_InitSemaphore                                  
0001286d  G8RTOS_KillAllThreads                                 
000127c9  G8RTOS_KillSelf                                       
000126c1  G8RTOS_KillThread                                     
000122ad  G8RTOS_Launch                                         
00012121  G8RTOS_Scheduler                                      
00015bbb  G8RTOS_SignalSemaphore                                
00016205  G8RTOS_Start                                          
00015b7b  G8RTOS_WaitSemaphore                                  
00011881  GPIOADCTriggerDisable                                 
00011863  GPIOADCTriggerEnable                                  
00011845  GPIODMATriggerDisable                                 
00011827  GPIODMATriggerEnable                                  
00010d77  GPIODirModeGet                                        
00010d1b  GPIODirModeSet                                        
00011331  GPIOIntClear                                          
000112f5  GPIOIntDisable                                        
000112d1  GPIOIntEnable                                         
00011345  GPIOIntRegister                                       
0001137d  GPIOIntRegisterPin                                    
0001130f  GPIOIntStatus                                         
00010e67  GPIOIntTypeGet                                        
00010dc3  GPIOIntTypeSet                                        
00011363  GPIOIntUnregister                                     
000113ab  GPIOIntUnregisterPin                                  
0001115f  GPIOPadConfigGet                                      
00010ef1  GPIOPadConfigSet                                      
000117c9  GPIOPinConfigure                                      
000113cf  GPIOPinRead                                           
00011407  GPIOPinTypeADC                                        
0001142b  GPIOPinTypeCAN                                        
0001144f  GPIOPinTypeComparator                                 
00011473  GPIOPinTypeComparatorOutput                           
00011497  GPIOPinTypeDIVSCLK                                    
000114bb  GPIOPinTypeEPI                                        
000114df  GPIOPinTypeEthernetLED                                
00011503  GPIOPinTypeEthernetMII                                
00011527  GPIOPinTypeGPIOInput                                  
0001154b  GPIOPinTypeGPIOOutput                                 
00011575  GPIOPinTypeGPIOOutputOD                               
00011599  GPIOPinTypeHibernateRTCCLK                            
000115bd  GPIOPinTypeI2C                                        
000115e1  GPIOPinTypeI2CSCL                                     
00011605  GPIOPinTypeLCD                                        
00011629  GPIOPinTypeOneWire                                    
0001164d  GPIOPinTypePWM                                        
00011671  GPIOPinTypeQEI                                        
00011695  GPIOPinTypeSSI                                        
000116b9  GPIOPinTypeTimer                                      
000116dd  GPIOPinTypeTrace                                      
00011701  GPIOPinTypeUART                                       
00011725  GPIOPinTypeUSBAnalog                                  
00011749  GPIOPinTypeUSBDigital                                 
0001176d  GPIOPinTypeWakeHigh                                   
00011793  GPIOPinTypeWakeLow                                    
000117b9  GPIOPinWakeStatus                                     
000113e7  GPIOPinWrite                                          
0001189f  GPIOUnlockPin                                         
000161c1  GetASCIICode                                          
00015b03  GetJoystickCoordinates                                
0001285d  GetNumberOfThreads                                    
0001362f  I2CFIFODataGet                                        
00013649  I2CFIFODataGetNonBlocking                             
000135e5  I2CFIFODataPut                                        
00013607  I2CFIFODataPutNonBlocking                             
000135d5  I2CFIFOStatus                                         
000131c9  I2CIntRegister                                        
000131e7  I2CIntUnregister                                      
0001370b  I2CLoopbackEnable                                     
00013685  I2CMasterBurstCountGet                                
0001366f  I2CMasterBurstLengthSet                               
0001342d  I2CMasterBusBusy                                      
00013415  I2CMasterBusy                                         
00013445  I2CMasterControl                                      
00013499  I2CMasterDataGet                                      
00013483  I2CMasterDataPut                                      
00013195  I2CMasterDisable                                      
00013161  I2CMasterEnable                                       
00013457  I2CMasterErr                                          
00013693  I2CMasterGlitchFilterConfigSet                        
00013097  I2CMasterInitExpClk                                   
0001338f  I2CMasterIntClear                                     
000133ad  I2CMasterIntClearEx                                   
0001325b  I2CMasterIntDisable                                   
0001326b  I2CMasterIntDisableEx                                 
00013201  I2CMasterIntEnable                                    
00013211  I2CMasterIntEnableEx                                  
000132b5  I2CMasterIntStatus                                    
000132f9  I2CMasterIntStatusEx                                  
00013407  I2CMasterLineStateGet                                 
000133e5  I2CMasterSlaveAddrSet                                 
000134a7  I2CMasterTimeoutSet                                   
00013595  I2CRxFIFOConfigSet                                    
000135bd  I2CRxFIFOFlush                                        
000134b9  I2CSlaveACKOverride                                   
000134eb  I2CSlaveACKValueSet                                   
00013123  I2CSlaveAddressSet                                    
00013545  I2CSlaveDataGet                                       
0001352d  I2CSlaveDataPut                                       
000131ab  I2CSlaveDisable                                       
00013177  I2CSlaveEnable                                        
000136f9  I2CSlaveFIFODisable                                   
000136e1  I2CSlaveFIFOEnable                                    
00013109  I2CSlaveInit                                          
000133bf  I2CSlaveIntClear                                      
000133d1  I2CSlaveIntClearEx                                    
00013283  I2CSlaveIntDisable                                    
0001329b  I2CSlaveIntDisableEx                                  
00013229  I2CSlaveIntEnable                                     
00013241  I2CSlaveIntEnableEx                                   
00013325  I2CSlaveIntStatus                                     
0001336d  I2CSlaveIntStatusEx                                   
0001351d  I2CSlaveStatus                                        
00013555  I2CTxFIFOConfigSet                                    
0001357d  I2CTxFIFOFlush                                        
00014863  I2C_routine                                           
200063ec  IBit_State                                            
00013d61  Idle                                                  
00015ced  InitializeBoard                                       
00015511  InitializeLEDI2C                                      
0001555d  InitializeSensorI2C                                   
00014ce9  IntDisable                                            
00014c77  IntEnable                                             
00014d5b  IntIsEnabled                                          
00014b3b  IntMasterDisable                                      
00014b2b  IntMasterEnable                                       
00014e51  IntPendClear                                          
00014de1  IntPendSet                                            
00014c53  IntPriorityGet                                        
00014bcb  IntPriorityGroupingGet                                
00014bb1  IntPriorityGroupingSet                                
00014eab  IntPriorityMaskGet                                    
00014e9f  IntPriorityMaskSet                                    
00014c03  IntPrioritySet                                        
00014b4b  IntRegister                                           
00014eb3  IntTrigger                                            
00014b9d  IntUnregister                                         
00015a6d  Joystick_Init_Without_Interrupt                       
00015ab9  Joystick_Push_Button_Init_With_Interrupt              
20006814  LCDFlag                                               
00012de3  LCD_Clear                                             
00012e49  LCD_DrawRectangle                                     
00012ac1  LCD_Init                                              
00012dc7  LCD_PushColor                                         
00012d55  LCD_SetAddress                                        
00012a8d  LCD_SetPoint                                          
00012a17  LCD_Text                                              
00016139  LCD_WriteData                                         
00016241  LCD_WriteIndex                                        
00013db5  LCDtap                                                
00016213  PendSV_Handler                                        
00015b31  PortEIntHandler                                       
00015c0d  PutChar                                               
00013d7b  ReadAccelerometer                                     
000163bb  ResetISR                                              
200063f0  SPI_Bus                                               
0001487f  SPI_routine                                           
000151a1  SSIAdvDataPutFrameEnd                                 
000151c7  SSIAdvDataPutFrameEndNonBlocking                      
00015209  SSIAdvFrameHoldDisable                                
000151f3  SSIAdvFrameHoldEnable                                 
0001516f  SSIAdvModeSet                                         
0001512d  SSIBusy                                               
0001515f  SSIClockSourceGet                                     
0001514b  SSIClockSourceSet                                     
00014f47  SSIConfigSetExpClk                                    
00015115  SSIDMADisable                                         
000150fd  SSIDMAEnable                                          
000150bf  SSIDataGet                                            
000150db  SSIDataGetNonBlocking                                 
00015085  SSIDataPut                                            
0001509f  SSIDataPutNonBlocking                                 
00014fd7  SSIDisable                                            
00014fc1  SSIEnable                                             
00015073  SSIIntClear                                           
0001503d  SSIIntDisable                                         
00015025  SSIIntEnable                                          
00014fed  SSIIntRegister                                        
00015055  SSIIntStatus                                          
0001500b  SSIIntUnregister                                      
00015235  SSILoopbackDisable                                    
0001521f  SSILoopbackEnable                                     
200063f4  Sensor_I2C                                            
0001559f  SetSlaveAddress                                       
0001560f  SignalMasterReceive                                   
00016393  StartCriticalSection                                  
0001564b  StartReceive                                          
000155b5  StartTransmission                                     
0000ff99  SysCtlAltClkConfig                                    
0000f6c1  SysCtlClockFreqSet                                    
0000fb89  SysCtlClockGet                                        
0000ff7d  SysCtlClockOutConfig                                  
0000f9b9  SysCtlClockSet                                        
0000f5c5  SysCtlDeepSleep                                       
0000fd4d  SysCtlDeepSleepClockConfigSet                         
0000fd2f  SysCtlDeepSleepClockSet                               
0000f5a5  SysCtlDeepSleepPowerSet                               
000163c7  SysCtlDelay                                           
0000f153  SysCtlFlashSectorSizeGet                              
0000f127  SysCtlFlashSizeGet                                    
0000fe23  SysCtlGPIOAHBDisable                                  
0000fe07  SysCtlGPIOAHBEnable                                   
0000f539  SysCtlIntClear                                        
0000f521  SysCtlIntDisable                                      
0000f50d  SysCtlIntEnable                                       
0000f4e5  SysCtlIntRegister                                     
0000f549  SysCtlIntStatus                                       
0000f4fd  SysCtlIntUnregister                                   
0000f58b  SysCtlLDODeepSleepGet                                 
0000f57b  SysCtlLDODeepSleepSet                                 
0000f575  SysCtlLDOSleepGet                                     
0000f565  SysCtlLDOSleepSet                                     
0000f5fb  SysCtlMOSCConfigSet                                   
0000ff61  SysCtlNMIClear                                        
0000ff4d  SysCtlNMIStatus                                       
0000f611  SysCtlPIOSCCalibrate                                  
0000fdf1  SysCtlPWMClockGet                                     
0000fdd7  SysCtlPWMClockSet                                     
0000f491  SysCtlPeripheralClockGating                           
0000f449  SysCtlPeripheralDeepSleepDisable                      
0000f3f9  SysCtlPeripheralDeepSleepEnable                       
0000f335  SysCtlPeripheralDisable                               
0000f2f9  SysCtlPeripheralEnable                                
0000f235  SysCtlPeripheralPowerOff                              
0000f1f9  SysCtlPeripheralPowerOn                               
0000f179  SysCtlPeripheralPresent                               
0000f1b9  SysCtlPeripheralReady                                 
0000f271  SysCtlPeripheralReset                                 
0000f3bd  SysCtlPeripheralSleepDisable                          
0000f379  SysCtlPeripheralSleepEnable                           
0000f5b5  SysCtlReset                                           
0000f671  SysCtlResetBehaviorGet                                
0000f661  SysCtlResetBehaviorSet                                
0000f5e7  SysCtlResetCauseClear                                 
0000f5e1  SysCtlResetCauseGet                                   
0000f11d  SysCtlSRAMSizeGet                                     
0000f5bd  SysCtlSleep                                           
0000f591  SysCtlSleepPowerSet                                   
0000fe4b  SysCtlUSBPLLDisable                                   
0000fe3f  SysCtlUSBPLLEnable                                    
0000fe91  SysCtlVCOGet                                          
0000fe79  SysCtlVoltageEventClear                               
0000fe5d  SysCtlVoltageEventConfig                              
0000fe6d  SysCtlVoltageEventStatus                              
000163cd  SysDelay                                              
00015f25  SysTickDisable                                        
00015f19  SysTickEnable                                         
00015f69  SysTickIntDisable                                     
00015f5d  SysTickIntEnable                                      
00015f31  SysTickIntRegister                                    
00015f49  SysTickIntUnregister                                  
00015f87  SysTickPeriodGet                                      
00015f75  SysTickPeriodSet                                      
00015f8f  SysTickValueGet                                       
0001219d  SysTick_Handler                                       
200063f8  SystemTime                                            
00012f1f  TP_ReadXY                                             
00013d01  UART9BitAddrSend                                      
00013cdb  UART9BitAddrSet                                       
00013cc5  UART9BitDisable                                       
00013caf  UART9BitEnable                                        
00013b53  UARTBreakCtl                                          
00013b7d  UARTBusy                                              
00013afb  UARTCharGet                                           
00013adf  UARTCharGetNonBlocking                                
00013b35  UARTCharPut                                           
00013b11  UARTCharPutNonBlocking                                
00013aa3  UARTCharsAvail                                        
00013c9f  UARTClockSourceGet                                    
00013c8b  UARTClockSourceSet                                    
00013873  UARTConfigGetExpClk                                   
000137fd  UARTConfigSetExpClk                                   
00013c51  UARTDMADisable                                        
00013c39  UARTDMAEnable                                         
000138e3  UARTDisable                                           
00013967  UARTDisableSIR                                        
000138bf  UARTEnable                                            
00013939  UARTEnableSIR                                         
00013923  UARTFIFODisable                                       
0001390d  UARTFIFOEnable                                        
000137d5  UARTFIFOLevelGet                                      
000137bd  UARTFIFOLevelSet                                      
00013a63  UARTFlowControlGet                                    
00013a47  UARTFlowControlSet                                    
00013c27  UARTIntClear                                          
00013bf1  UARTIntDisable                                        
00013bd9  UARTIntEnable                                         
00013b9b  UARTIntRegister                                       
00013c09  UARTIntStatus                                         
00013bb9  UARTIntUnregister                                     
00013d49  UARTLoopbackEnable                                    
000139fd  UARTModemControlClear                                 
00013a21  UARTModemControlGet                                   
000139c5  UARTModemControlSet                                   
00013a33  UARTModemStatusGet                                    
000137ab  UARTParityModeGet                                     
0001378f  UARTParityModeSet                                     
00013c7b  UARTRxErrorClear                                      
00013c69  UARTRxErrorGet                                        
000139af  UARTSmartCardDisable                                  
0001397d  UARTSmartCardEnable                                   
00013ac1  UARTSpaceAvail                                        
00014279  UARTStdioConfig                                       
00013a91  UARTTxIntModeGet                                      
00013a75  UARTTxIntModeSet                                      
000143c9  UARTgetc                                              
0001430f  UARTgets                                              
000146eb  UARTprintf                                            
000143f1  UARTvprintf                                           
000142bf  UARTwrite                                             
2000680c  V_bmm150_maual_auto_condition_u8                      
20006810  V_fifo_time_U32                                       
00013dcd  WaitForTap                                            
20006a28  __STACK_END                                           
00000200  __STACK_SIZE                                          
20006a28  __STACK_TOP                                           
00017120  __TI_CINIT_Base                                       
00017138  __TI_CINIT_Limit                                      
00017100  __TI_Handler_Table_Base                               
0001710c  __TI_Handler_Table_Limit                              
0001617d  __TI_auto_init_nobinit_nopinit                        
00016089  __TI_decompress_lzss                                  
000163a1  __TI_decompress_none                                  
ffffffff  __TI_pprof_out_hndl                                   
ffffffff  __TI_prof_data_size                                   
ffffffff  __TI_prof_data_start                                  
00000000  __TI_static_base__                                    
000163af  __TI_zero_init                                        
000160f1  __aeabi_d2iz                                          
00015971  __aeabi_dmul                                          
00013d5f  __aeabi_idiv0                                         
00013d5f  __aeabi_ldiv0                                         
0001601b  __aeabi_ldivmod                                       
0001637b  __aeabi_lmul                                          
00015fa1  __aeabi_memclr                                        
00015fa1  __aeabi_memclr4                                       
00015fa1  __aeabi_memclr8                                       
00015d51  __aeabi_memcpy                                        
00015d51  __aeabi_memcpy4                                       
00015d51  __aeabi_memcpy8                                       
00015fa3  __aeabi_memset                                        
00015fa3  __aeabi_memset4                                       
00015fa3  __aeabi_memset8                                       
0001635b  __aeabi_ui2d                                          
00016281  __aeabi_uidiv                                         
00016281  __aeabi_uidivmod                                      
00015ded  __aeabi_uldivmod                                      
ffffffff  __binit__                                             
ffffffff  __c_args__                                            
UNDEFED   __mpu_init                                            
20006828  __stack                                               
20000000  __start___llvm_prf_cnts                               
20000000  __stop___llvm_prf_cnts                                
00016301  _c_int00_noargs                                       
UNDEFED   _system_post_cinit                                    
000163d3  _system_pre_init                                      
000163d7  abort                                                 
200055dc  accel_fifo                                            
20006406  accelerometerX                                        
20006408  accelerometerY                                        
200063d4  accelxyz                                              
20006815  ballSize                                              
20006170  balls                                                 
ffffffff  binit                                                 
20006360  bme280                                                
0000db8b  bme280_compensate_humidity_int32                      
0000dc41  bme280_compensate_humidity_int32_sixteen_bit_output   
0000da05  bme280_compensate_pressure_int32                      
0000edc9  bme280_compensate_pressure_int64                      
0000efcb  bme280_compensate_pressure_int64_twentyfour_bit_output
0000d903  bme280_compensate_temperature_int32                   
0000d97b  bme280_compensate_temperature_int32_sixteen_bit_output
0000efe5  bme280_compute_wait_time                              
00014721  bme280_data_readout_template                          
0000dd5b  bme280_get_calib_param                                
0000e81b  bme280_get_filter                                     
0000eb7f  bme280_get_forced_uncomp_pressure_temperature_humidity
0000e277  bme280_get_oversamp_humidity                          
0000e0bf  bme280_get_oversamp_pressure                          
0000defd  bme280_get_oversamp_temperature                       
0000e465  bme280_get_power_mode                                 
0000e66d  bme280_get_spi3                                       
0000e9cf  bme280_get_standby_durn                               
0000d84d  bme280_init                                           
0001480d  bme280_initialize_sensor                              
0000dcfb  bme280_read_pressure_temperature_humidity             
0000ed83  bme280_read_register                                  
0000db35  bme280_read_uncomp_humidity                           
0000d9a5  bme280_read_uncomp_pressure                           
0000dc69  bme280_read_uncomp_pressure_temperature_humidity      
0000d8a3  bme280_read_uncomp_temperature                        
0000e86b  bme280_set_filter                                     
0000e2d1  bme280_set_oversamp_humidity                          
0000e11b  bme280_set_oversamp_pressure                          
0000df59  bme280_set_oversamp_temperature                       
0000e4b3  bme280_set_power_mode                                 
0000e62d  bme280_set_soft_rst                                   
0000e6bb  bme280_set_spi3                                       
0000ea1f  bme280_set_standby_durn                               
0000ed3d  bme280_write_register                                 
00007699  bmi160_accel_foc_trigger_xyz                          
0000ad99  bmi160_bmm150_mag_compensate_X                        
0000ae43  bmi160_bmm150_mag_compensate_Y                        
0000aeed  bmi160_bmm150_mag_compensate_Z                        
0000ad3d  bmi160_bmm150_mag_compensate_xyz                      
0000af8d  bmi160_bmm150_mag_interface_init                      
0000b42f  bmi160_bmm150_mag_set_power_mode                      
0000b239  bmi160_bmm150_mag_wakeup                              
0000c195  bmi160_bst_akm_compensate_X                           
0000c1c7  bmi160_bst_akm_compensate_Y                           
0000c1f9  bmi160_bst_akm_compensate_Z                           
0000c22b  bmi160_bst_akm_compensate_xyz                         
0000bd8d  bmi160_bst_akm_mag_interface_init                     
0000c279  bmi160_bst_akm_set_powermode                          
0000cc29  bmi160_bst_yamaha_yas532_calib_values                 
0000c603  bmi160_bst_yamaha_yas532_mag_interface_init           
0000d669  bmi160_bst_yas532_acquisition_command_register        
0000ca99  bmi160_bst_yas532_magnetic_measure_set_offset         
0000d1f1  bmi160_bst_yas532_measurement_xyz_data                
0000d07d  bmi160_bst_yas532_normal_measurement_data             
0000c939  bmi160_bst_yas532_set_initial_values                  
0000d72d  bmi160_bst_yas532_set_offset                          
0000cfe1  bmi160_bst_yas532_xy1y2_to_linear                     
00009749  bmi160_clear_step_counter                             
00010019  bmi160_config_running_mode                            
00010c85  bmi160_delay_ms                                       
0000198d  bmi160_fifo_data                                      
0000192d  bmi160_fifo_length                                    
00001aa5  bmi160_get_accel_bw                                   
00000fa9  bmi160_get_accel_data_rdy                             
0000237f  bmi160_get_accel_fifo_filter_data                     
00008833  bmi160_get_accel_offset_compensation_xaxis            
00008919  bmi160_get_accel_offset_compensation_yaxis            
00008a03  bmi160_get_accel_offset_compensation_zaxis            
00009063  bmi160_get_accel_offset_enable                        
000019c7  bmi160_get_accel_output_data_rate                     
00000609  bmi160_get_accel_power_mode_stat                      
00001c61  bmi160_get_accel_range                                
00008425  bmi160_get_accel_selftest_amp                         
0000826f  bmi160_get_accel_selftest_axis                        
00008347  bmi160_get_accel_selftest_sign                        
00001b87  bmi160_get_accel_under_sampling_parameter             
00000f0d  bmi160_get_data_rdy_mag                               
0000043d  bmi160_get_drop_cmd_err                               
000003a1  bmi160_get_err_code                                   
000004d9  bmi160_get_error_status                               
00000355  bmi160_get_fatal_err                                  
00002a2d  bmi160_get_fifo_accel_enable                          
000022b7  bmi160_get_fifo_down_accel                            
0000210f  bmi160_get_fifo_down_gyro                             
00002b0d  bmi160_get_fifo_gyro_enable                           
00002879  bmi160_get_fifo_header_enable                         
00002953  bmi160_get_fifo_mag_enable                            
000024e7  bmi160_get_fifo_stop_on_full                          
00002787  bmi160_get_fifo_tag_intr1_enable                      
00002699  bmi160_get_fifo_tag_intr2_enable                      
000025bf  bmi160_get_fifo_time_enable                           
00002459  bmi160_get_fifo_wm                                    
00007263  bmi160_get_foc_accel_x                                
00007189  bmi160_get_foc_accel_y                                
000070c3  bmi160_get_foc_accel_z                                
000078e3  bmi160_get_foc_gyro_enable                            
00000e6d  bmi160_get_foc_rdy                                    
00001e6d  bmi160_get_gyro_bw                                    
00000f5b  bmi160_get_gyro_data_rdy                              
000021dd  bmi160_get_gyro_fifo_filter_data                      
00008ae9  bmi160_get_gyro_offset_compensation_xaxis             
00008cb9  bmi160_get_gyro_offset_compensation_yaxis             
00008e91  bmi160_get_gyro_offset_compensation_zaxis             
00009133  bmi160_get_gyro_offset_enable                         
00001d51  bmi160_get_gyro_output_data_rate                      
000005bb  bmi160_get_gyro_power_mode_stat                       
00001f47  bmi160_get_gyro_range                                 
00000dd1  bmi160_get_gyro_selftest                              
000084ff  bmi160_get_gyro_selftest_start                        
000080bb  bmi160_get_gyro_sleep_state                           
00007f03  bmi160_get_gyro_sleep_trigger                         
00008195  bmi160_get_gyro_wakeup_intr                           
00007fdb  bmi160_get_gyro_wakeup_trigger                        
00002be7  bmi160_get_i2c_device_addr                            
000003ef  bmi160_get_i2c_fail_err                               
00007d4f  bmi160_get_i2c_wdt_enable                             
00007c6f  bmi160_get_i2c_wdt_select                             
00007e29  bmi160_get_if_mode                                    
0000437b  bmi160_get_input_enable                               
00004875  bmi160_get_intr_any_motion                            
00005f47  bmi160_get_intr_any_motion_durn                       
000060db  bmi160_get_intr_any_motion_thres                      
000056a1  bmi160_get_intr_data_rdy                              
00004bb9  bmi160_get_intr_double_tap                            
00003c6d  bmi160_get_intr_edge_ctrl                             
000030ab  bmi160_get_intr_enable_0                              
0000351b  bmi160_get_intr_enable_1                              
00003983  bmi160_get_intr_enable_2                              
00005385  bmi160_get_intr_fifo_full                             
00005511  bmi160_get_intr_fifo_wm                               
00005069  bmi160_get_intr_flat                                  
00006f0b  bmi160_get_intr_flat_hold                             
00006feb  bmi160_get_intr_flat_hyst                             
00006e33  bmi160_get_intr_flat_theta                            
000046e9  bmi160_get_intr_high_g                                
00005e3b  bmi160_get_intr_high_g_durn                           
00005d73  bmi160_get_intr_high_g_hyst                           
00005ec1  bmi160_get_intr_high_g_thres                          
00003df5  bmi160_get_intr_level                                 
00004507  bmi160_get_intr_low_g                                 
00005abf  bmi160_get_intr_low_g_durn                            
00005bcb  bmi160_get_intr_low_g_hyst                            
00005c99  bmi160_get_intr_low_g_mode                            
00005b45  bmi160_get_intr_low_g_thres                           
00005907  bmi160_get_intr_low_high_source                       
000059e5  bmi160_get_intr_motion_source                         
00004a2d  bmi160_get_intr_nomotion                              
00004ed7  bmi160_get_intr_orient                                
00006d59  bmi160_get_intr_orient_axes_enable                    
00006a01  bmi160_get_intr_orient_blocking                       
00006adb  bmi160_get_intr_orient_hyst                           
00006923  bmi160_get_intr_orient_mode                           
00006ba3  bmi160_get_intr_orient_theta                          
00006c7b  bmi160_get_intr_orient_ud_enable                      
00003f87  bmi160_get_intr_output_type                           
000051f5  bmi160_get_intr_pmu_trig                              
00006479  bmi160_get_intr_significant_motion_proof              
000062c5  bmi160_get_intr_significant_motion_select             
0000639f  bmi160_get_intr_significant_motion_skip               
00004d4b  bmi160_get_intr_single_tap                            
00006013  bmi160_get_intr_slow_no_motion_durn                   
000061e7  bmi160_get_intr_slow_no_motion_select                 
00006161  bmi160_get_intr_slow_no_motion_thres                  
00006553  bmi160_get_intr_tap_durn                              
00006783  bmi160_get_intr_tap_quiet                             
000066a9  bmi160_get_intr_tap_shock                             
0000582d  bmi160_get_intr_tap_source                            
0000685d  bmi160_get_intr_tap_thres                             
000042a3  bmi160_get_latch_intr                                 
00002caf  bmi160_get_mag_burst                                  
0000048b  bmi160_get_mag_dada_rdy_err                           
00002e41  bmi160_get_mag_manual_enable                          
00000e1f  bmi160_get_mag_manual_operation_stat                  
00002d75  bmi160_get_mag_offset                                 
0000201f  bmi160_get_mag_output_data_rate                       
00000569  bmi160_get_mag_power_mode_stat                        
00002f19  bmi160_get_mag_read_addr                              
00002f9f  bmi160_get_mag_write_addr                             
00003025  bmi160_get_mag_write_data                             
0000876b  bmi160_get_nvm_counter                                
00007abd  bmi160_get_nvm_prog_enable                            
00000ebb  bmi160_get_nvm_rdy                                    
00004113  bmi160_get_output_enable                              
00009889  bmi160_get_paging_enable                              
0000d833  bmi160_get_ptr                                        
00009963  bmi160_get_pullup_configuration                       
00000d75  bmi160_get_sensor_time                                
0000869f  bmi160_get_spare0_trim                                
00007b97  bmi160_get_spi3                                       
000085d9  bmi160_get_spi_enable                                 
00001091  bmi160_get_stat0_any_motion_intr                      
0000112d  bmi160_get_stat0_double_tap_intr                      
0000121d  bmi160_get_stat0_flat_intr                            
000011c9  bmi160_get_stat0_orient_intr                          
000010df  bmi160_get_stat0_pmu_trigger_intr                     
00001043  bmi160_get_stat0_significant_intr                     
0000117b  bmi160_get_stat0_single_tap_intr                      
00000ff7  bmi160_get_stat0_step_intr                            
00001307  bmi160_get_stat1_data_rdy_intr                        
00001355  bmi160_get_stat1_fifo_full_intr                       
000013a3  bmi160_get_stat1_fifo_wm_intr                         
0000126b  bmi160_get_stat1_high_g_intr                          
000012b9  bmi160_get_stat1_low_g_intr                           
000013f1  bmi160_get_stat1_nomotion_intr                        
0000143f  bmi160_get_stat2_any_motion_first_x                   
0000148b  bmi160_get_stat2_any_motion_first_y                   
000014d9  bmi160_get_stat2_any_motion_first_z                   
0000152d  bmi160_get_stat2_any_motion_sign                      
0000157b  bmi160_get_stat2_tap_first_x                          
000015c9  bmi160_get_stat2_tap_first_y                          
00001617  bmi160_get_stat2_tap_first_z                          
00001665  bmi160_get_stat2_tap_sign                             
0000188b  bmi160_get_stat3_flat                                 
000016b3  bmi160_get_stat3_high_g_first_x                       
000016ff  bmi160_get_stat3_high_g_first_y                       
0000174d  bmi160_get_stat3_high_g_first_z                       
0000179b  bmi160_get_stat3_high_g_sign                          
000017e9  bmi160_get_stat3_orient_xy                            
0000183d  bmi160_get_stat3_orient_z                             
0000924f  bmi160_get_step_config                                
00009421  bmi160_get_step_counter_enable                        
00003b9d  bmi160_get_step_detector_enable                       
000097af  bmi160_get_target_page                                
000018d9  bmi160_get_temp                                       
00010bef  bmi160_i2c_burst_read                                 
00010ae1  bmi160_i2c_bus_read                                   
00010c0b  bmi160_i2c_bus_write                                  
0000026d  bmi160_init                                           
0000ffdd  bmi160_initialize_sensor                              
00010a21  bmi160_interrupt_configuration                        
00009579  bmi160_map_significant_motion_intr                    
00009661  bmi160_map_step_detector_intr                         
00000c05  bmi160_read_accel_x                                   
00000d01  bmi160_read_accel_xyz                                 
00000c59  bmi160_read_accel_y                                   
00000cad  bmi160_read_accel_z                                   
0000b8e9  bmi160_read_bmm150_mag_trim                           
0000c0ad  bmi160_read_bst_akm_sensitivity_data                  
00009a41  bmi160_read_fifo_header_data                          
0000a411  bmi160_read_fifo_headerless_mode                      
00000a91  bmi160_read_gyro_x                                    
00000b8d  bmi160_read_gyro_xyz                                  
00000ae5  bmi160_read_gyro_y                                    
00000b39  bmi160_read_gyro_z                                    
00000861  bmi160_read_mag_r                                     
00000657  bmi160_read_mag_x                                     
000008cb  bmi160_read_mag_xyz                                   
000009d5  bmi160_read_mag_xyzr                                  
00000705  bmi160_read_mag_y                                     
000007b3  bmi160_read_mag_z                                     
00000311  bmi160_read_reg                                       
000091fb  bmi160_read_step_count                                
00001af3  bmi160_set_accel_bw                                   
000023cd  bmi160_set_accel_fifo_filter_data                     
00007341  bmi160_set_accel_foc_trigger                          
0000887f  bmi160_set_accel_offset_compensation_xaxis            
00008965  bmi160_set_accel_offset_compensation_yaxis            
00008a4f  bmi160_set_accel_offset_compensation_zaxis            
000090b1  bmi160_set_accel_offset_enable                        
00001a13  bmi160_set_accel_output_data_rate                     
00001cad  bmi160_set_accel_range                                
00008473  bmi160_set_accel_selftest_amp                         
000082bb  bmi160_set_accel_selftest_axis                        
00008399  bmi160_set_accel_selftest_sign                        
00001bd5  bmi160_set_accel_under_sampling_parameter             
0000b309  bmi160_set_bmm150_mag_and_secondary_if_power_mode     
0000b58d  bmi160_set_bmm150_mag_presetmode                      
0000c49d  bmi160_set_bst_akm_and_secondary_if_powermode         
00009775  bmi160_set_command_register                           
00002a7b  bmi160_set_fifo_accel_enable                          
00002305  bmi160_set_fifo_down_accel                            
0000215b  bmi160_set_fifo_down_gyro                             
00002b5b  bmi160_set_fifo_gyro_enable                           
000028c7  bmi160_set_fifo_header_enable                         
000029a1  bmi160_set_fifo_mag_enable                            
00002533  bmi160_set_fifo_stop_on_full                          
000027d9  bmi160_set_fifo_tag_intr1_enable                      
000026e7  bmi160_set_fifo_tag_intr2_enable                      
0000260d  bmi160_set_fifo_time_enable                           
000024ad  bmi160_set_fifo_wm                                    
000072b1  bmi160_set_foc_accel_x                                
000071d7  bmi160_set_foc_accel_y                                
0000710f  bmi160_set_foc_accel_z                                
00007931  bmi160_set_foc_gyro_enable                            
00001ebb  bmi160_set_gyro_bw                                    
0000222b  bmi160_set_gyro_fifo_filter_data                      
00008b9d  bmi160_set_gyro_offset_compensation_xaxis             
00008d75  bmi160_set_gyro_offset_compensation_yaxis             
00008f47  bmi160_set_gyro_offset_compensation_zaxis             
00009181  bmi160_set_gyro_offset_enable                         
00001d9d  bmi160_set_gyro_output_data_rate                      
00001f93  bmi160_set_gyro_range                                 
0000854d  bmi160_set_gyro_selftest_start                        
00008109  bmi160_set_gyro_sleep_state                           
00007f4f  bmi160_set_gyro_sleep_trigger                         
000081e3  bmi160_set_gyro_wakeup_intr                           
00008029  bmi160_set_gyro_wakeup_trigger                        
00002c35  bmi160_set_i2c_device_addr                            
00007d9d  bmi160_set_i2c_wdt_enable                             
00007cbd  bmi160_set_i2c_wdt_select                             
00007e77  bmi160_set_if_mode                                    
00004415  bmi160_set_input_enable                               
0000490f  bmi160_set_intr_any_motion                            
00005f93  bmi160_set_intr_any_motion_durn                       
00006127  bmi160_set_intr_any_motion_thres                      
0000573b  bmi160_set_intr_data_rdy                              
00004c53  bmi160_set_intr_double_tap                            
00003d03  bmi160_set_intr_edge_ctrl                             
00003241  bmi160_set_intr_enable_0                              
000036a9  bmi160_set_intr_enable_1                              
00003a4b  bmi160_set_intr_enable_2                              
0000541f  bmi160_set_intr_fifo_full                             
000055ab  bmi160_set_intr_fifo_wm                               
00005103  bmi160_set_intr_flat                                  
00006f59  bmi160_set_intr_flat_hold                             
00007037  bmi160_set_intr_flat_hyst                             
00006e7f  bmi160_set_intr_flat_theta                            
00004783  bmi160_set_intr_high_g                                
00005e87  bmi160_set_intr_high_g_durn                           
00005dc1  bmi160_set_intr_high_g_hyst                           
00005f0d  bmi160_set_intr_high_g_thres                          
00003e8f  bmi160_set_intr_level                                 
0000459b  bmi160_set_intr_low_g                                 
00005b0b  bmi160_set_intr_low_g_durn                            
00005c17  bmi160_set_intr_low_g_hyst                            
00005ce7  bmi160_set_intr_low_g_mode                            
00005b91  bmi160_set_intr_low_g_thres                           
00005959  bmi160_set_intr_low_high_source                       
00005a33  bmi160_set_intr_motion_source                         
00004ac7  bmi160_set_intr_nomotion                              
00004f71  bmi160_set_intr_orient                                
00006da7  bmi160_set_intr_orient_axes_enable                    
00006a4f  bmi160_set_intr_orient_blocking                       
00006b29  bmi160_set_intr_orient_hyst                           
00006975  bmi160_set_intr_orient_mode                           
00006bef  bmi160_set_intr_orient_theta                          
00006ccd  bmi160_set_intr_orient_ud_enable                      
00004021  bmi160_set_intr_output_type                           
0000528b  bmi160_set_intr_pmu_trig                              
000064c7  bmi160_set_intr_significant_motion_proof              
00006313  bmi160_set_intr_significant_motion_select             
000063ed  bmi160_set_intr_significant_motion_skip               
00004de5  bmi160_set_intr_single_tap                            
00006061  bmi160_set_intr_slow_no_motion_durn                   
00006233  bmi160_set_intr_slow_no_motion_select                 
000061ad  bmi160_set_intr_slow_no_motion_thres                  
0000659f  bmi160_set_intr_tap_durn                              
000067d1  bmi160_set_intr_tap_quiet                             
000066f7  bmi160_set_intr_tap_shock                             
0000587b  bmi160_set_intr_tap_source                            
000068a9  bmi160_set_intr_tap_thres                             
000042ef  bmi160_set_latch_intr                                 
00002cfb  bmi160_set_mag_burst                                  
00002e8f  bmi160_set_mag_manual_enable                          
00002dc3  bmi160_set_mag_offset                                 
0000206b  bmi160_set_mag_output_data_rate                       
00002f65  bmi160_set_mag_read_addr                              
00002feb  bmi160_set_mag_write_addr                             
00003071  bmi160_set_mag_write_data                             
000087b9  bmi160_set_nvm_counter                                
00007b0b  bmi160_set_nvm_prog_enable                            
000041ad  bmi160_set_output_enable                              
000098d7  bmi160_set_paging_enable                              
000099b1  bmi160_set_pullup_configuration                       
000086f1  bmi160_set_spare0_trim                                
00007be3  bmi160_set_spi3                                       
00008625  bmi160_set_spi_enable                                 
0000930d  bmi160_set_step_config                                
0000946f  bmi160_set_step_counter_enable                        
00003bf3  bmi160_set_step_detector_enable                       
000094fb  bmi160_set_step_mode                                  
000097fd  bmi160_set_target_page                                
00010c49  bmi160_spi_bus_read                                   
00010c67  bmi160_spi_bus_write                                  
000002cd  bmi160_write_reg                                      
2000640a  currentMaxPriority                                    
20000000  g_pfnRAMVectors                                       
00000000  g_pfnVectors                                          
20005948  gyro_fifo                                             
200063da  gyroxyz                                               
20006817  highRand                                              
00010a9b  i2c_routine                                           
20006818  lowRand                                               
20005cb4  mag_fifo                                              
00015e85  main                                                  
00015d51  memcpy                                                
00015fa9  memset                                                
20006816  numberOfBalls                                         
2000681a  randColor                                             
00015721  readFIFO                                              
2000639c  s_bmi160                                              
00015849  sensorOpt3001Enable                                   
0001583d  sensorOpt3001Init                                     
00015897  sensorOpt3001Read                                     
000158db  sensorOpt3001Test                                     
0001524f  sensorTmp007Enable                                    
0001524d  sensorTmp007Init                                      
000152ff  sensorTmp007Read                                      
00015431  sensorTmp007Test                                      
0001267d  sleep                                                 
00010abd  spi_routine                                           
200063fc  tempNextThread                                        
2000640c  v_fifo_data_u8                                        
0001579d  writeFIFO                                             


GLOBAL SYMBOLS: SORTED BY Symbol Address 

address   name                                                  
-------   ----                                                  
00000000  __TI_static_base__                                    
00000000  g_pfnVectors                                          
00000200  __STACK_SIZE                                          
0000026d  bmi160_init                                           
000002cd  bmi160_write_reg                                      
00000311  bmi160_read_reg                                       
00000355  bmi160_get_fatal_err                                  
000003a1  bmi160_get_err_code                                   
000003ef  bmi160_get_i2c_fail_err                               
0000043d  bmi160_get_drop_cmd_err                               
0000048b  bmi160_get_mag_dada_rdy_err                           
000004d9  bmi160_get_error_status                               
00000569  bmi160_get_mag_power_mode_stat                        
000005bb  bmi160_get_gyro_power_mode_stat                       
00000609  bmi160_get_accel_power_mode_stat                      
00000657  bmi160_read_mag_x                                     
00000705  bmi160_read_mag_y                                     
000007b3  bmi160_read_mag_z                                     
00000861  bmi160_read_mag_r                                     
000008cb  bmi160_read_mag_xyz                                   
000009d5  bmi160_read_mag_xyzr                                  
00000a91  bmi160_read_gyro_x                                    
00000ae5  bmi160_read_gyro_y                                    
00000b39  bmi160_read_gyro_z                                    
00000b8d  bmi160_read_gyro_xyz                                  
00000c05  bmi160_read_accel_x                                   
00000c59  bmi160_read_accel_y                                   
00000cad  bmi160_read_accel_z                                   
00000d01  bmi160_read_accel_xyz                                 
00000d75  bmi160_get_sensor_time                                
00000dd1  bmi160_get_gyro_selftest                              
00000e1f  bmi160_get_mag_manual_operation_stat                  
00000e6d  bmi160_get_foc_rdy                                    
00000ebb  bmi160_get_nvm_rdy                                    
00000f0d  bmi160_get_data_rdy_mag                               
00000f5b  bmi160_get_gyro_data_rdy                              
00000fa9  bmi160_get_accel_data_rdy                             
00000ff7  bmi160_get_stat0_step_intr                            
00001043  bmi160_get_stat0_significant_intr                     
00001091  bmi160_get_stat0_any_motion_intr                      
000010df  bmi160_get_stat0_pmu_trigger_intr                     
0000112d  bmi160_get_stat0_double_tap_intr                      
0000117b  bmi160_get_stat0_single_tap_intr                      
000011c9  bmi160_get_stat0_orient_intr                          
0000121d  bmi160_get_stat0_flat_intr                            
0000126b  bmi160_get_stat1_high_g_intr                          
000012b9  bmi160_get_stat1_low_g_intr                           
00001307  bmi160_get_stat1_data_rdy_intr                        
00001355  bmi160_get_stat1_fifo_full_intr                       
000013a3  bmi160_get_stat1_fifo_wm_intr                         
000013f1  bmi160_get_stat1_nomotion_intr                        
0000143f  bmi160_get_stat2_any_motion_first_x                   
0000148b  bmi160_get_stat2_any_motion_first_y                   
000014d9  bmi160_get_stat2_any_motion_first_z                   
0000152d  bmi160_get_stat2_any_motion_sign                      
0000157b  bmi160_get_stat2_tap_first_x                          
000015c9  bmi160_get_stat2_tap_first_y                          
00001617  bmi160_get_stat2_tap_first_z                          
00001665  bmi160_get_stat2_tap_sign                             
000016b3  bmi160_get_stat3_high_g_first_x                       
000016ff  bmi160_get_stat3_high_g_first_y                       
0000174d  bmi160_get_stat3_high_g_first_z                       
0000179b  bmi160_get_stat3_high_g_sign                          
000017e9  bmi160_get_stat3_orient_xy                            
0000183d  bmi160_get_stat3_orient_z                             
0000188b  bmi160_get_stat3_flat                                 
000018d9  bmi160_get_temp                                       
0000192d  bmi160_fifo_length                                    
0000198d  bmi160_fifo_data                                      
000019c7  bmi160_get_accel_output_data_rate                     
00001a13  bmi160_set_accel_output_data_rate                     
00001aa5  bmi160_get_accel_bw                                   
00001af3  bmi160_set_accel_bw                                   
00001b87  bmi160_get_accel_under_sampling_parameter             
00001bd5  bmi160_set_accel_under_sampling_parameter             
00001c61  bmi160_get_accel_range                                
00001cad  bmi160_set_accel_range                                
00001d51  bmi160_get_gyro_output_data_rate                      
00001d9d  bmi160_set_gyro_output_data_rate                      
00001e6d  bmi160_get_gyro_bw                                    
00001ebb  bmi160_set_gyro_bw                                    
00001f47  bmi160_get_gyro_range                                 
00001f93  bmi160_set_gyro_range                                 
0000201f  bmi160_get_mag_output_data_rate                       
0000206b  bmi160_set_mag_output_data_rate                       
0000210f  bmi160_get_fifo_down_gyro                             
0000215b  bmi160_set_fifo_down_gyro                             
000021dd  bmi160_get_gyro_fifo_filter_data                      
0000222b  bmi160_set_gyro_fifo_filter_data                      
000022b7  bmi160_get_fifo_down_accel                            
00002305  bmi160_set_fifo_down_accel                            
0000237f  bmi160_get_accel_fifo_filter_data                     
000023cd  bmi160_set_accel_fifo_filter_data                     
00002459  bmi160_get_fifo_wm                                    
000024ad  bmi160_set_fifo_wm                                    
000024e7  bmi160_get_fifo_stop_on_full                          
00002533  bmi160_set_fifo_stop_on_full                          
000025bf  bmi160_get_fifo_time_enable                           
0000260d  bmi160_set_fifo_time_enable                           
00002699  bmi160_get_fifo_tag_intr2_enable                      
000026e7  bmi160_set_fifo_tag_intr2_enable                      
00002787  bmi160_get_fifo_tag_intr1_enable                      
000027d9  bmi160_set_fifo_tag_intr1_enable                      
00002879  bmi160_get_fifo_header_enable                         
000028c7  bmi160_set_fifo_header_enable                         
00002953  bmi160_get_fifo_mag_enable                            
000029a1  bmi160_set_fifo_mag_enable                            
00002a2d  bmi160_get_fifo_accel_enable                          
00002a7b  bmi160_set_fifo_accel_enable                          
00002b0d  bmi160_get_fifo_gyro_enable                           
00002b5b  bmi160_set_fifo_gyro_enable                           
00002be7  bmi160_get_i2c_device_addr                            
00002c35  bmi160_set_i2c_device_addr                            
00002caf  bmi160_get_mag_burst                                  
00002cfb  bmi160_set_mag_burst                                  
00002d75  bmi160_get_mag_offset                                 
00002dc3  bmi160_set_mag_offset                                 
00002e41  bmi160_get_mag_manual_enable                          
00002e8f  bmi160_set_mag_manual_enable                          
[...]
000125f9  G8RTOS_AddAPeriodicEvent                              
0001267d  sleep                                                 
000126a7  G8RTOS_GetThreadId                                    
000126c1  G8RTOS_KillThread                                     
000127c9  G8RTOS_KillSelf                                       
0001285d  GetNumberOfThreads                                    
0001286d  G8RTOS_KillAllThreads                                 
00012a17  LCD_Text                                              
00012a8d  LCD_SetPoint                                          
00012ac1  LCD_Init                                              
00012d55  LCD_SetAddress                                        
00012dc7  LCD_PushColor                                         
00012de3  LCD_Clear                                             
00012e49  LCD_DrawRectangle                                     
00012f1f  TP_ReadXY                                             
00013097  I2CMasterInitExpClk                                   
00013109  I2CSlaveInit                                          
00013123  I2CSlaveAddressSet                                    
00013161  I2CMasterEnable                                       
00013177  I2CSlaveEnable                                        
00013195  I2CMasterDisable                                      
000131ab  I2CSlaveDisable                                       
000131c9  I2CIntRegister                                        
000131e7  I2CIntUnregister                                      
00013201  I2CMasterIntEnable                                    
00013211  I2CMasterIntEnableEx                                  
00013229  I2CSlaveIntEnable                                     
00013241  I2CSlaveIntEnableEx                                   
0001325b  I2CMasterIntDisable                                   
0001326b  I2CMasterIntDisableEx                                 
00013283  I2CSlaveIntDisable                                    
0001329b  I2CSlaveIntDisableEx                                  
000132b5  I2CMasterIntStatus                                    
000132f9  I2CMasterIntStatusEx                                  
00013325  I2CSlaveIntStatus                                     
0001336d  I2CSlaveIntStatusEx                                   
0001338f  I2CMasterIntClear                                     
000133ad  I2CMasterIntClearEx                                   
000133bf  I2CSlaveIntClear                                      
000133d1  I2CSlaveIntClearEx                                    
000133e5  I2CMasterSlaveAddrSet                                 
00013407  I2CMasterLineStateGet                                 
00013415  I2CMasterBusy                                         
0001342d  I2CMasterBusBusy                                      
00013445  I2CMasterControl                                      
00013457  I2CMasterErr                                          
00013483  I2CMasterDataPut                                      
00013499  I2CMasterDataGet                                      
000134a7  I2CMasterTimeoutSet                                   
000134b9  I2CSlaveACKOverride                                   
000134eb  I2CSlaveACKValueSet                                   
0001351d  I2CSlaveStatus                                        
0001352d  I2CSlaveDataPut                                       
00013545  I2CSlaveDataGet                                       
00013555  I2CTxFIFOConfigSet                                    
0001357d  I2CTxFIFOFlush                                        
00013595  I2CRxFIFOConfigSet                                    
000135bd  I2CRxFIFOFlush                                        
000135d5  I2CFIFOStatus                                         
000135e5  I2CFIFODataPut                                        
00013607  I2CFIFODataPutNonBlocking                             
0001362f  I2CFIFODataGet                                        
00013649  I2CFIFODataGetNonBlocking                             
0001366f  I2CMasterBurstLengthSet                               
00013685  I2CMasterBurstCountGet                                
00013693  I2CMasterGlitchFilterConfigSet                        
000136e1  I2CSlaveFIFOEnable                                    
000136f9  I2CSlaveFIFODisable                                   
0001370b  I2CLoopbackEnable                                     
0001378f  UARTParityModeSet                                     
000137ab  UARTParityModeGet                                     
000137bd  UARTFIFOLevelSet                                      
000137d5  UARTFIFOLevelGet                                      
000137fd  UARTConfigSetExpClk                                   
00013873  UARTConfigGetExpClk                                   
000138bf  UARTEnable                                            
000138e3  UARTDisable                                           
0001390d  UARTFIFOEnable                                        
00013923  UARTFIFODisable                                       
00013939  UARTEnableSIR                                         
00013967  UARTDisableSIR                                        
0001397d  UARTSmartCardEnable                                   
000139af  UARTSmartCardDisable                                  
000139c5  UARTModemControlSet                                   
000139fd  UARTModemControlClear                                 
00013a21  UARTModemControlGet                                   
00013a33  UARTModemStatusGet                                    
00013a47  UARTFlowControlSet                                    
00013a63  UARTFlowControlGet                                    
00013a75  UARTTxIntModeSet                                      
00013a91  UARTTxIntModeGet                                      
00013aa3  UARTCharsAvail                                        
00013ac1  UARTSpaceAvail                                        
00013adf  UARTCharGetNonBlocking                                
00013afb  UARTCharGet                                           
00013b11  UARTCharPutNonBlocking                                
00013b35  UARTCharPut                                           
00013b53  UARTBreakCtl                                          
00013b7d  UARTBusy                                              
00013b9b  UARTIntRegister                                       
00013bb9  UARTIntUnregister                                     
00013bd9  UARTIntEnable                                         
00013bf1  UARTIntDisable                                        
00013c09  UARTIntStatus                                         
00013c27  UARTIntClear                                          
00013c39  UARTDMAEnable                                         
00013c51  UARTDMADisable                                        
00013c69  UARTRxErrorGet                                        
00013c7b  UARTRxErrorClear                                      
00013c8b  UARTClockSourceSet                                    
00013c9f  UARTClockSourceGet                                    
00013caf  UART9BitEnable                                        
00013cc5  UART9BitDisable                                       
00013cdb  UART9BitAddrSet                                       
00013d01  UART9BitAddrSend                                      
00013d49  UARTLoopbackEnable                                    
00013d5f  __aeabi_idiv0                                         
00013d5f  __aeabi_ldiv0                                         
00013d61  Idle                                                  
00013d7b  ReadAccelerometer                                     
00013db5  LCDtap                                                
00013dcd  WaitForTap                                            
00013f9d  BallThread                                            
00014279  UARTStdioConfig                                       
000142bf  UARTwrite                                             
0001430f  UARTgets                                              
000143c9  UARTgetc                                              
000143f1  UARTvprintf                                           
000146eb  UARTprintf                                            
00014721  bme280_data_readout_template                          
0001480d  bme280_initialize_sensor                              
00014863  I2C_routine                                           
0001487f  SPI_routine                                           
00014895  BME280_I2C_bus_write                                  
000148d3  BME280_I2C_bus_read                                   
00014a15  BME280_SPI_bus_read                                   
00014a7b  BME280_SPI_bus_write                                  
00014aeb  BME280_delay_msek                                     
00014b2b  IntMasterEnable                                       
00014b3b  IntMasterDisable                                      
00014b4b  IntRegister                                           
00014b9d  IntUnregister                                         
00014bb1  IntPriorityGroupingSet                                
00014bcb  IntPriorityGroupingGet                                
00014c03  IntPrioritySet                                        
00014c53  IntPriorityGet                                        
00014c77  IntEnable                                             
00014ce9  IntDisable                                            
00014d5b  IntIsEnabled                                          
00014de1  IntPendSet                                            
00014e51  IntPendClear                                          
00014e9f  IntPriorityMaskSet                                    
00014eab  IntPriorityMaskGet                                    
00014eb3  IntTrigger                                            
00014f47  SSIConfigSetExpClk                                    
00014fc1  SSIEnable                                             
00014fd7  SSIDisable                                            
00014fed  SSIIntRegister                                        
0001500b  SSIIntUnregister                                      
00015025  SSIIntEnable                                          
0001503d  SSIIntDisable                                         
00015055  SSIIntStatus                                          
00015073  SSIIntClear                                           
00015085  SSIDataPut                                            
0001509f  SSIDataPutNonBlocking                                 
000150bf  SSIDataGet                                            
000150db  SSIDataGetNonBlocking                                 
000150fd  SSIDMAEnable                                          
00015115  SSIDMADisable                                         
0001512d  SSIBusy                                               
0001514b  SSIClockSourceSet                                     
0001515f  SSIClockSourceGet                                     
0001516f  SSIAdvModeSet                                         
000151a1  SSIAdvDataPutFrameEnd                                 
000151c7  SSIAdvDataPutFrameEndNonBlocking                      
000151f3  SSIAdvFrameHoldEnable                                 
00015209  SSIAdvFrameHoldDisable                                
0001521f  SSILoopbackEnable                                     
00015235  SSILoopbackDisable                                    
0001524d  sensorTmp007Init                                      
0001524f  sensorTmp007Enable                                    
000152ff  sensorTmp007Read                                      
00015431  sensorTmp007Test                                      
00015511  InitializeLEDI2C                                      
0001555d  InitializeSensorI2C                                   
0001559f  SetSlaveAddress                                       
000155b5  StartTransmission                                     
000155db  ContinueTransmission                                  
00015601  EndTransmission                                       
0001560f  SignalMasterReceive                                   
0001564b  StartReceive                                          
0001567b  EndReceive                                            
000156cd  G8RTOS_InitFIFO                                       
00015721  readFIFO                                              
0001579d  writeFIFO                                             
0001583d  sensorOpt3001Init                                     
00015849  sensorOpt3001Enable                                   
00015897  sensorOpt3001Read                                     
000158db  sensorOpt3001Test                                     
00015971  __aeabi_dmul                                          
00015a6d  Joystick_Init_Without_Interrupt                       
00015ab9  Joystick_Push_Button_Init_With_Interrupt              
00015aef  Disable_Joystick_Interrupt                            
00015b03  GetJoystickCoordinates                                
00015b31  PortEIntHandler                                       
00015b5d  G8RTOS_InitSemaphore                                  
00015b7b  G8RTOS_WaitSemaphore                                  
00015bbb  G8RTOS_SignalSemaphore                                
00015c0d  PutChar                                               
00015ced  InitializeBoard                                       
00015d51  __aeabi_memcpy                                        
00015d51  __aeabi_memcpy4                                       
00015d51  __aeabi_memcpy8                                       
00015d51  memcpy                                                
00015ded  __aeabi_uldivmod                                      
00015e85  main                                                  
00015f19  SysTickEnable                                         
00015f25  SysTickDisable                                        
00015f31  SysTickIntRegister                                    
00015f49  SysTickIntUnregister                                  
00015f5d  SysTickIntEnable                                      
00015f69  SysTickIntDisable                                     
00015f75  SysTickPeriodSet                                      
00015f87  SysTickPeriodGet                                      
00015f8f  SysTickValueGet                                       
00015fa1  __aeabi_memclr                                        
00015fa1  __aeabi_memclr4                                       
00015fa1  __aeabi_memclr8                                       
00015fa3  __aeabi_memset                                        
00015fa3  __aeabi_memset4                                       
00015fa3  __aeabi_memset8                                       
00015fa9  memset                                                
0001601b  __aeabi_ldivmod                                       
00016089  __TI_decompress_lzss                                  
000160f1  __aeabi_d2iz                                          
00016139  LCD_WriteData                                         
0001617d  __TI_auto_init_nobinit_nopinit                        
000161c1  GetASCIICode                                          
00016205  G8RTOS_Start                                          
00016213  PendSV_Handler                                        
00016241  LCD_WriteIndex                                        
00016281  __aeabi_uidiv                                         
00016281  __aeabi_uidivmod                                      
000162c1  CPUcpsid                                              
000162cd  CPUprimask                                            
000162d7  CPUcpsie                                              
000162e3  CPUwfi                                                
000162e7  CPUbasepriSet                                         
000162f5  CPUbasepriGet                                         
00016301  _c_int00_noargs                                       
00016335  DelayMs                                               
0001635b  __aeabi_ui2d                                          
0001637b  __aeabi_lmul                                          
00016393  StartCriticalSection                                  
0001639b  EndCriticalSection                                    
000163a1  __TI_decompress_none                                  
000163af  __TI_zero_init                                        
000163bb  ResetISR                                              
000163c7  SysCtlDelay                                           
000163cd  SysDelay                                              
000163d3  _system_pre_init                                      
000163d7  C$$EXIT                                               
000163d7  abort                                                 
00017100  __TI_Handler_Table_Base                               
0001710c  __TI_Handler_Table_Limit                              
00017120  __TI_CINIT_Base                                       
00017138  __TI_CINIT_Limit                                      
20000000  __start___llvm_prf_cnts                               
20000000  __stop___llvm_prf_cnts                                
20000000  g_pfnRAMVectors                                       
200055dc  accel_fifo                                            
20005948  gyro_fifo                                             
20005cb4  mag_fifo                                              
20006170  balls                                                 
20006360  bme280                                                
2000639c  s_bmi160                                              
200063d4  accelxyz                                              
200063da  gyroxyz                                               
200063e8  CurrentlyRunningThread                                
200063ec  IBit_State                                            
200063f0  SPI_Bus                                               
200063f4  Sensor_I2C                                            
200063f8  SystemTime                                            
200063fc  tempNextThread                                        
20006406  accelerometerX                                        
20006408  accelerometerY                                        
2000640a  currentMaxPriority                                    
2000640c  v_fifo_data_u8                                        
2000680c  V_bmm150_maual_auto_condition_u8                      
20006810  V_fifo_time_U32                                       
20006814  LCDFlag                                               
20006815  ballSize                                              
20006816  numberOfBalls                                         
20006817  highRand                                              
20006818  lowRand                                               
2000681a  randColor                                             
20006828  __stack                                               
20006a28  __STACK_END                                           
20006a28  __STACK_TOP                                           
ffffffff  __TI_pprof_out_hndl                                   
ffffffff  __TI_prof_data_size                                   
ffffffff  __TI_prof_data_start                                  
ffffffff  __binit__                                             
ffffffff  __c_args__                                            
ffffffff  binit                                                 
UNDEFED   __mpu_init                                            
UNDEFED   _system_post_cinit                                    

[836 symbols]
