<?xml version="1.0" encoding="ISO-8859-1" ?>
<link_info>
   <banner>TI ARM Linker PC v20.2.5.LTS</banner>
   <copyright>Copyright (c) 1996-2018 Texas Instruments Incorporated</copyright>
   <link_time>0x6250a4ad</link_time>
   <link_errors>0x0</link_errors>
   <output_file>lab4_test.out</output_file>
   <entry_point>
      <name>_c_int00_noargs</name>
      <address>0x164d5</address>
   </entry_point>
   <input_file_list>
      <input_file id="fl-2">
         <path>.\</path>
         <kind>object</kind>
         <file>main.obj</file>
         <name>main.obj</name>
      </input_file>
      <input_file id="fl-3">
         <path>.\</path>
         <kind>object</kind>
         <file>threads.obj</file>
         <name>threads.obj</name>
      </input_file>
      <input_file id="fl-4">
         <path>.\</path>
         <kind>object</kind>
         <file>tm4c123gh6pm_startup_ccs.obj</file>
         <name>tm4c123gh6pm_startup_ccs.obj</name>
      </input_file>
      <input_file id="fl-5">
         <path>.\BoardSupport\driverlib\</path>
         <kind>object</kind>
         <file>adc.obj</file>
         <name>adc.obj</name>
      </input_file>
      <input_file id="fl-6">
         <path>.\BoardSupport\driverlib\</path>
         <kind>object</kind>
         <file>aes.obj</file>
         <name>aes.obj</name>
      </input_file>
      <input_file id="fl-7">
         <path>.\BoardSupport\driverlib\</path>
         <kind>object</kind>
         <file>can.obj</file>
         <name>can.obj</name>
      </input_file>
      <input_file id="fl-8">
         <path>.\BoardSupport\driverlib\</path>
         <kind>object</kind>
         <file>comp.obj</file>
         <name>comp.obj</name>
      </input_file>
      <input_file id="fl-9">
         <path>.\BoardSupport\driverlib\</path>
         <kind>object</kind>
         <file>cpu.obj</file>
         <name>cpu.obj</name>
      </input_file>
      <input_file id="fl-a">
         <path>.\BoardSupport\driverlib\</path>
         <kind>object</kind>
         <file>crc.obj</file>
         <name>crc.obj</name>
      </input_file>
      <input_file id="fl-b">
         <path>.\BoardSupport\driverlib\</path>
         <kind>object</kind>
         <file>des.obj</file>
         <name>des.obj</name>
      </input_file>
      <input_file id="fl-c">
         <path>.\BoardSupport\driverlib\</path>
         <kind>object</kind>
         <file>eeprom.obj</file>
         <name>eeprom.obj</name>
      </input_file>
      <input_file id="fl-d">
         <path>.\BoardSupport\driverlib\</path>
         <kind>object</kind>
         <file>emac.obj</file>
         <name>emac.obj</name>
      </input_file>
      <input_file id="fl-e">
         <path>.\BoardSupport\driverlib\</path>
         <kind>object</kind>
         <file>epi.obj</file>
         <name>epi.obj</name>
      </input_file>
      <input_file id="fl-f">
         <path>.\BoardSupport\driverlib\</path>
         <kind>object</kind>
         <file>epi_workaround_ccs.obj</file>
         <name>epi_workaround_ccs.obj</name>
      </input_file>
      <input_file id="fl-10">
         <path>.\BoardSupport\driverlib\</path>
         <kind>object</kind>
         <file>flash.obj</file>
         <name>flash.obj</name>
      </input_file>
      <input_file id="fl-11">
         <path>.\BoardSupport\driverlib\</path>
         <kind>object</kind>
         <file>fpu.obj</file>
         <name>fpu.obj</name>
      </input_file>
      <input_file id="fl-12">
         <path>.\BoardSupport\driverlib\</path>
         <kind>object</kind>
         <file>gpio.obj</file>
         <name>gpio.obj</name>
      </input_file>
      <input_file id="fl-13">
         <path>.\BoardSupport\driverlib\</path>
         <kind>object</kind>
         <file>hibernate.obj</file>
         <name>hibernate.obj</name>
      </input_file>
      <input_file id="fl-14">
         <path>.\BoardSupport\driverlib\</path>
         <kind>object</kind>
         <file>i2c.obj</file>
         <name>i2c.obj</name>
      </input_file>
      <input_file id="fl-15">
         <path>.\BoardSupport\driverlib\</path>
         <kind>object</kind>
         <file>interrupt.obj</file>
         <name>interrupt.obj</name>
      </input_file>
      <input_file id="fl-16">
         <path>.\BoardSupport\driverlib\</path>
         <kind>object</kind>
         <file>lcd.obj</file>
         <name>lcd.obj</name>
      </input_file>
      <input_file id="fl-17">
         <path>.\BoardSupport\driverlib\</path>
         <kind>object</kind>
         <file>mpu.obj</file>
         <name>mpu.obj</name>
      </input_file>
      <input_file id="fl-18">
         <path>.\BoardSupport\driverlib\</path>
         <kind>object</kind>
         <file>onewire.obj</file>
         <name>onewire.obj</name>
      </input_file>
      <input_file id="fl-19">
         <path>.\BoardSupport\driverlib\</path>
         <kind>object</kind>
         <file>pwm.obj</file>
         <name>pwm.obj</name>
      </input_file>
      <input_file id="fl-1a">
         <path>.\BoardSupport\driverlib\</path>
         <kind>object</kind>
         <file>qei.obj</file>
         <name>qei.obj</name>
      </input_file>
      <input_file id="fl-1b">
         <path>.\BoardSupport\driverlib\</path>
         <kind>object</kind>
         <file>shamd5.obj</file>
         <name>shamd5.obj</name>
      </input_file>
      <input_file id="fl-1c">
         <path>.\BoardSupport\driverlib\</path>
         <kind>object</kind>
         <file>ssi.obj</file>
         <name>ssi.obj</name>
      </input_file>
      <input_file id="fl-1d">
         <path>.\BoardSupport\driverlib\</path>
         <kind>object</kind>
         <file>sw_crc.obj</file>
         <name>sw_crc.obj</name>
      </input_file>
      <input_file id="fl-1e">
         <path>.\BoardSupport\driverlib\</path>
         <kind>object</kind>
         <file>sysctl.obj</file>
         <name>sysctl.obj</name>
      </input_file>
      <input_file id="fl-1f">
         <path>.\BoardSupport\driverlib\</path>
         <kind>object</kind>
         <file>sysexc.obj</file>
         <name>sysexc.obj</name>
      </input_file>
      <input_file id="fl-20">
         <path>.\BoardSupport\driverlib\</path>
         <kind>object</kind>
         <file>systick.obj</file>
         <name>systick.obj</name>
      </input_file>
      <input_file id="fl-21">
         <path>.\BoardSupport\driverlib\</path>
         <kind>object</kind>
         <file>timer.obj</file>
         <name>timer.obj</name>
      </input_file>
      <input_file id="fl-22">
         <path>.\BoardSupport\driverlib\</path>
         <kind>object</kind>
         <file>uart.obj</file>
         <name>uart.obj</name>
      </input_file>
      <input_file id="fl-23">
         <path>.\BoardSupport\driverlib\</path>
         <kind>object</kind>
         <file>uartstdio.obj</file>
         <name>uartstdio.obj</name>
      </input_file>
      <input_file id="fl-24">
         <path>.\BoardSupport\driverlib\</path>
         <kind>object</kind>
         <file>udma.obj</file>
         <name>udma.obj</name>
      </input_file>
      <input_file id="fl-25">
         <path>.\BoardSupport\driverlib\</path>
         <kind>object</kind>
         <file>usb.obj</file>
         <name>usb.obj</name>
      </input_file>
      <input_file id="fl-26">
         <path>.\BoardSupport\driverlib\</path>
         <kind>object</kind>
         <file>watchdog.obj</file>
         <name>watchdog.obj</name>
      </input_file>
      <input_file id="fl-27">
         <path>.\BoardSupport\src\</path>
         <kind>object</kind>
         <file>AsciiLib.obj</file>
         <name>AsciiLib.obj</name>
      </input_file>
      <input_file id="fl-28">
         <path>.\BoardSupport\src\</path>
         <kind>object</kind>
         <file>BoardInitialization.obj</file>
         <name>BoardInitialization.obj</name>
      </input_file>
      <input_file id="fl-29">
         <path>.\BoardSupport\src\</path>
         <kind>object</kind>
         <file>I2CDriver.obj</file>
         <name>I2CDriver.obj</name>
      </input_file>
      <input_file id="fl-2a">
         <path>.\BoardSupport\src\</path>
         <kind>object</kind>
         <file>Joystick.obj</file>
         <name>Joystick.obj</name>
      </input_file>
      <input_file id="fl-2b">
         <path>.\BoardSupport\src\</path>
         <kind>object</kind>
         <file>LCDLibrary.obj</file>
         <name>LCDLibrary.obj</name>
      </input_file>
      <input_file id="fl-2c">
         <path>.\BoardSupport\src\</path>
         <kind>object</kind>
         <file>RGBLedDriver.obj</file>
         <name>RGBLedDriver.obj</name>
      </input_file>
      <input_file id="fl-2d">
         <path>.\BoardSupport\src\</path>
         <kind>object</kind>
         <file>bme280.obj</file>
         <name>bme280.obj</name>
      </input_file>
      <input_file id="fl-2e">
         <path>.\BoardSupport\src\</path>
         <kind>object</kind>
         <file>bme280_support.obj</file>
         <name>bme280_support.obj</name>
      </input_file>
      <input_file id="fl-2f">
         <path>.\BoardSupport\src\</path>
         <kind>object</kind>
         <file>bmi160.obj</file>
         <name>bmi160.obj</name>
      </input_file>
      <input_file id="fl-30">
         <path>.\BoardSupport\src\</path>
         <kind>object</kind>
         <file>bmi160_support.obj</file>
         <name>bmi160_support.obj</name>
      </input_file>
      <input_file id="fl-31">
         <path>.\BoardSupport\src\</path>
         <kind>object</kind>
         <file>demo_sysctl.obj</file>
         <name>demo_sysctl.obj</name>
      </input_file>
      <input_file id="fl-32">
         <path>.\BoardSupport\src\</path>
         <kind>object</kind>
         <file>opt3001.obj</file>
         <name>opt3001.obj</name>
      </input_file>
      <input_file id="fl-33">
         <path>.\BoardSupport\src\</path>
         <kind>object</kind>
         <file>tmp007.obj</file>
         <name>tmp007.obj</name>
      </input_file>
      <input_file id="fl-34">
         <path>.\G8RTOS_Lab4\</path>
         <kind>object</kind>
         <file>G8RTOS_CriticalSection.obj</file>
         <name>G8RTOS_CriticalSection.obj</name>
      </input_file>
      <input_file id="fl-35">
         <path>.\G8RTOS_Lab4\</path>
         <kind>object</kind>
         <file>G8RTOS_IPC.obj</file>
         <name>G8RTOS_IPC.obj</name>
      </input_file>
      <input_file id="fl-36">
         <path>.\G8RTOS_Lab4\</path>
         <kind>object</kind>
         <file>G8RTOS_Scheduler.obj</file>
         <name>G8RTOS_Scheduler.obj</name>
      </input_file>
      <input_file id="fl-37">
         <path>.\G8RTOS_Lab4\</path>
         <kind>object</kind>
         <file>G8RTOS_SchedulerASM.obj</file>
         <name>G8RTOS_SchedulerASM.obj</name>
      </input_file>
      <input_file id="fl-38">
         <path>.\G8RTOS_Lab4\</path>
         <kind>object</kind>
         <file>G8RTOS_Semaphores.obj</file>
         <name>G8RTOS_Semaphores.obj</name>
      </input_file>
      <input_file id="fl-3c">
         <kind>object</kind>
         <file>&lt;internal&gt;</file>
         <name>&lt;internal&gt;</name>
      </input_file>
      <input_file id="fl-f2">
         <path>C:\ti\ccs1110\ccs\tools\compiler\ti-cgt-arm_20.2.5.LTS\lib\</path>
         <kind>archive</kind>
         <file>rtsv7M4_T_le_v4SPD16_eabi.lib</file>
         <name>fd_mul_t2.asm.obj</name>
      </input_file>
      <input_file id="fl-f3">
         <path>C:\ti\ccs1110\ccs\tools\compiler\ti-cgt-arm_20.2.5.LTS\lib\</path>
         <kind>archive</kind>
         <file>rtsv7M4_T_le_v4SPD16_eabi.lib</file>
         <name>fd_toi_t2.asm.obj</name>
      </input_file>
      <input_file id="fl-f4">
         <path>C:\ti\ccs1110\ccs\tools\compiler\ti-cgt-arm_20.2.5.LTS\lib\</path>
         <kind>archive</kind>
         <file>rtsv7M4_T_le_v4SPD16_eabi.lib</file>
         <name>ll_mul_t2.asm.obj</name>
      </input_file>
      <input_file id="fl-f5">
         <path>C:\ti\ccs1110\ccs\tools\compiler\ti-cgt-arm_20.2.5.LTS\lib\</path>
         <kind>archive</kind>
         <file>rtsv7M4_T_le_v4SPD16_eabi.lib</file>
         <name>u_tofd_t2.asm.obj</name>
      </input_file>
      <input_file id="fl-f6">
         <path>C:\ti\ccs1110\ccs\tools\compiler\ti-cgt-arm_20.2.5.LTS\lib\</path>
         <kind>archive</kind>
         <file>rtsv7M4_T_le_v4SPD16_eabi.lib</file>
         <name>u_divt2.asm.obj</name>
      </input_file>
      <input_file id="fl-f7">
         <path>C:\ti\ccs1110\ccs\tools\compiler\ti-cgt-arm_20.2.5.LTS\lib\</path>
         <kind>archive</kind>
         <file>rtsv7M4_T_le_v4SPD16_eabi.lib</file>
         <name>ll_div_t2.asm.obj</name>
      </input_file>
      <input_file id="fl-f8">
         <path>C:\ti\ccs1110\ccs\tools\compiler\ti-cgt-arm_20.2.5.LTS\lib\</path>
         <kind>archive</kind>
         <file>rtsv7M4_T_le_v4SPD16_eabi.lib</file>
         <name>ull_div_t2.asm.obj</name>
      </input_file>
      <input_file id="fl-f9">
         <path>C:\ti\ccs1110\ccs\tools\compiler\ti-cgt-arm_20.2.5.LTS\lib\</path>
         <kind>archive</kind>
         <file>rtsv7M4_T_le_v4SPD16_eabi.lib</file>
         <name>memset_t2.asm.obj</name>
      </input_file>
      <input_file id="fl-fa">
         <path>C:\ti\ccs1110\ccs\tools\compiler\ti-cgt-arm_20.2.5.LTS\lib\</path>
         <kind>archive</kind>
         <file>rtsv7M4_T_le_v4SPD16_eabi.lib</file>
         <name>copy_zero_init.c.obj</name>
      </input_file>
      <input_file id="fl-fb">
         <path>C:\ti\ccs1110\ccs\tools\compiler\ti-cgt-arm_20.2.5.LTS\lib\</path>
         <kind>archive</kind>
         <file>rtsv7M4_T_le_v4SPD16_eabi.lib</file>
         <name>copy_decompress_none.c.obj</name>
      </input_file>
      <input_file id="fl-fc">
         <path>C:\ti\ccs1110\ccs\tools\compiler\ti-cgt-arm_20.2.5.LTS\lib\</path>
         <kind>archive</kind>
         <file>rtsv7M4_T_le_v4SPD16_eabi.lib</file>
         <name>copy_decompress_lzss.c.obj</name>
      </input_file>
      <input_file id="fl-fd">
         <path>C:\ti\ccs1110\ccs\tools\compiler\ti-cgt-arm_20.2.5.LTS\lib\</path>
         <kind>archive</kind>
         <file>rtsv7M4_T_le_v4SPD16_eabi.lib</file>
         <name>boot_cortex_m.c.obj</name>
      </input_file>
      <input_file id="fl-fe">
         <path>C:\ti\ccs1110\ccs\tools\compiler\ti-cgt-arm_20.2.5.LTS\lib\</path>
         <kind>archive</kind>
         <file>rtsv7M4_T_le_v4SPD16_eabi.lib</file>
         <name>div0.asm.obj</name>
      </input_file>
      <input_file id="fl-ff">
         <path>C:\ti\ccs1110\ccs\tools\compiler\ti-cgt-arm_20.2.5.LTS\lib\</path>
         <kind>archive</kind>
         <file>rtsv7M4_T_le_v4SPD16_eabi.lib</file>
         <name>memcpy_t2.asm.obj</name>
      </input_file>
      <input_file id="fl-100">
         <path>C:\ti\ccs1110\ccs\tools\compiler\ti-cgt-arm_20.2.5.LTS\lib\</path>
         <kind>archive</kind>
         <file>rtsv7M4_T_le_v4SPD16_eabi.lib</file>
         <name>autoinit.c.obj</name>
      </input_file>
      <input_file id="fl-101">
         <path>C:\ti\ccs1110\ccs\tools\compiler\ti-cgt-arm_20.2.5.LTS\lib\</path>
         <kind>archive</kind>
         <file>rtsv7M4_T_le_v4SPD16_eabi.lib</file>
         <name>pre_init.c.obj</name>
      </input_file>
      <input_file id="fl-102">
         <path>C:\ti\ccs1110\ccs\tools\compiler\ti-cgt-arm_20.2.5.LTS\lib\</path>
         <kind>archive</kind>
         <file>rtsv7M4_T_le_v4SPD16_eabi.lib</file>
         <name>cpy_tbl.c.obj</name>
      </input_file>
      <input_file id="fl-103">
         <path>C:\ti\ccs1110\ccs\tools\compiler\ti-cgt-arm_20.2.5.LTS\lib\</path>
         <kind>archive</kind>
         <file>rtsv7M4_T_le_v4SPD16_eabi.lib</file>
         <name>exit.c.obj</name>
      </input_file>
      <input_file id="fl-104">
         <path>C:\ti\ccs1110\ccs\tools\compiler\ti-cgt-arm_20.2.5.LTS\lib\</path>
         <kind>archive</kind>
         <file>rtsv7M4_T_le_v4SPD16_eabi.lib</file>
         <name>_lock.c.obj</name>
      </input_file>
      <input_file id="fl-105">
         <path>C:\ti\ccs1110\ccs\tools\compiler\ti-cgt-arm_20.2.5.LTS\lib\</path>
         <kind>archive</kind>
         <file>rtsv7M4_T_le_v4SPD16_eabi.lib</file>
         <name>args_main.c.obj</name>
      </input_file>
   </input_file_list>
   <object_component_list>
      <object_component id="oc-12">
         <name>.intvecs</name>
         <load_address>0x0</load_address>
         <run_address>0x0</run_address>
         <size>0x26c</size>
         <input_file_ref idref="fl-4"/>
      </object_component>
      <object_component id="oc-d5">
         <name>.text</name>
         <load_address>0x26c</load_address>
         <run_address>0x26c</run_address>
         <size>0xd5e0</size>
         <input_file_ref idref="fl-2f"/>
      </object_component>
      <object_component id="oc-36b">
         <name>.text</name>
         <load_address>0xd84c</load_address>
         <run_address>0xd84c</run_address>
         <size>0x1810</size>
         <input_file_ref idref="fl-2d"/>
      </object_component>
      <object_component id="oc-97">
         <name>.text</name>
         <load_address>0xf05c</load_address>
         <run_address>0xf05c</run_address>
         <size>0xf80</size>
         <input_file_ref idref="fl-1e"/>
      </object_component>
      <object_component id="oc-2f2">
         <name>.text</name>
         <load_address>0xffdc</load_address>
         <run_address>0xffdc</run_address>
         <size>0xce0</size>
         <input_file_ref idref="fl-30"/>
      </object_component>
      <object_component id="oc-db">
         <name>.text</name>
         <load_address>0x10cbc</load_address>
         <run_address>0x10cbc</run_address>
         <size>0xc14</size>
         <input_file_ref idref="fl-12"/>
      </object_component>
      <object_component id="oc-fb">
         <name>.text</name>
         <load_address>0x118d0</load_address>
         <run_address>0x118d0</run_address>
         <size>0x840</size>
         <input_file_ref idref="fl-5"/>
      </object_component>
      <object_component id="oc-32">
         <name>.text</name>
         <load_address>0x12110</load_address>
         <run_address>0x12110</run_address>
         <size>0x7f0</size>
         <input_file_ref idref="fl-36"/>
      </object_component>
      <object_component id="oc-351">
         <name>.text</name>
         <load_address>0x12900</load_address>
         <run_address>0x12900</run_address>
         <size>0x6f8</size>
         <input_file_ref idref="fl-14"/>
      </object_component>
      <object_component id="oc-2d4">
         <name>.text</name>
         <load_address>0x12ff8</load_address>
         <run_address>0x12ff8</run_address>
         <size>0x62e</size>
         <input_file_ref idref="fl-22"/>
      </object_component>
      <object_component id="oc-3b8">
         <name>.text</name>
         <load_address>0x13626</load_address>
         <run_address>0x13626</run_address>
         <size>0x2</size>
         <input_file_ref idref="fl-fe"/>
      </object_component>
      <object_component id="oc-e1">
         <name>.text</name>
         <load_address>0x13628</load_address>
         <run_address>0x13628</run_address>
         <size>0x618</size>
         <input_file_ref idref="fl-2b"/>
      </object_component>
      <object_component id="oc-38">
         <name>.text</name>
         <load_address>0x13c40</load_address>
         <run_address>0x13c40</run_address>
         <size>0x5e0</size>
         <input_file_ref idref="fl-3"/>
      </object_component>
      <object_component id="oc-2da">
         <name>.text</name>
         <load_address>0x14220</load_address>
         <run_address>0x14220</run_address>
         <size>0x4a8</size>
         <input_file_ref idref="fl-23"/>
      </object_component>
      <object_component id="oc-2f8">
         <name>.text</name>
         <load_address>0x146c8</load_address>
         <run_address>0x146c8</run_address>
         <size>0x408</size>
         <input_file_ref idref="fl-2e"/>
      </object_component>
      <object_component id="oc-9d">
         <name>.text</name>
         <load_address>0x14ad0</load_address>
         <run_address>0x14ad0</run_address>
         <size>0x3c0</size>
         <input_file_ref idref="fl-15"/>
      </object_component>
      <object_component id="oc-1d1">
         <name>.text</name>
         <load_address>0x14e90</load_address>
         <run_address>0x14e90</run_address>
         <size>0x362</size>
         <input_file_ref idref="fl-1c"/>
      </object_component>
      <object_component id="oc-2ec">
         <name>.text</name>
         <load_address>0x151f4</load_address>
         <run_address>0x151f4</run_address>
         <size>0x2c4</size>
         <input_file_ref idref="fl-33"/>
      </object_component>
      <object_component id="oc-2fe">
         <name>.text</name>
         <load_address>0x154b8</load_address>
         <run_address>0x154b8</run_address>
         <size>0x22c</size>
         <input_file_ref idref="fl-2c"/>
      </object_component>
      <object_component id="oc-2e0">
         <name>.text</name>
         <load_address>0x156e4</load_address>
         <run_address>0x156e4</run_address>
         <size>0x1bc</size>
         <input_file_ref idref="fl-29"/>
      </object_component>
      <object_component id="oc-e7">
         <name>.text</name>
         <load_address>0x158a0</load_address>
         <run_address>0x158a0</run_address>
         <size>0x170</size>
         <input_file_ref idref="fl-35"/>
      </object_component>
      <object_component id="oc-2e6">
         <name>.text</name>
         <load_address>0x15a10</load_address>
         <run_address>0x15a10</run_address>
         <size>0x134</size>
         <input_file_ref idref="fl-32"/>
      </object_component>
      <object_component id="oc-213">
         <name>.text</name>
         <load_address>0x15b44</load_address>
         <run_address>0x15b44</run_address>
         <size>0xfc</size>
         <input_file_ref idref="fl-f2"/>
      </object_component>
      <object_component id="oc-3e">
         <name>.text</name>
         <load_address>0x15c40</load_address>
         <run_address>0x15c40</run_address>
         <size>0xf0</size>
         <input_file_ref idref="fl-2a"/>
      </object_component>
      <object_component id="oc-cf">
         <name>.text</name>
         <load_address>0x15d30</load_address>
         <run_address>0x15d30</run_address>
         <size>0xb0</size>
         <input_file_ref idref="fl-38"/>
      </object_component>
      <object_component id="oc-23b">
         <name>.text</name>
         <load_address>0x15de0</load_address>
         <run_address>0x15de0</run_address>
         <size>0xa4</size>
         <input_file_ref idref="fl-28"/>
      </object_component>
      <object_component id="oc-1fa">
         <name>.text:PutChar</name>
         <load_address>0x15e84</load_address>
         <run_address>0x15e84</run_address>
         <size>0xa4</size>
         <input_file_ref idref="fl-2b"/>
      </object_component>
      <object_component id="oc-52">
         <name>.text</name>
         <load_address>0x15f28</load_address>
         <run_address>0x15f28</run_address>
         <size>0x9c</size>
         <input_file_ref idref="fl-ff"/>
      </object_component>
      <object_component id="oc-40a">
         <name>.text</name>
         <load_address>0x15fc4</load_address>
         <run_address>0x15fc4</run_address>
         <size>0x96</size>
         <input_file_ref idref="fl-f8"/>
      </object_component>
      <object_component id="oc-12d">
         <name>.text</name>
         <load_address>0x1605c</load_address>
         <run_address>0x1605c</run_address>
         <size>0x8c</size>
         <input_file_ref idref="fl-2"/>
      </object_component>
      <object_component id="oc-91">
         <name>.text</name>
         <load_address>0x160e8</load_address>
         <run_address>0x160e8</run_address>
         <size>0x88</size>
         <input_file_ref idref="fl-20"/>
      </object_component>
      <object_component id="oc-121">
         <name>.text</name>
         <load_address>0x16170</load_address>
         <run_address>0x16170</run_address>
         <size>0x7a</size>
         <input_file_ref idref="fl-f9"/>
      </object_component>
      <object_component id="oc-3e2">
         <name>.text</name>
         <load_address>0x161ea</load_address>
         <run_address>0x161ea</run_address>
         <size>0x6e</size>
         <input_file_ref idref="fl-f7"/>
      </object_component>
      <object_component id="oc-15">
         <name>.text:decompress:lzss:__TI_decompress_lzss</name>
         <load_address>0x16258</load_address>
         <run_address>0x16258</run_address>
         <size>0x68</size>
         <input_file_ref idref="fl-fc"/>
      </object_component>
      <object_component id="oc-201">
         <name>.text:LCD_WriteData</name>
         <load_address>0x162c0</load_address>
         <run_address>0x162c0</run_address>
         <size>0x48</size>
         <input_file_ref idref="fl-2b"/>
      </object_component>
      <object_component id="oc-218">
         <name>.text</name>
         <load_address>0x16308</load_address>
         <run_address>0x16308</run_address>
         <size>0x48</size>
         <input_file_ref idref="fl-f3"/>
      </object_component>
      <object_component id="oc-24e">
         <name>.text:__TI_auto_init_nobinit_nopinit:__TI_auto_init_nobinit_nopinit</name>
         <load_address>0x16350</load_address>
         <run_address>0x16350</run_address>
         <size>0x44</size>
         <input_file_ref idref="fl-100"/>
      </object_component>
      <object_component id="oc-2c4">
         <name>.text</name>
         <load_address>0x16394</load_address>
         <run_address>0x16394</run_address>
         <size>0x40</size>
         <input_file_ref idref="fl-27"/>
      </object_component>
      <object_component id="oc-2d">
         <name>.text</name>
         <load_address>0x163d4</load_address>
         <run_address>0x163d4</run_address>
         <size>0x40</size>
         <input_file_ref idref="fl-37"/>
      </object_component>
      <object_component id="oc-1e5">
         <name>.text:LCD_WriteIndex</name>
         <load_address>0x16414</load_address>
         <run_address>0x16414</run_address>
         <size>0x40</size>
         <input_file_ref idref="fl-2b"/>
      </object_component>
      <object_component id="oc-342">
         <name>.text</name>
         <load_address>0x16454</load_address>
         <run_address>0x16454</run_address>
         <size>0x40</size>
         <input_file_ref idref="fl-f6"/>
      </object_component>
      <object_component id="oc-162">
         <name>.text</name>
         <load_address>0x16494</load_address>
         <run_address>0x16494</run_address>
         <size>0x3e</size>
         <input_file_ref idref="fl-9"/>
      </object_component>
      <object_component id="oc-70">
         <name>.text:_c_int00_noargs:_c_int00_noargs</name>
         <load_address>0x164d4</load_address>
         <run_address>0x164d4</run_address>
         <size>0x34</size>
         <input_file_ref idref="fl-fd"/>
      </object_component>
      <object_component id="oc-1f3">
         <name>.text:LCD_Write_Data_Only</name>
         <load_address>0x16508</load_address>
         <run_address>0x16508</run_address>
         <size>0x30</size>
         <input_file_ref idref="fl-2b"/>
      </object_component>
      <object_component id="oc-208">
         <name>.text</name>
         <load_address>0x16538</load_address>
         <run_address>0x16538</run_address>
         <size>0x26</size>
         <input_file_ref idref="fl-31"/>
      </object_component>
      <object_component id="oc-1de">
         <name>.text:LCD_SetCursor</name>
         <load_address>0x1655e</load_address>
         <run_address>0x1655e</run_address>
         <size>0x20</size>
         <input_file_ref idref="fl-2b"/>
      </object_component>
      <object_component id="oc-20e">
         <name>.text</name>
         <load_address>0x1657e</load_address>
         <run_address>0x1657e</run_address>
         <size>0x20</size>
         <input_file_ref idref="fl-f5"/>
      </object_component>
      <object_component id="oc-1d7">
         <name>.text:LCD_WriteReg</name>
         <load_address>0x1659e</load_address>
         <run_address>0x1659e</run_address>
         <size>0x1c</size>
         <input_file_ref idref="fl-2b"/>
      </object_component>
      <object_component id="oc-1ec">
         <name>.text:LCD_Write_Data_Start</name>
         <load_address>0x165bc</load_address>
         <run_address>0x165bc</run_address>
         <size>0x1c</size>
         <input_file_ref idref="fl-2b"/>
      </object_component>
      <object_component id="oc-3dd">
         <name>.text</name>
         <load_address>0x165d8</load_address>
         <run_address>0x165d8</run_address>
         <size>0x18</size>
         <input_file_ref idref="fl-f4"/>
      </object_component>
      <object_component id="oc-ac">
         <name>.text</name>
         <load_address>0x165f0</load_address>
         <run_address>0x165f0</run_address>
         <size>0xe</size>
         <input_file_ref idref="fl-34"/>
      </object_component>
      <object_component id="oc-1b">
         <name>.text:decompress:none:__TI_decompress_none</name>
         <load_address>0x165fe</load_address>
         <run_address>0x165fe</run_address>
         <size>0xe</size>
         <input_file_ref idref="fl-fb"/>
      </object_component>
      <object_component id="oc-64">
         <name>.text:decompress:ZI:__TI_zero_init</name>
         <load_address>0x1660c</load_address>
         <run_address>0x1660c</run_address>
         <size>0xc</size>
         <input_file_ref idref="fl-fa"/>
      </object_component>
      <object_component id="oc-27">
         <name>.text</name>
         <load_address>0x16618</load_address>
         <run_address>0x16618</run_address>
         <size>0xc</size>
         <input_file_ref idref="fl-4"/>
      </object_component>
      <object_component id="oc-101">
         <name>.text:SysCtlDelay</name>
         <load_address>0x16624</load_address>
         <run_address>0x16624</run_address>
         <size>0x6</size>
         <input_file_ref idref="fl-1e"/>
      </object_component>
      <object_component id="oc-1d0">
         <name>.text:SysDelay</name>
         <load_address>0x1662a</load_address>
         <run_address>0x1662a</run_address>
         <size>0x6</size>
         <input_file_ref idref="fl-31"/>
      </object_component>
      <object_component id="oc-127">
         <name>.text:_system_pre_init</name>
         <load_address>0x16630</load_address>
         <run_address>0x16630</run_address>
         <size>0x4</size>
         <input_file_ref idref="fl-101"/>
      </object_component>
      <object_component id="oc-242">
         <name>.text:abort:abort</name>
         <load_address>0x16634</load_address>
         <run_address>0x16634</run_address>
         <size>0x4</size>
         <input_file_ref idref="fl-103"/>
      </object_component>
      <object_component id="oc-32d">
         <name>.const:AsciiLib</name>
         <load_address>0x16638</load_address>
         <run_address>0x16638</run_address>
         <size>0x5f0</size>
         <input_file_ref idref="fl-27"/>
      </object_component>
      <object_component id="oc-16e">
         <name>.const:g_pppui32XTALtoVCO</name>
         <load_address>0x16c28</load_address>
         <run_address>0x16c28</run_address>
         <size>0x1b0</size>
         <input_file_ref idref="fl-1e"/>
      </object_component>
      <object_component id="oc-1c8">
         <name>.const:g_ppui32GPIOIntMapSnowflake</name>
         <load_address>0x16dd8</load_address>
         <run_address>0x16dd8</run_address>
         <size>0xd8</size>
         <input_file_ref idref="fl-12"/>
      </object_component>
      <object_component id="oc-1c5">
         <name>.const:g_ppui32GPIOIntMapBlizzard</name>
         <load_address>0x16eb0</load_address>
         <run_address>0x16eb0</run_address>
         <size>0xc0</size>
         <input_file_ref idref="fl-12"/>
      </object_component>
      <object_component id="oc-17e">
         <name>.const:g_pui32Regs</name>
         <load_address>0x16f70</load_address>
         <run_address>0x16f70</run_address>
         <size>0x9c</size>
         <input_file_ref idref="fl-15"/>
      </object_component>
      <object_component id="oc-1cb">
         <name>.const:g_pui32GPIOBaseAddrs</name>
         <load_address>0x1700c</load_address>
         <run_address>0x1700c</run_address>
         <size>0x90</size>
         <input_file_ref idref="fl-12"/>
      </object_component>
      <object_component id="oc-168">
         <name>.const:g_pui32Xtals</name>
         <load_address>0x1709c</load_address>
         <run_address>0x1709c</run_address>
         <size>0x6c</size>
         <input_file_ref idref="fl-1e"/>
      </object_component>
      <object_component id="oc-3c6">
         <name>.const:g_ppui32I2CIntMapSnowflake</name>
         <load_address>0x17108</load_address>
         <run_address>0x17108</run_address>
         <size>0x50</size>
         <input_file_ref idref="fl-14"/>
      </object_component>
      <object_component id="oc-331">
         <name>.const:g_ppui32UARTIntMap</name>
         <load_address>0x17158</load_address>
         <run_address>0x17158</run_address>
         <size>0x40</size>
         <input_file_ref idref="fl-22"/>
      </object_component>
      <object_component id="oc-334">
         <name>.const:g_ppui32UARTIntMapSnowflake</name>
         <load_address>0x17198</load_address>
         <run_address>0x17198</run_address>
         <size>0x40</size>
         <input_file_ref idref="fl-22"/>
      </object_component>
      <object_component id="oc-3c3">
         <name>.const:g_ppui32I2CIntMap</name>
         <load_address>0x171d8</load_address>
         <run_address>0x171d8</run_address>
         <size>0x30</size>
         <input_file_ref idref="fl-14"/>
      </object_component>
      <object_component id="oc-15f">
         <name>.const:g_sXTALtoMEMTIM</name>
         <load_address>0x17208</load_address>
         <run_address>0x17208</run_address>
         <size>0x30</size>
         <input_file_ref idref="fl-1e"/>
      </object_component>
      <object_component id="oc-2bc">
         <name>.const:g_ppui32SSIIntMap</name>
         <load_address>0x17238</load_address>
         <run_address>0x17238</run_address>
         <size>0x20</size>
         <input_file_ref idref="fl-1c"/>
      </object_component>
      <object_component id="oc-2bf">
         <name>.const:g_ppui32SSIIntMapSnowflake</name>
         <load_address>0x17258</load_address>
         <run_address>0x17258</run_address>
         <size>0x20</size>
         <input_file_ref idref="fl-1c"/>
      </object_component>
      <object_component id="oc-17b">
         <name>.const:g_pui32Priority</name>
         <load_address>0x17278</load_address>
         <run_address>0x17278</run_address>
         <size>0x20</size>
         <input_file_ref idref="fl-15"/>
      </object_component>
      <object_component id="oc-184">
         <name>.const:g_pui32Dii16Regs</name>
         <load_address>0x17298</load_address>
         <run_address>0x17298</run_address>
         <size>0x14</size>
         <input_file_ref idref="fl-15"/>
      </object_component>
      <object_component id="oc-181">
         <name>.const:g_pui32EnRegs</name>
         <load_address>0x172ac</load_address>
         <run_address>0x172ac</run_address>
         <size>0x14</size>
         <input_file_ref idref="fl-15"/>
      </object_component>
      <object_component id="oc-187">
         <name>.const:g_pui32PendRegs</name>
         <load_address>0x172c0</load_address>
         <run_address>0x172c0</run_address>
         <size>0x14</size>
         <input_file_ref idref="fl-15"/>
      </object_component>
      <object_component id="oc-18a">
         <name>.const:g_pui32UnpendRegs</name>
         <load_address>0x172d4</load_address>
         <run_address>0x172d4</run_address>
         <size>0x14</size>
         <input_file_ref idref="fl-15"/>
      </object_component>
      <object_component id="oc-3be">
         <name>.const:.string</name>
         <load_address>0x172e8</load_address>
         <run_address>0x172e8</run_address>
         <size>0x12</size>
         <input_file_ref idref="fl-23"/>
      </object_component>
      <object_component id="oc-33f">
         <name>.const:g_ui32UARTBase</name>
         <load_address>0x172fc</load_address>
         <run_address>0x172fc</run_address>
         <size>0xc</size>
         <input_file_ref idref="fl-23"/>
      </object_component>
      <object_component id="oc-339">
         <name>.const:g_ui32UARTPeriph</name>
         <load_address>0x17308</load_address>
         <run_address>0x17308</run_address>
         <size>0xc</size>
         <input_file_ref idref="fl-23"/>
      </object_component>
      <object_component id="oc-1bf">
         <name>.const:yas532_version_ac_coef</name>
         <load_address>0x17314</load_address>
         <run_address>0x17314</run_address>
         <size>0xc</size>
         <input_file_ref idref="fl-2f"/>
      </object_component>
      <object_component id="oc-16b">
         <name>.const:g_pui32VCOFrequencies</name>
         <load_address>0x17320</load_address>
         <run_address>0x17320</run_address>
         <size>0x8</size>
         <input_file_ref idref="fl-1e"/>
      </object_component>
      <object_component id="oc-1c3">
         <name>.const:v_calib_data$2</name>
         <load_address>0x17328</load_address>
         <run_address>0x17328</run_address>
         <size>0x8</size>
         <input_file_ref idref="fl-2f"/>
      </object_component>
      <object_component id="oc-374">
         <name>.const:.string:$P$T0$1</name>
         <load_address>0x17330</load_address>
         <run_address>0x17330</run_address>
         <size>0x5</size>
         <input_file_ref idref="fl-2e"/>
      </object_component>
      <object_component id="oc-1c2">
         <name>.const:.string:v_correct_u8$1</name>
         <load_address>0x17335</load_address>
         <run_address>0x17335</run_address>
         <size>0x5</size>
         <input_file_ref idref="fl-2f"/>
      </object_component>
      <object_component id="oc-347">
         <name>.const</name>
         <load_address>0x1733c</load_address>
         <run_address>0x1733c</run_address>
         <size>0x4</size>
         <input_file_ref idref="fl-23"/>
      </object_component>
      <object_component id="oc-1bc">
         <name>.const:.string:INVALID_OFFSET</name>
         <load_address>0x17340</load_address>
         <run_address>0x17340</run_address>
         <size>0x3</size>
         <input_file_ref idref="fl-2f"/>
      </object_component>
      <object_component id="oc-43f">
         <name>.cinit..data.load</name>
         <load_address>0x17348</load_address>
         <run_address>0x17348</run_address>
         <size>0x17</size>
      </object_component>
      <object_component id="oc-43c">
         <name>__TI_handler_table</name>
         <load_address>0x17360</load_address>
         <run_address>0x17360</run_address>
         <size>0xc</size>
      </object_component>
      <object_component id="oc-440">
         <name>.cinit..bss.load</name>
         <load_address>0x17370</load_address>
         <run_address>0x17370</run_address>
         <size>0x8</size>
      </object_component>
      <object_component id="oc-43e">
         <name>.cinit..vtable.load</name>
         <load_address>0x17378</load_address>
         <run_address>0x17378</run_address>
         <size>0x8</size>
      </object_component>
      <object_component id="oc-43d">
         <name>__TI_cinit_table</name>
         <load_address>0x17380</load_address>
         <run_address>0x17380</run_address>
         <size>0x18</size>
      </object_component>
      <object_component id="oc-178">
         <name>.vtable</name>
         <uninitialized>true</uninitialized>
         <run_address>0x20000000</run_address>
         <size>0x26c</size>
         <input_file_ref idref="fl-15"/>
      </object_component>
      <object_component id="oc-ed">
         <name>.data</name>
         <load_address>0x2000681c</load_address>
         <run_address>0x2000681c</run_address>
         <size>0x8</size>
         <input_file_ref idref="fl-3"/>
      </object_component>
      <object_component id="oc-33c">
         <name>.data</name>
         <load_address>0x20006824</load_address>
         <run_address>0x20006824</run_address>
         <size>0x5</size>
         <input_file_ref idref="fl-23"/>
      </object_component>
      <object_component id="oc-1b0">
         <name>.data</name>
         <load_address>0x20006814</load_address>
         <run_address>0x20006814</run_address>
         <size>0x8</size>
         <input_file_ref idref="fl-2f"/>
      </object_component>
      <object_component id="oc-1a8">
         <name>.data:v_fifo_data_u8</name>
         <load_address>0x20006414</load_address>
         <run_address>0x20006414</run_address>
         <size>0x400</size>
         <input_file_ref idref="fl-2f"/>
      </object_component>
      <object_component id="oc-224">
         <name>.bss:g_pui8OversampleFactor</name>
         <uninitialized>true</uninitialized>
         <run_address>0x200063cc</run_address>
         <size>0x8</size>
         <input_file_ref idref="fl-5"/>
      </object_component>
      <object_component id="oc-357">
         <name>.bss</name>
         <uninitialized>true</uninitialized>
         <run_address>0x2000640b</run_address>
         <size>0x1</size>
         <input_file_ref idref="fl-29"/>
      </object_component>
      <object_component id="oc-3da">
         <name>.bss</name>
         <uninitialized>true</uninitialized>
         <run_address>0x200063e0</run_address>
         <size>0x4</size>
         <input_file_ref idref="fl-2d"/>
      </object_component>
      <object_component id="oc-1a5">
         <name>.bss</name>
         <uninitialized>true</uninitialized>
         <run_address>0x200063e4</run_address>
         <size>0x4</size>
         <input_file_ref idref="fl-2f"/>
      </object_component>
      <object_component id="oc-1b3">
         <name>.bss:mag_trim</name>
         <uninitialized>true</uninitialized>
         <run_address>0x200063b0</run_address>
         <size>0x10</size>
         <input_file_ref idref="fl-2f"/>
      </object_component>
      <object_component id="oc-1b6">
         <name>.bss:akm_asa_data</name>
         <uninitialized>true</uninitialized>
         <run_address>0x20006408</run_address>
         <size>0x3</size>
         <input_file_ref idref="fl-2f"/>
      </object_component>
      <object_component id="oc-1b9">
         <name>.bss:yas532_data</name>
         <uninitialized>true</uninitialized>
         <run_address>0x200062f0</run_address>
         <size>0x70</size>
         <input_file_ref idref="fl-2f"/>
      </object_component>
      <object_component id="oc-35c">
         <name>.bss</name>
         <uninitialized>true</uninitialized>
         <run_address>0x2000640c</run_address>
         <size>0x2</size>
         <input_file_ref idref="fl-33"/>
      </object_component>
      <object_component id="oc-21e">
         <name>.bss:FIFOs</name>
         <uninitialized>true</uninitialized>
         <run_address>0x20006020</run_address>
         <size>0x150</size>
         <input_file_ref idref="fl-35"/>
      </object_component>
      <object_component id="oc-a9">
         <name>.bss</name>
         <uninitialized>true</uninitialized>
         <run_address>0x200063c0</run_address>
         <size>0xc</size>
         <input_file_ref idref="fl-36"/>
      </object_component>
      <object_component id="oc-b1">
         <name>.bss:threadControlBlocks</name>
         <uninitialized>true</uninitialized>
         <run_address>0x2000526c</run_address>
         <size>0x370</size>
         <input_file_ref idref="fl-36"/>
      </object_component>
      <object_component id="oc-b7">
         <name>.bss:threadStacks</name>
         <uninitialized>true</uninitialized>
         <run_address>0x2000026c</run_address>
         <size>0x5000</size>
         <input_file_ref idref="fl-36"/>
      </object_component>
      <object_component id="oc-a6">
         <name>.bss:Pthread</name>
         <uninitialized>true</uninitialized>
         <run_address>0x20006260</run_address>
         <size>0x90</size>
         <input_file_ref idref="fl-36"/>
      </object_component>
      <object_component id="oc-b4">
         <name>.common:IBit_State</name>
         <uninitialized>true</uninitialized>
         <run_address>0x200063ec</run_address>
         <size>0x4</size>
      </object_component>
      <object_component id="oc-85">
         <name>.common:CurrentlyRunningThread</name>
         <uninitialized>true</uninitialized>
         <run_address>0x200063e8</run_address>
         <size>0x4</size>
      </object_component>
      <object_component id="oc-a4">
         <name>.common:tempNextThread</name>
         <uninitialized>true</uninitialized>
         <run_address>0x20006404</run_address>
         <size>0x4</size>
      </object_component>
      <object_component id="oc-a3">
         <name>.common:currentMaxPriority</name>
         <uninitialized>true</uninitialized>
         <run_address>0x20006412</run_address>
         <size>0x2</size>
      </object_component>
      <object_component id="oc-f0">
         <name>.common:Sensor_I2C</name>
         <uninitialized>true</uninitialized>
         <run_address>0x200063fc</run_address>
         <size>0x4</size>
      </object_component>
      <object_component id="oc-f4">
         <name>.common:SPI_Bus</name>
         <uninitialized>true</uninitialized>
         <run_address>0x200063f8</run_address>
         <size>0x4</size>
      </object_component>
      <object_component id="oc-f3">
         <name>.common:balls</name>
         <uninitialized>true</uninitialized>
         <run_address>0x20006170</run_address>
         <size>0xf0</size>
      </object_component>
      <object_component id="oc-f1">
         <name>.common:accelerometerX</name>
         <uninitialized>true</uninitialized>
         <run_address>0x2000640e</run_address>
         <size>0x2</size>
      </object_component>
      <object_component id="oc-f2">
         <name>.common:accelerometerY</name>
         <uninitialized>true</uninitialized>
         <run_address>0x20006410</run_address>
         <size>0x2</size>
      </object_component>
      <object_component id="oc-37d">
         <name>.common:REGISTER_LEDS</name>
         <uninitialized>true</uninitialized>
         <run_address>0x200063f4</run_address>
         <size>0x4</size>
      </object_component>
      <object_component id="oc-382">
         <name>.common:LEDShiftTemp</name>
         <uninitialized>true</uninitialized>
         <run_address>0x200063f0</run_address>
         <size>0x4</size>
      </object_component>
      <object_component id="oc-371">
         <name>.common:bme280</name>
         <uninitialized>true</uninitialized>
         <run_address>0x20006360</run_address>
         <size>0x3c</size>
      </object_component>
      <object_component id="oc-1ab">
         <name>.common:accel_fifo</name>
         <uninitialized>true</uninitialized>
         <run_address>0x200055dc</run_address>
         <size>0x36c</size>
      </object_component>
      <object_component id="oc-1ae">
         <name>.common:gyro_fifo</name>
         <uninitialized>true</uninitialized>
         <run_address>0x20005948</run_address>
         <size>0x36c</size>
      </object_component>
      <object_component id="oc-1af">
         <name>.common:mag_fifo</name>
         <uninitialized>true</uninitialized>
         <run_address>0x20005cb4</run_address>
         <size>0x36c</size>
      </object_component>
      <object_component id="oc-360">
         <name>.common:s_bmi160</name>
         <uninitialized>true</uninitialized>
         <run_address>0x2000639c</run_address>
         <size>0x14</size>
      </object_component>
      <object_component id="oc-363">
         <name>.common:gyroxyz</name>
         <uninitialized>true</uninitialized>
         <run_address>0x200063da</run_address>
         <size>0x6</size>
      </object_component>
      <object_component id="oc-364">
         <name>.common:accelxyz</name>
         <uninitialized>true</uninitialized>
         <run_address>0x200063d4</run_address>
         <size>0x6</size>
      </object_component>
      <object_component id="oc-a5">
         <name>.common:SystemTime</name>
         <uninitialized>true</uninitialized>
         <run_address>0x20006400</run_address>
         <size>0x4</size>
      </object_component>
      <object_component id="oc-24">
         <name>.stack</name>
         <uninitialized>true</uninitialized>
         <run_address>0x20006830</run_address>
         <size>0x4</size>
         <input_file_ref idref="fl-fd"/>
      </object_component>
      <object_component id="oc-442">
         <name>.stack</name>
         <uninitialized>true</uninitialized>
         <run_address>0x20006830</run_address>
         <size>0x0</size>
      </object_component>
      <object_component id="oc-86">
         <name>.debug_info</name>
         <load_address>0x0</load_address>
         <run_address>0x0</run_address>
         <size>0x5dc</size>
         <input_file_ref idref="fl-2"/>
      </object_component>
      <object_component id="oc-12f">
         <name>.debug_info</name>
         <load_address>0x5dc</load_address>
         <run_address>0x5dc</run_address>
         <size>0x1ee</size>
         <input_file_ref idref="fl-2"/>
      </object_component>
      <object_component id="oc-c5">
         <name>.debug_info</name>
         <load_address>0x7ca</load_address>
         <run_address>0x7ca</run_address>
         <size>0x7e</size>
         <input_file_ref idref="fl-2"/>
      </object_component>
      <object_component id="oc-141">
         <name>.debug_info</name>
         <load_address>0x848</load_address>
         <run_address>0x848</run_address>
         <size>0xd6</size>
         <input_file_ref idref="fl-2"/>
      </object_component>
      <object_component id="oc-107">
         <name>.debug_info</name>
         <load_address>0x91e</load_address>
         <run_address>0x91e</run_address>
         <size>0x26b</size>
         <input_file_ref idref="fl-2"/>
      </object_component>
      <object_component id="oc-f6">
         <name>.debug_info</name>
         <load_address>0xb89</load_address>
         <run_address>0xb89</run_address>
         <size>0x62</size>
         <input_file_ref idref="fl-2"/>
      </object_component>
      <object_component id="oc-c0">
         <name>.debug_info</name>
         <load_address>0xbeb</load_address>
         <run_address>0xbeb</run_address>
         <size>0x8b</size>
         <input_file_ref idref="fl-2"/>
      </object_component>
      <object_component id="oc-19f">
         <name>.debug_info</name>
         <load_address>0xc76</load_address>
         <run_address>0xc76</run_address>
         <size>0x2a4</size>
         <input_file_ref idref="fl-2"/>
      </object_component>
      <object_component id="oc-172">
         <name>.debug_info</name>
         <load_address>0xf1a</load_address>
         <run_address>0xf1a</run_address>
         <size>0xef</size>
         <input_file_ref idref="fl-2"/>
      </object_component>
      <object_component id="oc-bb">
         <name>.debug_info</name>
         <load_address>0x1009</load_address>
         <run_address>0x1009</run_address>
         <size>0xbb</size>
         <input_file_ref idref="fl-2"/>
      </object_component>
      <object_component id="oc-146">
         <name>.debug_info</name>
         <load_address>0x10c4</load_address>
         <run_address>0x10c4</run_address>
         <size>0x2c</size>
         <input_file_ref idref="fl-2"/>
      </object_component>
      <object_component id="oc-ca">
         <name>.debug_info</name>
         <load_address>0x10f0</load_address>
         <run_address>0x10f0</run_address>
         <size>0x1a2</size>
         <input_file_ref idref="fl-2"/>
      </object_component>
      <object_component id="oc-88">
         <name>.debug_info</name>
         <load_address>0x1292</load_address>
         <run_address>0x1292</run_address>
         <size>0x81c</size>
         <input_file_ref idref="fl-3"/>
      </object_component>
      <object_component id="oc-ee">
         <name>.debug_info</name>
         <load_address>0x1aae</load_address>
         <run_address>0x1aae</run_address>
         <size>0x181</size>
         <input_file_ref idref="fl-3"/>
      </object_component>
      <object_component id="oc-39">
         <name>.debug_info</name>
         <load_address>0x1c2f</load_address>
         <run_address>0x1c2f</run_address>
         <size>0x57d</size>
         <input_file_ref idref="fl-3"/>
      </object_component>
      <object_component id="oc-14d">
         <name>.debug_info</name>
         <load_address>0x21ac</load_address>
         <run_address>0x21ac</run_address>
         <size>0x6d1</size>
         <input_file_ref idref="fl-3"/>
      </object_component>
      <object_component id="oc-366">
         <name>.debug_info</name>
         <load_address>0x287d</load_address>
         <run_address>0x287d</run_address>
         <size>0x7d</size>
         <input_file_ref idref="fl-3"/>
      </object_component>
      <object_component id="oc-46">
         <name>.debug_info</name>
         <load_address>0x28fa</load_address>
         <run_address>0x28fa</run_address>
         <size>0x332</size>
         <input_file_ref idref="fl-4"/>
      </object_component>
      <object_component id="oc-13">
         <name>.debug_info</name>
         <load_address>0x2c2c</load_address>
         <run_address>0x2c2c</run_address>
         <size>0xed</size>
         <input_file_ref idref="fl-4"/>
      </object_component>
      <object_component id="oc-28">
         <name>.debug_info</name>
         <load_address>0x2d19</load_address>
         <run_address>0x2d19</run_address>
         <size>0x269</size>
         <input_file_ref idref="fl-4"/>
      </object_component>
      <object_component id="oc-4d">
         <name>.debug_info</name>
         <load_address>0x2f82</load_address>
         <run_address>0x2f82</run_address>
         <size>0x84</size>
         <input_file_ref idref="fl-4"/>
      </object_component>
      <object_component id="oc-228">
         <name>.debug_info</name>
         <load_address>0x3006</load_address>
         <run_address>0x3006</run_address>
         <size>0x341</size>
         <input_file_ref idref="fl-5"/>
      </object_component>
      <object_component id="oc-225">
         <name>.debug_info</name>
         <load_address>0x3347</load_address>
         <run_address>0x3347</run_address>
         <size>0x102</size>
         <input_file_ref idref="fl-5"/>
      </object_component>
      <object_component id="oc-fe">
         <name>.debug_info</name>
         <load_address>0x3449</load_address>
         <run_address>0x3449</run_address>
         <size>0x2f80</size>
         <input_file_ref idref="fl-5"/>
      </object_component>
      <object_component id="oc-166">
         <name>.debug_info</name>
         <load_address>0x63c9</load_address>
         <run_address>0x63c9</run_address>
         <size>0x3e3</size>
         <input_file_ref idref="fl-9"/>
      </object_component>
      <object_component id="oc-1cf">
         <name>.debug_info</name>
         <load_address>0x67ac</load_address>
         <run_address>0x67ac</run_address>
         <size>0x36b</size>
         <input_file_ref idref="fl-12"/>
      </object_component>
      <object_component id="oc-1c6">
         <name>.debug_info</name>
         <load_address>0x6b17</load_address>
         <run_address>0x6b17</run_address>
         <size>0x10b</size>
         <input_file_ref idref="fl-12"/>
      </object_component>
      <object_component id="oc-1c9">
         <name>.debug_info</name>
         <load_address>0x6c22</load_address>
         <run_address>0x6c22</run_address>
         <size>0x10d</size>
         <input_file_ref idref="fl-12"/>
      </object_component>
      <object_component id="oc-1cc">
         <name>.debug_info</name>
         <load_address>0x6d2f</load_address>
         <run_address>0x6d2f</run_address>
         <size>0xff</size>
         <input_file_ref idref="fl-12"/>
      </object_component>
      <object_component id="oc-dd">
         <name>.debug_info</name>
         <load_address>0x6e2e</load_address>
         <run_address>0x6e2e</run_address>
         <size>0x3708</size>
         <input_file_ref idref="fl-12"/>
      </object_component>
      <object_component id="oc-3ca">
         <name>.debug_info</name>
         <load_address>0xa536</load_address>
         <run_address>0xa536</run_address>
         <size>0x35c</size>
         <input_file_ref idref="fl-14"/>
      </object_component>
      <object_component id="oc-3c4">
         <name>.debug_info</name>
         <load_address>0xa892</load_address>
         <run_address>0xa892</run_address>
         <size>0xf8</size>
         <input_file_ref idref="fl-14"/>
      </object_component>
      <object_component id="oc-3c7">
         <name>.debug_info</name>
         <load_address>0xa98a</load_address>
         <run_address>0xa98a</run_address>
         <size>0x10a</size>
         <input_file_ref idref="fl-14"/>
      </object_component>
      <object_component id="oc-354">
         <name>.debug_info</name>
         <load_address>0xaa94</load_address>
         <run_address>0xaa94</run_address>
         <size>0x30fa</size>
         <input_file_ref idref="fl-14"/>
      </object_component>
      <object_component id="oc-18e">
         <name>.debug_info</name>
         <load_address>0xdb8e</load_address>
         <run_address>0xdb8e</run_address>
         <size>0x348</size>
         <input_file_ref idref="fl-15"/>
      </object_component>
      <object_component id="oc-17c">
         <name>.debug_info</name>
         <load_address>0xded6</load_address>
         <run_address>0xded6</run_address>
         <size>0xfa</size>
         <input_file_ref idref="fl-15"/>
      </object_component>
      <object_component id="oc-17f">
         <name>.debug_info</name>
         <load_address>0xdfd0</load_address>
         <run_address>0xdfd0</run_address>
         <size>0xf2</size>
         <input_file_ref idref="fl-15"/>
      </object_component>
      <object_component id="oc-182">
         <name>.debug_info</name>
         <load_address>0xe0c2</load_address>
         <run_address>0xe0c2</run_address>
         <size>0xf6</size>
         <input_file_ref idref="fl-15"/>
      </object_component>
      <object_component id="oc-185">
         <name>.debug_info</name>
         <load_address>0xe1b8</load_address>
         <run_address>0xe1b8</run_address>
         <size>0xfc</size>
         <input_file_ref idref="fl-15"/>
      </object_component>
      <object_component id="oc-188">
         <name>.debug_info</name>
         <load_address>0xe2b4</load_address>
         <run_address>0xe2b4</run_address>
         <size>0xfa</size>
         <input_file_ref idref="fl-15"/>
      </object_component>
      <object_component id="oc-18b">
         <name>.debug_info</name>
         <load_address>0xe3ae</load_address>
         <run_address>0xe3ae</run_address>
         <size>0xfe</size>
         <input_file_ref idref="fl-15"/>
      </object_component>
      <object_component id="oc-179">
         <name>.debug_info</name>
         <load_address>0xe4ac</load_address>
         <run_address>0xe4ac</run_address>
         <size>0xfb</size>
         <input_file_ref idref="fl-15"/>
      </object_component>
      <object_component id="oc-9f">
         <name>.debug_info</name>
         <load_address>0xe5a7</load_address>
         <run_address>0xe5a7</run_address>
         <size>0xeb5</size>
         <input_file_ref idref="fl-15"/>
      </object_component>
      <object_component id="oc-2c3">
         <name>.debug_info</name>
         <load_address>0xf45c</load_address>
         <run_address>0xf45c</run_address>
         <size>0x34c</size>
         <input_file_ref idref="fl-1c"/>
      </object_component>
      <object_component id="oc-2bd">
         <name>.debug_info</name>
         <load_address>0xf7a8</load_address>
         <run_address>0xf7a8</run_address>
         <size>0xf8</size>
         <input_file_ref idref="fl-1c"/>
      </object_component>
      <object_component id="oc-2c0">
         <name>.debug_info</name>
         <load_address>0xf8a0</load_address>
         <run_address>0xf8a0</run_address>
         <size>0x10a</size>
         <input_file_ref idref="fl-1c"/>
      </object_component>
      <object_component id="oc-1d4">
         <name>.debug_info</name>
         <load_address>0xf9aa</load_address>
         <run_address>0xf9aa</run_address>
         <size>0x1917</size>
         <input_file_ref idref="fl-1c"/>
      </object_component>
      <object_component id="oc-177">
         <name>.debug_info</name>
         <load_address>0x112c1</load_address>
         <run_address>0x112c1</run_address>
         <size>0x3cd</size>
         <input_file_ref idref="fl-1e"/>
      </object_component>
      <object_component id="oc-169">
         <name>.debug_info</name>
         <load_address>0x1168e</load_address>
         <run_address>0x1168e</run_address>
         <size>0xf1</size>
         <input_file_ref idref="fl-1e"/>
      </object_component>
      <object_component id="oc-16f">
         <name>.debug_info</name>
         <load_address>0x1177f</load_address>
         <run_address>0x1177f</run_address>
         <size>0xfd</size>
         <input_file_ref idref="fl-1e"/>
      </object_component>
      <object_component id="oc-160">
         <name>.debug_info</name>
         <load_address>0x1187c</load_address>
         <run_address>0x1187c</run_address>
         <size>0xf7</size>
         <input_file_ref idref="fl-1e"/>
      </object_component>
      <object_component id="oc-16c">
         <name>.debug_info</name>
         <load_address>0x11973</load_address>
         <run_address>0x11973</run_address>
         <size>0x104</size>
         <input_file_ref idref="fl-1e"/>
      </object_component>
      <object_component id="oc-9a">
         <name>.debug_info</name>
         <load_address>0x11a77</load_address>
         <run_address>0x11a77</run_address>
         <size>0x310b</size>
         <input_file_ref idref="fl-1e"/>
      </object_component>
      <object_component id="oc-28e">
         <name>.debug_info</name>
         <load_address>0x14b82</load_address>
         <run_address>0x14b82</run_address>
         <size>0x51</size>
         <input_file_ref idref="fl-1e"/>
      </object_component>
      <object_component id="oc-15e">
         <name>.debug_info</name>
         <load_address>0x14bd3</load_address>
         <run_address>0x14bd3</run_address>
         <size>0x2d7</size>
         <input_file_ref idref="fl-20"/>
      </object_component>
      <object_component id="oc-94">
         <name>.debug_info</name>
         <load_address>0x14eaa</load_address>
         <run_address>0x14eaa</run_address>
         <size>0x63a</size>
         <input_file_ref idref="fl-20"/>
      </object_component>
      <object_component id="oc-338">
         <name>.debug_info</name>
         <load_address>0x154e4</load_address>
         <run_address>0x154e4</run_address>
         <size>0x34d</size>
         <input_file_ref idref="fl-22"/>
      </object_component>
      <object_component id="oc-332">
         <name>.debug_info</name>
         <load_address>0x15831</load_address>
         <run_address>0x15831</run_address>
         <size>0xfb</size>
         <input_file_ref idref="fl-22"/>
      </object_component>
      <object_component id="oc-335">
         <name>.debug_info</name>
         <load_address>0x1592c</load_address>
         <run_address>0x1592c</run_address>
         <size>0x10d</size>
         <input_file_ref idref="fl-22"/>
      </object_component>
      <object_component id="oc-2d6">
         <name>.debug_info</name>
         <load_address>0x15a39</load_address>
         <run_address>0x15a39</run_address>
         <size>0x2bed</size>
         <input_file_ref idref="fl-22"/>
      </object_component>
      <object_component id="oc-34b">
         <name>.debug_info</name>
         <load_address>0x18626</load_address>
         <run_address>0x18626</run_address>
         <size>0x3f9</size>
         <input_file_ref idref="fl-23"/>
      </object_component>
      <object_component id="oc-33d">
         <name>.debug_info</name>
         <load_address>0x18a1f</load_address>
         <run_address>0x18a1f</run_address>
         <size>0xf0</size>
         <input_file_ref idref="fl-23"/>
      </object_component>
      <object_component id="oc-348">
         <name>.debug_info</name>
         <load_address>0x18b0f</load_address>
         <run_address>0x18b0f</run_address>
         <size>0xea</size>
         <input_file_ref idref="fl-23"/>
      </object_component>
      <object_component id="oc-340">
         <name>.debug_info</name>
         <load_address>0x18bf9</load_address>
         <run_address>0x18bf9</run_address>
         <size>0xf8</size>
         <input_file_ref idref="fl-23"/>
      </object_component>
      <object_component id="oc-33a">
         <name>.debug_info</name>
         <load_address>0x18cf1</load_address>
         <run_address>0x18cf1</run_address>
         <size>0xfc</size>
         <input_file_ref idref="fl-23"/>
      </object_component>
      <object_component id="oc-2dd">
         <name>.debug_info</name>
         <load_address>0x18ded</load_address>
         <run_address>0x18ded</run_address>
         <size>0x8ad</size>
         <input_file_ref idref="fl-23"/>
      </object_component>
      <object_component id="oc-34c">
         <name>.debug_info</name>
         <load_address>0x1969a</load_address>
         <run_address>0x1969a</run_address>
         <size>0x2c</size>
         <input_file_ref idref="fl-23"/>
      </object_component>
      <object_component id="oc-280">
         <name>.debug_info</name>
         <load_address>0x196c6</load_address>
         <run_address>0x196c6</run_address>
         <size>0x28f</size>
         <input_file_ref idref="fl-27"/>
      </object_component>
      <object_component id="oc-32e">
         <name>.debug_info</name>
         <load_address>0x19955</load_address>
         <run_address>0x19955</run_address>
         <size>0xe5</size>
         <input_file_ref idref="fl-27"/>
      </object_component>
      <object_component id="oc-2c7">
         <name>.debug_info</name>
         <load_address>0x19a3a</load_address>
         <run_address>0x19a3a</run_address>
         <size>0x1b5</size>
         <input_file_ref idref="fl-27"/>
      </object_component>
      <object_component id="oc-232">
         <name>.debug_info</name>
         <load_address>0x19bef</load_address>
         <run_address>0x19bef</run_address>
         <size>0x2c</size>
         <input_file_ref idref="fl-27"/>
      </object_component>
      <object_component id="oc-154">
         <name>.debug_info</name>
         <load_address>0x19c1b</load_address>
         <run_address>0x19c1b</run_address>
         <size>0x35</size>
         <input_file_ref idref="fl-27"/>
      </object_component>
      <object_component id="oc-37e">
         <name>.debug_info</name>
         <load_address>0x19c50</load_address>
         <run_address>0x19c50</run_address>
         <size>0x6ef</size>
         <input_file_ref idref="fl-28"/>
      </object_component>
      <object_component id="oc-23e">
         <name>.debug_info</name>
         <load_address>0x1a33f</load_address>
         <run_address>0x1a33f</run_address>
         <size>0x446</size>
         <input_file_ref idref="fl-28"/>
      </object_component>
      <object_component id="oc-384">
         <name>.debug_info</name>
         <load_address>0x1a785</load_address>
         <run_address>0x1a785</run_address>
         <size>0x55</size>
         <input_file_ref idref="fl-28"/>
      </object_component>
      <object_component id="oc-358">
         <name>.debug_info</name>
         <load_address>0x1a7da</load_address>
         <run_address>0x1a7da</run_address>
         <size>0xfc</size>
         <input_file_ref idref="fl-29"/>
      </object_component>
      <object_component id="oc-2e1">
         <name>.debug_info</name>
         <load_address>0x1a8d6</load_address>
         <run_address>0x1a8d6</run_address>
         <size>0xbe5</size>
         <input_file_ref idref="fl-29"/>
      </object_component>
      <object_component id="oc-103">
         <name>.debug_info</name>
         <load_address>0x1b4bb</load_address>
         <run_address>0x1b4bb</run_address>
         <size>0x633</size>
         <input_file_ref idref="fl-2a"/>
      </object_component>
      <object_component id="oc-41">
         <name>.debug_info</name>
         <load_address>0x1baee</load_address>
         <run_address>0x1baee</run_address>
         <size>0x5c7</size>
         <input_file_ref idref="fl-2a"/>
      </object_component>
      <object_component id="oc-8a">
         <name>.debug_info</name>
         <load_address>0x1c0b5</load_address>
         <run_address>0x1c0b5</run_address>
         <size>0x6f4</size>
         <input_file_ref idref="fl-2b"/>
      </object_component>
      <object_component id="oc-1fc">
         <name>.debug_info</name>
         <load_address>0x1c7a9</load_address>
         <run_address>0x1c7a9</run_address>
         <size>0x24c</size>
         <input_file_ref idref="fl-2b"/>
      </object_component>
      <object_component id="oc-1f5">
         <name>.debug_info</name>
         <load_address>0x1c9f5</load_address>
         <run_address>0x1c9f5</run_address>
         <size>0x18a</size>
         <input_file_ref idref="fl-2b"/>
      </object_component>
      <object_component id="oc-203">
         <name>.debug_info</name>
         <load_address>0x1cb7f</load_address>
         <run_address>0x1cb7f</run_address>
         <size>0x1b1</size>
         <input_file_ref idref="fl-2b"/>
      </object_component>
      <object_component id="oc-1e7">
         <name>.debug_info</name>
         <load_address>0x1cd30</load_address>
         <run_address>0x1cd30</run_address>
         <size>0x1b7</size>
         <input_file_ref idref="fl-2b"/>
      </object_component>
      <object_component id="oc-1ee">
         <name>.debug_info</name>
         <load_address>0x1cee7</load_address>
         <run_address>0x1cee7</run_address>
         <size>0x169</size>
         <input_file_ref idref="fl-2b"/>
      </object_component>
      <object_component id="oc-1d9">
         <name>.debug_info</name>
         <load_address>0x1d050</load_address>
         <run_address>0x1d050</run_address>
         <size>0x1e6</size>
         <input_file_ref idref="fl-2b"/>
      </object_component>
      <object_component id="oc-1df">
         <name>.debug_info</name>
         <load_address>0x1d236</load_address>
         <run_address>0x1d236</run_address>
         <size>0x1b9</size>
         <input_file_ref idref="fl-2b"/>
      </object_component>
      <object_component id="oc-e2">
         <name>.debug_info</name>
         <load_address>0x1d3ef</load_address>
         <run_address>0x1d3ef</run_address>
         <size>0x1270</size>
         <input_file_ref idref="fl-2b"/>
      </object_component>
      <object_component id="oc-380">
         <name>.debug_info</name>
         <load_address>0x1e65f</load_address>
         <run_address>0x1e65f</run_address>
         <size>0x3d8</size>
         <input_file_ref idref="fl-2c"/>
      </object_component>
      <object_component id="oc-2ff">
         <name>.debug_info</name>
         <load_address>0x1ea37</load_address>
         <run_address>0x1ea37</run_address>
         <size>0x765</size>
         <input_file_ref idref="fl-2c"/>
      </object_component>
      <object_component id="oc-3e8">
         <name>.debug_info</name>
         <load_address>0x1f19c</load_address>
         <run_address>0x1f19c</run_address>
         <size>0x2ff</size>
         <input_file_ref idref="fl-2d"/>
      </object_component>
      <object_component id="oc-3db">
         <name>.debug_info</name>
         <load_address>0x1f49b</load_address>
         <run_address>0x1f49b</run_address>
         <size>0xe3</size>
         <input_file_ref idref="fl-2d"/>
      </object_component>
      <object_component id="oc-36d">
         <name>.debug_info</name>
         <load_address>0x1f57e</load_address>
         <run_address>0x1f57e</run_address>
         <size>0x3906</size>
         <input_file_ref idref="fl-2d"/>
      </object_component>
      <object_component id="oc-378">
         <name>.debug_info</name>
         <load_address>0x22e84</load_address>
         <run_address>0x22e84</run_address>
         <size>0x338</size>
         <input_file_ref idref="fl-2d"/>
      </object_component>
      <object_component id="oc-372">
         <name>.debug_info</name>
         <load_address>0x231bc</load_address>
         <run_address>0x231bc</run_address>
         <size>0xb4f</size>
         <input_file_ref idref="fl-2e"/>
      </object_component>
      <object_component id="oc-375">
         <name>.debug_info</name>
         <load_address>0x23d0b</load_address>
         <run_address>0x23d0b</run_address>
         <size>0xea</size>
         <input_file_ref idref="fl-2e"/>
      </object_component>
      <object_component id="oc-2f9">
         <name>.debug_info</name>
         <load_address>0x23df5</load_address>
         <run_address>0x23df5</run_address>
         <size>0x10c7</size>
         <input_file_ref idref="fl-2e"/>
      </object_component>
      <object_component id="oc-3d1">
         <name>.debug_info</name>
         <load_address>0x24ebc</load_address>
         <run_address>0x24ebc</run_address>
         <size>0x4e6</size>
         <input_file_ref idref="fl-2e"/>
      </object_component>
      <object_component id="oc-1ac">
         <name>.debug_info</name>
         <load_address>0x253a2</load_address>
         <run_address>0x253a2</run_address>
         <size>0x4ba</size>
         <input_file_ref idref="fl-2f"/>
      </object_component>
      <object_component id="oc-1bd">
         <name>.debug_info</name>
         <load_address>0x2585c</load_address>
         <run_address>0x2585c</run_address>
         <size>0xf0</size>
         <input_file_ref idref="fl-2f"/>
      </object_component>
      <object_component id="oc-1a6">
         <name>.debug_info</name>
         <load_address>0x2594c</load_address>
         <run_address>0x2594c</run_address>
         <size>0xe3</size>
         <input_file_ref idref="fl-2f"/>
      </object_component>
      <object_component id="oc-1b4">
         <name>.debug_info</name>
         <load_address>0x25a2f</load_address>
         <run_address>0x25a2f</run_address>
         <size>0xe3</size>
         <input_file_ref idref="fl-2f"/>
      </object_component>
      <object_component id="oc-1b1">
         <name>.debug_info</name>
         <load_address>0x25b12</load_address>
         <run_address>0x25b12</run_address>
         <size>0x143</size>
         <input_file_ref idref="fl-2f"/>
      </object_component>
      <object_component id="oc-1b7">
         <name>.debug_info</name>
         <load_address>0x25c55</load_address>
         <run_address>0x25c55</run_address>
         <size>0xeb</size>
         <input_file_ref idref="fl-2f"/>
      </object_component>
      <object_component id="oc-1a9">
         <name>.debug_info</name>
         <load_address>0x25d40</load_address>
         <run_address>0x25d40</run_address>
         <size>0xf0</size>
         <input_file_ref idref="fl-2f"/>
      </object_component>
      <object_component id="oc-1c0">
         <name>.debug_info</name>
         <load_address>0x25e30</load_address>
         <run_address>0x25e30</run_address>
         <size>0xff</size>
         <input_file_ref idref="fl-2f"/>
      </object_component>
      <object_component id="oc-1ba">
         <name>.debug_info</name>
         <load_address>0x25f2f</load_address>
         <run_address>0x25f2f</run_address>
         <size>0xe9</size>
         <input_file_ref idref="fl-2f"/>
      </object_component>
      <object_component id="oc-d6">
         <name>.debug_info</name>
         <load_address>0x26018</load_address>
         <run_address>0x26018</run_address>
         <size>0x1d852</size>
         <input_file_ref idref="fl-2f"/>
      </object_component>
      <object_component id="oc-361">
         <name>.debug_info</name>
         <load_address>0x4386a</load_address>
         <run_address>0x4386a</run_address>
         <size>0xfc7</size>
         <input_file_ref idref="fl-30"/>
      </object_component>
      <object_component id="oc-2f4">
         <name>.debug_info</name>
         <load_address>0x44831</load_address>
         <run_address>0x44831</run_address>
         <size>0x1e2c</size>
         <input_file_ref idref="fl-30"/>
      </object_component>
      <object_component id="oc-3d6">
         <name>.debug_info</name>
         <load_address>0x4665d</load_address>
         <run_address>0x4665d</run_address>
         <size>0x28</size>
         <input_file_ref idref="fl-30"/>
      </object_component>
      <object_component id="oc-20a">
         <name>.debug_info</name>
         <load_address>0x46685</load_address>
         <run_address>0x46685</run_address>
         <size>0x19c</size>
         <input_file_ref idref="fl-31"/>
      </object_component>
      <object_component id="oc-2e8">
         <name>.debug_info</name>
         <load_address>0x46821</load_address>
         <run_address>0x46821</run_address>
         <size>0x54e</size>
         <input_file_ref idref="fl-32"/>
      </object_component>
      <object_component id="oc-35d">
         <name>.debug_info</name>
         <load_address>0x46d6f</load_address>
         <run_address>0x46d6f</run_address>
         <size>0xd9</size>
         <input_file_ref idref="fl-33"/>
      </object_component>
      <object_component id="oc-2ed">
         <name>.debug_info</name>
         <load_address>0x46e48</load_address>
         <run_address>0x46e48</run_address>
         <size>0x824</size>
         <input_file_ref idref="fl-33"/>
      </object_component>
      <object_component id="oc-ae">
         <name>.debug_info</name>
         <load_address>0x4766c</load_address>
         <run_address>0x4766c</run_address>
         <size>0x14e</size>
         <input_file_ref idref="fl-34"/>
      </object_component>
      <object_component id="oc-b5">
         <name>.debug_info</name>
         <load_address>0x477ba</load_address>
         <run_address>0x477ba</run_address>
         <size>0x334</size>
         <input_file_ref idref="fl-35"/>
      </object_component>
      <object_component id="oc-21f">
         <name>.debug_info</name>
         <load_address>0x47aee</load_address>
         <run_address>0x47aee</run_address>
         <size>0xdc</size>
         <input_file_ref idref="fl-35"/>
      </object_component>
      <object_component id="oc-e8">
         <name>.debug_info</name>
         <load_address>0x47bca</load_address>
         <run_address>0x47bca</run_address>
         <size>0x36d</size>
         <input_file_ref idref="fl-35"/>
      </object_component>
      <object_component id="oc-198">
         <name>.debug_info</name>
         <load_address>0x47f37</load_address>
         <run_address>0x47f37</run_address>
         <size>0xb2</size>
         <input_file_ref idref="fl-35"/>
      </object_component>
      <object_component id="oc-8c">
         <name>.debug_info</name>
         <load_address>0x47fe9</load_address>
         <run_address>0x47fe9</run_address>
         <size>0x5e4</size>
         <input_file_ref idref="fl-36"/>
[...]
         <object_component_ref idref="oc-d5"/>
      </symbol>
      <symbol id="sm-1256">
         <name>bmi160_init</name>
         <value>0x26d</value>
         <object_component_ref idref="oc-d5"/>
      </symbol>
      <symbol id="sm-1257">
         <name>bmi160_get_gyro_fifo_filter_data</name>
         <value>0x21dd</value>
         <object_component_ref idref="oc-d5"/>
      </symbol>
      <symbol id="sm-1258">
         <name>bmi160_set_intr_flat_hold</name>
         <value>0x6f59</value>
         <object_component_ref idref="oc-d5"/>
      </symbol>
      <symbol id="sm-1259">
         <name>bmi160_get_gyro_wakeup_intr</name>
         <value>0x8195</value>
         <object_component_ref idref="oc-d5"/>
      </symbol>
      <symbol id="sm-125a">
         <name>bmi160_set_fifo_gyro_enable</name>
         <value>0x2b5b</value>
         <object_component_ref idref="oc-d5"/>
      </symbol>
      <symbol id="sm-125b">
         <name>bmi160_set_fifo_header_enable</name>
         <value>0x28c7</value>
         <object_component_ref idref="oc-d5"/>
      </symbol>
      <symbol id="sm-125c">
         <name>bmi160_set_gyro_wakeup_trigger</name>
         <value>0x8029</value>
         <object_component_ref idref="oc-d5"/>
      </symbol>
      <symbol id="sm-125d">
         <name>bmi160_get_sensor_time</name>
         <value>0xd75</value>
         <object_component_ref idref="oc-d5"/>
      </symbol>
      <symbol id="sm-125e">
         <name>bmi160_get_intr_tap_source</name>
         <value>0x582d</value>
         <object_component_ref idref="oc-d5"/>
      </symbol>
      <symbol id="sm-125f">
         <name>bmi160_set_fifo_down_accel</name>
         <value>0x2305</value>
         <object_component_ref idref="oc-d5"/>
      </symbol>
      <symbol id="sm-1260">
         <name>bmi160_set_intr_single_tap</name>
         <value>0x4de5</value>
         <object_component_ref idref="oc-d5"/>
      </symbol>
      <symbol id="sm-1261">
         <name>bmi160_set_intr_tap_source</name>
         <value>0x587b</value>
         <object_component_ref idref="oc-d5"/>
      </symbol>
      <symbol id="sm-1262">
         <name>bmi160_get_intr_single_tap</name>
         <value>0x4d4b</value>
         <object_component_ref idref="oc-d5"/>
      </symbol>
      <symbol id="sm-1263">
         <name>bmi160_get_fifo_down_accel</name>
         <value>0x22b7</value>
         <object_component_ref idref="oc-d5"/>
      </symbol>
      <symbol id="sm-1264">
         <name>bmi160_set_gyro_offset_compensation_yaxis</name>
         <value>0x8d75</value>
         <object_component_ref idref="oc-d5"/>
      </symbol>
      <symbol id="sm-1265">
         <name>bmi160_get_stat2_tap_first_z</name>
         <value>0x1617</value>
         <object_component_ref idref="oc-d5"/>
      </symbol>
      <symbol id="sm-1266">
         <name>bmi160_get_stat2_tap_first_x</name>
         <value>0x157b</value>
         <object_component_ref idref="oc-d5"/>
      </symbol>
      <symbol id="sm-1267">
         <name>bmi160_get_stat2_tap_first_y</name>
         <value>0x15c9</value>
         <object_component_ref idref="oc-d5"/>
      </symbol>
      <symbol id="sm-1268">
         <name>bmi160_set_intr_output_type</name>
         <value>0x4021</value>
         <object_component_ref idref="oc-d5"/>
      </symbol>
      <symbol id="sm-1269">
         <name>bmi160_get_intr_any_motion</name>
         <value>0x4875</value>
         <object_component_ref idref="oc-d5"/>
      </symbol>
      <symbol id="sm-126a">
         <name>bmi160_set_intr_any_motion</name>
         <value>0x490f</value>
         <object_component_ref idref="oc-d5"/>
      </symbol>
      <symbol id="sm-126b">
         <name>bmi160_set_mag_manual_enable</name>
         <value>0x2e8f</value>
         <object_component_ref idref="oc-d5"/>
      </symbol>
      <symbol id="sm-126c">
         <name>bmi160_get_stat1_fifo_full_intr</name>
         <value>0x1355</value>
         <object_component_ref idref="oc-d5"/>
      </symbol>
      <symbol id="sm-126d">
         <name>bmi160_get_gyro_sleep_state</name>
         <value>0x80bb</value>
         <object_component_ref idref="oc-d5"/>
      </symbol>
      <symbol id="sm-126e">
         <name>bmi160_set_spi_enable</name>
         <value>0x8625</value>
         <object_component_ref idref="oc-d5"/>
      </symbol>
      <symbol id="sm-126f">
         <name>bmi160_set_intr_low_g_mode</name>
         <value>0x5ce7</value>
         <object_component_ref idref="oc-d5"/>
      </symbol>
      <symbol id="sm-1270">
         <name>bmi160_get_intr_low_g_mode</name>
         <value>0x5c99</value>
         <object_component_ref idref="oc-d5"/>
      </symbol>
      <symbol id="sm-1271">
         <name>bmi160_get_stat2_any_motion_sign</name>
         <value>0x152d</value>
         <object_component_ref idref="oc-d5"/>
      </symbol>
      <symbol id="sm-1272">
         <name>bmi160_set_accel_fifo_filter_data</name>
         <value>0x23cd</value>
         <object_component_ref idref="oc-d5"/>
      </symbol>
      <symbol id="sm-1273">
         <name>V_bmm150_maual_auto_condition_u8</name>
         <value>0x20006814</value>
         <object_component_ref idref="oc-1b0"/>
      </symbol>
      <symbol id="sm-1274">
         <name>bmi160_get_stat0_pmu_trigger_intr</name>
         <value>0x10df</value>
         <object_component_ref idref="oc-d5"/>
      </symbol>
      <symbol id="sm-1275">
         <name>bmi160_set_gyro_offset_enable</name>
         <value>0x9181</value>
         <object_component_ref idref="oc-d5"/>
      </symbol>
      <symbol id="sm-1276">
         <name>bmi160_set_gyro_wakeup_intr</name>
         <value>0x81e3</value>
         <object_component_ref idref="oc-d5"/>
      </symbol>
      <symbol id="sm-1277">
         <name>bmi160_get_fifo_gyro_enable</name>
         <value>0x2b0d</value>
         <object_component_ref idref="oc-d5"/>
      </symbol>
      <symbol id="sm-1278">
         <name>bmi160_get_stat3_orient_xy</name>
         <value>0x17e9</value>
         <object_component_ref idref="oc-d5"/>
      </symbol>
      <symbol id="sm-1279">
         <name>bmi160_get_mag_dada_rdy_err</name>
         <value>0x48b</value>
         <object_component_ref idref="oc-d5"/>
      </symbol>
      <symbol id="sm-127a">
         <name>bmi160_get_accel_offset_compensation_yaxis</name>
         <value>0x8919</value>
         <object_component_ref idref="oc-d5"/>
      </symbol>
      <symbol id="sm-127b">
         <name>bmi160_set_i2c_device_addr</name>
         <value>0x2c35</value>
         <object_component_ref idref="oc-d5"/>
      </symbol>
      <symbol id="sm-127c">
         <name>bmi160_get_i2c_device_addr</name>
         <value>0x2be7</value>
         <object_component_ref idref="oc-d5"/>
      </symbol>
      <symbol id="sm-127d">
         <name>v_fifo_data_u8</name>
         <value>0x20006414</value>
         <object_component_ref idref="oc-1a8"/>
      </symbol>
      <symbol id="sm-127e">
         <name>bmi160_get_fifo_time_enable</name>
         <value>0x25bf</value>
         <object_component_ref idref="oc-d5"/>
      </symbol>
      <symbol id="sm-12d2">
         <name>s_bmi160</name>
         <value>0x2000639c</value>
      </symbol>
      <symbol id="sm-12d3">
         <name>gyroxyz</name>
         <value>0x200063da</value>
      </symbol>
      <symbol id="sm-12d4">
         <name>accelxyz</name>
         <value>0x200063d4</value>
      </symbol>
      <symbol id="sm-12d5">
         <name>bmi160_interrupt_configuration</name>
         <value>0x10a21</value>
         <object_component_ref idref="oc-2f2"/>
      </symbol>
      <symbol id="sm-12d6">
         <name>bmi160_initialize_sensor</name>
         <value>0xffdd</value>
         <object_component_ref idref="oc-2f2"/>
      </symbol>
      <symbol id="sm-12d7">
         <name>bmi160_i2c_bus_read</name>
         <value>0x10ae1</value>
         <object_component_ref idref="oc-2f2"/>
      </symbol>
      <symbol id="sm-12d8">
         <name>bmi160_delay_ms</name>
         <value>0x10c85</value>
         <object_component_ref idref="oc-2f2"/>
      </symbol>
      <symbol id="sm-12d9">
         <name>bmi160_spi_bus_read</name>
         <value>0x10c49</value>
         <object_component_ref idref="oc-2f2"/>
      </symbol>
      <symbol id="sm-12da">
         <name>bmi160_config_running_mode</name>
         <value>0x10019</value>
         <object_component_ref idref="oc-2f2"/>
      </symbol>
      <symbol id="sm-12db">
         <name>bmi160_spi_bus_write</name>
         <value>0x10c67</value>
         <object_component_ref idref="oc-2f2"/>
      </symbol>
      <symbol id="sm-12dc">
         <name>spi_routine</name>
         <value>0x10abd</value>
         <object_component_ref idref="oc-2f2"/>
      </symbol>
      <symbol id="sm-12dd">
         <name>bmi160_i2c_bus_write</name>
         <value>0x10c0b</value>
         <object_component_ref idref="oc-2f2"/>
      </symbol>
      <symbol id="sm-12de">
         <name>bmi160_i2c_burst_read</name>
         <value>0x10bef</value>
         <object_component_ref idref="oc-2f2"/>
      </symbol>
      <symbol id="sm-12df">
         <name>i2c_routine</name>
         <value>0x10a9b</value>
         <object_component_ref idref="oc-2f2"/>
      </symbol>
      <symbol id="sm-12ec">
         <name>DelayMs</name>
         <value>0x16539</value>
         <object_component_ref idref="oc-208"/>
      </symbol>
      <symbol id="sm-12ed">
         <name>SysDelay</name>
         <value>0x1662b</value>
         <object_component_ref idref="oc-1d0"/>
      </symbol>
      <symbol id="sm-1301">
         <name>sensorOpt3001Enable</name>
         <value>0x15a1d</value>
         <object_component_ref idref="oc-2e6"/>
      </symbol>
      <symbol id="sm-1302">
         <name>sensorOpt3001Read</name>
         <value>0x15a6b</value>
         <object_component_ref idref="oc-2e6"/>
      </symbol>
      <symbol id="sm-1303">
         <name>sensorOpt3001Init</name>
         <value>0x15a11</value>
         <object_component_ref idref="oc-2e6"/>
      </symbol>
      <symbol id="sm-1304">
         <name>sensorOpt3001Test</name>
         <value>0x15aaf</value>
         <object_component_ref idref="oc-2e6"/>
      </symbol>
      <symbol id="sm-1327">
         <name>sensorTmp007Read</name>
         <value>0x152a7</value>
         <object_component_ref idref="oc-2ec"/>
      </symbol>
      <symbol id="sm-1328">
         <name>sensorTmp007Init</name>
         <value>0x151f5</value>
         <object_component_ref idref="oc-2ec"/>
      </symbol>
      <symbol id="sm-1329">
         <name>sensorTmp007Enable</name>
         <value>0x151f7</value>
         <object_component_ref idref="oc-2ec"/>
      </symbol>
      <symbol id="sm-132a">
         <name>sensorTmp007Test</name>
         <value>0x153d9</value>
         <object_component_ref idref="oc-2ec"/>
      </symbol>
      <symbol id="sm-1333">
         <name>StartCriticalSection</name>
         <value>0x165f1</value>
         <object_component_ref idref="oc-ac"/>
      </symbol>
      <symbol id="sm-1334">
         <name>EndCriticalSection</name>
         <value>0x165f9</value>
         <object_component_ref idref="oc-ac"/>
      </symbol>
      <symbol id="sm-135c">
         <name>readFIFO</name>
         <value>0x158f5</value>
         <object_component_ref idref="oc-e7"/>
      </symbol>
      <symbol id="sm-135d">
         <name>G8RTOS_InitFIFO</name>
         <value>0x158a1</value>
         <object_component_ref idref="oc-e7"/>
      </symbol>
      <symbol id="sm-135e">
         <name>writeFIFO</name>
         <value>0x15971</value>
         <object_component_ref idref="oc-e7"/>
      </symbol>
      <symbol id="sm-13f6">
         <name>SystemTime</name>
         <value>0x20006400</value>
      </symbol>
      <symbol id="sm-13f7">
         <name>G8RTOS_AddThread</name>
         <value>0x12349</value>
         <object_component_ref idref="oc-32"/>
      </symbol>
      <symbol id="sm-13f8">
         <name>SysTick_Handler</name>
         <value>0x1219d</value>
         <object_component_ref idref="oc-32"/>
      </symbol>
      <symbol id="sm-13f9">
         <name>G8RTOS_KillThread</name>
         <value>0x126c1</value>
         <object_component_ref idref="oc-32"/>
      </symbol>
      <symbol id="sm-13fa">
         <name>G8RTOS_Init</name>
         <value>0x12259</value>
         <object_component_ref idref="oc-32"/>
      </symbol>
      <symbol id="sm-13fb">
         <name>G8RTOS_AddPeriodicEvent</name>
         <value>0x12509</value>
         <object_component_ref idref="oc-32"/>
      </symbol>
      <symbol id="sm-13fc">
         <name>G8RTOS_KillAllThreads</name>
         <value>0x1286d</value>
         <object_component_ref idref="oc-32"/>
      </symbol>
      <symbol id="sm-13fd">
         <name>G8RTOS_GetThreadId</name>
         <value>0x126a7</value>
         <object_component_ref idref="oc-32"/>
      </symbol>
      <symbol id="sm-13fe">
         <name>G8RTOS_Scheduler</name>
         <value>0x12121</value>
         <object_component_ref idref="oc-32"/>
      </symbol>
      <symbol id="sm-13ff">
         <name>G8RTOS_KillSelf</name>
         <value>0x127c9</value>
         <object_component_ref idref="oc-32"/>
      </symbol>
      <symbol id="sm-1400">
         <name>GetNumberOfThreads</name>
         <value>0x1285d</value>
         <object_component_ref idref="oc-32"/>
      </symbol>
      <symbol id="sm-1401">
         <name>G8RTOS_AddAPeriodicEvent</name>
         <value>0x125f9</value>
         <object_component_ref idref="oc-32"/>
      </symbol>
      <symbol id="sm-1402">
         <name>G8RTOS_Launch</name>
         <value>0x122ad</value>
         <object_component_ref idref="oc-32"/>
      </symbol>
      <symbol id="sm-1403">
         <name>sleep</name>
         <value>0x1267d</value>
         <object_component_ref idref="oc-32"/>
      </symbol>
      <symbol id="sm-140e">
         <name>PendSV_Handler</name>
         <value>0x163e7</value>
         <object_component_ref idref="oc-2d"/>
      </symbol>
      <symbol id="sm-140f">
         <name>G8RTOS_Start</name>
         <value>0x163d9</value>
         <object_component_ref idref="oc-2d"/>
      </symbol>
      <symbol id="sm-1427">
         <name>G8RTOS_SignalSemaphore</name>
         <value>0x15d8f</value>
         <object_component_ref idref="oc-cf"/>
      </symbol>
      <symbol id="sm-1428">
         <name>G8RTOS_WaitSemaphore</name>
         <value>0x15d4f</value>
         <object_component_ref idref="oc-cf"/>
      </symbol>
      <symbol id="sm-1429">
         <name>G8RTOS_InitSemaphore</name>
         <value>0x15d31</value>
         <object_component_ref idref="oc-cf"/>
      </symbol>
      <symbol id="sm-1434">
         <name>__aeabi_dmul</name>
         <value>0x15b45</value>
         <object_component_ref idref="oc-213"/>
      </symbol>
      <symbol id="sm-143e">
         <name>__aeabi_d2iz</name>
         <value>0x16309</value>
         <object_component_ref idref="oc-218"/>
      </symbol>
      <symbol id="sm-1447">
         <name>__aeabi_lmul</name>
         <value>0x165d9</value>
         <object_component_ref idref="oc-3dd"/>
      </symbol>
      <symbol id="sm-1451">
         <name>__aeabi_ui2d</name>
         <value>0x1657f</value>
         <object_component_ref idref="oc-20e"/>
      </symbol>
      <symbol id="sm-1460">
         <name>__aeabi_uidivmod</name>
         <value>0x16455</value>
         <object_component_ref idref="oc-342"/>
      </symbol>
      <symbol id="sm-1461">
         <name>__aeabi_uidiv</name>
         <value>0x16455</value>
         <object_component_ref idref="oc-342"/>
      </symbol>
      <symbol id="sm-146f">
         <name>__aeabi_ldivmod</name>
         <value>0x161eb</value>
         <object_component_ref idref="oc-3e2"/>
      </symbol>
      <symbol id="sm-147c">
         <name>__aeabi_uldivmod</name>
         <value>0x15fc5</value>
         <object_component_ref idref="oc-40a"/>
      </symbol>
      <symbol id="sm-148b">
         <name>__aeabi_memset</name>
         <value>0x16173</value>
         <object_component_ref idref="oc-121"/>
      </symbol>
      <symbol id="sm-148c">
         <name>memset</name>
         <value>0x16179</value>
         <object_component_ref idref="oc-121"/>
      </symbol>
      <symbol id="sm-148d">
         <name>__aeabi_memset8</name>
         <value>0x16173</value>
         <object_component_ref idref="oc-121"/>
      </symbol>
      <symbol id="sm-148e">
         <name>__aeabi_memset4</name>
         <value>0x16173</value>
         <object_component_ref idref="oc-121"/>
      </symbol>
      <symbol id="sm-148f">
         <name>__aeabi_memclr8</name>
         <value>0x16171</value>
         <object_component_ref idref="oc-121"/>
      </symbol>
      <symbol id="sm-1490">
         <name>__aeabi_memclr4</name>
         <value>0x16171</value>
         <object_component_ref idref="oc-121"/>
      </symbol>
      <symbol id="sm-1491">
         <name>__aeabi_memclr</name>
         <value>0x16171</value>
         <object_component_ref idref="oc-121"/>
      </symbol>
      <symbol id="sm-14a3">
         <name>__TI_zero_init</name>
         <value>0x1660d</value>
         <object_component_ref idref="oc-64"/>
      </symbol>
      <symbol id="sm-14ba">
         <name>__TI_decompress_none</name>
         <value>0x165ff</value>
         <object_component_ref idref="oc-1b"/>
      </symbol>
      <symbol id="sm-14dd">
         <name>__TI_decompress_lzss</name>
         <value>0x16259</value>
         <object_component_ref idref="oc-15"/>
      </symbol>
      <symbol id="sm-14f0">
         <name>__stack</name>
         <value>0x20006830</value>
         <object_component_ref idref="oc-24"/>
      </symbol>
      <symbol id="sm-14f1">
         <name>_c_int00_noargs</name>
         <value>0x164d5</value>
         <object_component_ref idref="oc-70"/>
      </symbol>
      <symbol id="sm-14fb">
         <name>__aeabi_idiv0</name>
         <value>0x13627</value>
         <object_component_ref idref="oc-3b8"/>
      </symbol>
      <symbol id="sm-14fc">
         <name>__aeabi_ldiv0</name>
         <value>0x13627</value>
         <object_component_ref idref="oc-3b8"/>
      </symbol>
      <symbol id="sm-1517">
         <name>memcpy</name>
         <value>0x15f29</value>
         <object_component_ref idref="oc-52"/>
      </symbol>
      <symbol id="sm-1518">
         <name>__aeabi_memcpy</name>
         <value>0x15f29</value>
         <object_component_ref idref="oc-52"/>
      </symbol>
      <symbol id="sm-1519">
         <name>__aeabi_memcpy8</name>
         <value>0x15f29</value>
         <object_component_ref idref="oc-52"/>
      </symbol>
      <symbol id="sm-151a">
         <name>__aeabi_memcpy4</name>
         <value>0x15f29</value>
         <object_component_ref idref="oc-52"/>
      </symbol>
      <symbol id="sm-1542">
         <name>__TI_auto_init_nobinit_nopinit</name>
         <value>0x16351</value>
         <object_component_ref idref="oc-24e"/>
      </symbol>
      <symbol id="sm-154c">
         <name>_system_pre_init</name>
         <value>0x16631</value>
         <object_component_ref idref="oc-127"/>
      </symbol>
      <symbol id="sm-1558">
         <name>C$$EXIT</name>
         <value>0x16635</value>
         <object_component_ref idref="oc-242"/>
      </symbol>
      <symbol id="sm-1559">
         <name>abort</name>
         <value>0x16635</value>
         <object_component_ref idref="oc-242"/>
      </symbol>
      <symbol id="sm-155c">
         <name>__TI_static_base__</name>
         <value>0x0</value>
      </symbol>
      <symbol id="sm-155f">
         <name>__mpu_init</name>
         <value>0x0</value>
      </symbol>
      <symbol id="sm-1560">
         <name>_system_post_cinit</name>
         <value>0x0</value>
      </symbol>
   </symbol_table>
   <title>Link successful</title>
</link_info>
