<?xml version="1.0" encoding="ISO-8859-1" ?>
<link_info>
   <banner>TI ARM Linker PC v20.2.6.LTS</banner>
   <copyright>Copyright (c) 1996-2018 Texas Instruments Incorporated</copyright>
   <link_time>0x637a8b4f</link_time>
   <link_errors>0x0</link_errors>
   <output_file>Lab4.out</output_file>
   <entry_point>
      <name>_c_int00_noargs</name>
      <address>0x16165</address>
   </entry_point>
   <input_file_list>
      <input_file id="fl-2">
         <path>.\</path>
         <kind>object</kind>
         <file>main.obj</file>
         <name>main.obj</name>
      </input_file>
      <input_file id="fl-3">
         <path>.\</path>
         <kind>object</kind>
         <file>threads.obj</file>
         <name>threads.obj</name>
      </input_file>
      <input_file id="fl-4">
         <path>.\</path>
         <kind>object</kind>
         <file>tm4c123gh6pm_startup_ccs.obj</file>
         <name>tm4c123gh6pm_startup_ccs.obj</name>
      </input_file>
      <input_file id="fl-5">
         <path>.\BoardSupport\driverlib\</path>
         <kind>object</kind>
         <file>adc.obj</file>
         <name>adc.obj</name>
      </input_file>
      <input_file id="fl-6">
         <path>.\BoardSupport\driverlib\</path>
         <kind>object</kind>
         <file>aes.obj</file>
         <name>aes.obj</name>
      </input_file>
      <input_file id="fl-7">
         <path>.\BoardSupport\driverlib\</path>
         <kind>object</kind>
         <file>can.obj</file>
         <name>can.obj</name>
      </input_file>
      <input_file id="fl-8">
         <path>.\BoardSupport\driverlib\</path>
         <kind>object</kind>
         <file>comp.obj</file>
         <name>comp.obj</name>
      </input_file>
      <input_file id="fl-9">
         <path>.\BoardSupport\driverlib\</path>
         <kind>object</kind>
         <file>cpu.obj</file>
         <name>cpu.obj</name>
      </input_file>
      <input_file id="fl-a">
         <path>.\BoardSupport\driverlib\</path>
         <kind>object</kind>
         <file>crc.obj</file>
         <name>crc.obj</name>
      </input_file>
      <input_file id="fl-b">
         <path>.\BoardSupport\driverlib\</path>
         <kind>object</kind>
         <file>des.obj</file>
         <name>des.obj</name>
      </input_file>
      <input_file id="fl-c">
         <path>.\BoardSupport\driverlib\</path>
         <kind>object</kind>
         <file>eeprom.obj</file>
         <name>eeprom.obj</name>
      </input_file>
      <input_file id="fl-d">
         <path>.\BoardSupport\driverlib\</path>
         <kind>object</kind>
         <file>emac.obj</file>
         <name>emac.obj</name>
      </input_file>
      <input_file id="fl-e">
         <path>.\BoardSupport\driverlib\</path>
         <kind>object</kind>
         <file>epi.obj</file>
         <name>epi.obj</name>
      </input_file>
      <input_file id="fl-f">
         <path>.\BoardSupport\driverlib\</path>
         <kind>object</kind>
         <file>epi_workaround_ccs.obj</file>
         <name>epi_workaround_ccs.obj</name>
      </input_file>
      <input_file id="fl-10">
         <path>.\BoardSupport\driverlib\</path>
         <kind>object</kind>
         <file>flash.obj</file>
         <name>flash.obj</name>
      </input_file>
      <input_file id="fl-11">
         <path>.\BoardSupport\driverlib\</path>
         <kind>object</kind>
         <file>fpu.obj</file>
         <name>fpu.obj</name>
      </input_file>
      <input_file id="fl-12">
         <path>.\BoardSupport\driverlib\</path>
         <kind>object</kind>
         <file>gpio.obj</file>
         <name>gpio.obj</name>
      </input_file>
      <input_file id="fl-13">
         <path>.\BoardSupport\driverlib\</path>
         <kind>object</kind>
         <file>hibernate.obj</file>
         <name>hibernate.obj</name>
      </input_file>
      <input_file id="fl-14">
         <path>.\BoardSupport\driverlib\</path>
         <kind>object</kind>
         <file>i2c.obj</file>
         <name>i2c.obj</name>
      </input_file>
      <input_file id="fl-15">
         <path>.\BoardSupport\driverlib\</path>
         <kind>object</kind>
         <file>interrupt.obj</file>
         <name>interrupt.obj</name>
      </input_file>
      <input_file id="fl-16">
         <path>.\BoardSupport\driverlib\</path>
         <kind>object</kind>
         <file>lcd.obj</file>
         <name>lcd.obj</name>
      </input_file>
      <input_file id="fl-17">
         <path>.\BoardSupport\driverlib\</path>
         <kind>object</kind>
         <file>mpu.obj</file>
         <name>mpu.obj</name>
      </input_file>
      <input_file id="fl-18">
         <path>.\BoardSupport\driverlib\</path>
         <kind>object</kind>
         <file>onewire.obj</file>
         <name>onewire.obj</name>
      </input_file>
      <input_file id="fl-19">
         <path>.\BoardSupport\driverlib\</path>
         <kind>object</kind>
         <file>pwm.obj</file>
         <name>pwm.obj</name>
      </input_file>
      <input_file id="fl-1a">
         <path>.\BoardSupport\driverlib\</path>
         <kind>object</kind>
         <file>qei.obj</file>
         <name>qei.obj</name>
      </input_file>
      <input_file id="fl-1b">
         <path>.\BoardSupport\driverlib\</path>
         <kind>object</kind>
         <file>shamd5.obj</file>
         <name>shamd5.obj</name>
      </input_file>
      <input_file id="fl-1c">
         <path>.\BoardSupport\driverlib\</path>
         <kind>object</kind>
         <file>ssi.obj</file>
         <name>ssi.obj</name>
      </input_file>
      <input_file id="fl-1d">
         <path>.\BoardSupport\driverlib\</path>
         <kind>object</kind>
         <file>sw_crc.obj</file>
         <name>sw_crc.obj</name>
      </input_file>
      <input_file id="fl-1e">
         <path>.\BoardSupport\driverlib\</path>
         <kind>object</kind>
         <file>sysctl.obj</file>
         <name>sysctl.obj</name>
      </input_file>
      <input_file id="fl-1f">
         <path>.\BoardSupport\driverlib\</path>
         <kind>object</kind>
         <file>sysexc.obj</file>
         <name>sysexc.obj</name>
      </input_file>
      <input_file id="fl-20">
         <path>.\BoardSupport\driverlib\</path>
         <kind>object</kind>
         <file>systick.obj</file>
         <name>systick.obj</name>
      </input_file>
      <input_file id="fl-21">
         <path>.\BoardSupport\driverlib\</path>
         <kind>object</kind>
         <file>timer.obj</file>
         <name>timer.obj</name>
      </input_file>
      <input_file id="fl-22">
         <path>.\BoardSupport\driverlib\</path>
         <kind>object</kind>
         <file>uart.obj</file>
         <name>uart.obj</name>
      </input_file>
      <input_file id="fl-23">
         <path>.\BoardSupport\driverlib\</path>
         <kind>object</kind>
         <file>uartstdio.obj</file>
         <name>uartstdio.obj</name>
      </input_file>
      <input_file id="fl-24">
         <path>.\BoardSupport\driverlib\</path>
         <kind>object</kind>
         <file>udma.obj</file>
         <name>udma.obj</name>
      </input_file>
      <input_file id="fl-25">
         <path>.\BoardSupport\driverlib\</path>
         <kind>object</kind>
         <file>usb.obj</file>
         <name>usb.obj</name>
      </input_file>
      <input_file id="fl-26">
         <path>.\BoardSupport\driverlib\</path>
         <kind>object</kind>
         <file>watchdog.obj</file>
         <name>watchdog.obj</name>
      </input_file>
      <input_file id="fl-27">
         <path>.\BoardSupport\src\</path>
         <kind>object</kind>
         <file>AsciiLib.obj</file>
         <name>AsciiLib.obj</name>
      </input_file>
      <input_file id="fl-28">
         <path>.\BoardSupport\src\</path>
         <kind>object</kind>
         <file>BoardInitialization.obj</file>
         <name>BoardInitialization.obj</name>
      </input_file>
      <input_file id="fl-29">
         <path>.\BoardSupport\src\</path>
         <kind>object</kind>
         <file>I2CDriver.obj</file>
         <name>I2CDriver.obj</name>
      </input_file>
      <input_file id="fl-2a">
         <path>.\BoardSupport\src\</path>
         <kind>object</kind>
         <file>ILI9341_Lib.obj</file>
         <name>ILI9341_Lib.obj</name>
      </input_file>
      <input_file id="fl-2b">
         <path>.\BoardSupport\src\</path>
         <kind>object</kind>
         <file>Joystick.obj</file>
         <name>Joystick.obj</name>
      </input_file>
      <input_file id="fl-2c">
         <path>.\BoardSupport\src\</path>
         <kind>object</kind>
         <file>RGBLedDriver.obj</file>
         <name>RGBLedDriver.obj</name>
      </input_file>
      <input_file id="fl-2d">
         <path>.\BoardSupport\src\</path>
         <kind>object</kind>
         <file>bme280.obj</file>
         <name>bme280.obj</name>
      </input_file>
      <input_file id="fl-2e">
         <path>.\BoardSupport\src\</path>
         <kind>object</kind>
         <file>bme280_support.obj</file>
         <name>bme280_support.obj</name>
      </input_file>
      <input_file id="fl-2f">
         <path>.\BoardSupport\src\</path>
         <kind>object</kind>
         <file>bmi160.obj</file>
         <name>bmi160.obj</name>
      </input_file>
      <input_file id="fl-30">
         <path>.\BoardSupport\src\</path>
         <kind>object</kind>
         <file>bmi160_support.obj</file>
         <name>bmi160_support.obj</name>
      </input_file>
      <input_file id="fl-31">
         <path>.\BoardSupport\src\</path>
         <kind>object</kind>
         <file>demo_sysctl.obj</file>
         <name>demo_sysctl.obj</name>
      </input_file>
      <input_file id="fl-32">
         <path>.\BoardSupport\src\</path>
         <kind>object</kind>
         <file>opt3001.obj</file>
         <name>opt3001.obj</name>
      </input_file>
      <input_file id="fl-33">
         <path>.\BoardSupport\src\</path>
         <kind>object</kind>
         <file>tmp007.obj</file>
         <name>tmp007.obj</name>
      </input_file>
      <input_file id="fl-34">
         <path>.\G8RTOS_Lab4\</path>
         <kind>object</kind>
         <file>G8RTOS_CriticalSection.obj</file>
         <name>G8RTOS_CriticalSection.obj</name>
      </input_file>
      <input_file id="fl-35">
         <path>.\G8RTOS_Lab4\</path>
         <kind>object</kind>
         <file>G8RTOS_IPC.obj</file>
         <name>G8RTOS_IPC.obj</name>
      </input_file>
      <input_file id="fl-36">
         <path>.\G8RTOS_Lab4\</path>
         <kind>object</kind>
         <file>G8RTOS_Scheduler.obj</file>
         <name>G8RTOS_Scheduler.obj</name>
      </input_file>
      <input_file id="fl-37">
         <path>.\G8RTOS_Lab4\</path>
         <kind>object</kind>
         <file>G8RTOS_SchedulerASM.obj</file>
         <name>G8RTOS_SchedulerASM.obj</name>
      </input_file>
      <input_file id="fl-38">
         <path>.\G8RTOS_Lab4\</path>
         <kind>object</kind>
         <file>G8RTOS_Semaphores.obj</file>
         <name>G8RTOS_Semaphores.obj</name>
      </input_file>
      <input_file id="fl-3d">
         <kind>object</kind>
         <file>&lt;internal&gt;</file>
         <name>&lt;internal&gt;</name>
      </input_file>
      <input_file id="fl-f3">
         <path>C:\ti\ccs1200\ccs\tools\compiler\ti-cgt-arm_20.2.6.LTS\lib\</path>
         <kind>archive</kind>
         <file>rtsv7M4_T_le_v4SPD16_eabi.lib</file>
         <name>fd_mul_t2.asm.obj</name>
      </input_file>
      <input_file id="fl-f4">
         <path>C:\ti\ccs1200\ccs\tools\compiler\ti-cgt-arm_20.2.6.LTS\lib\</path>
         <kind>archive</kind>
         <file>rtsv7M4_T_le_v4SPD16_eabi.lib</file>
         <name>fd_toi_t2.asm.obj</name>
      </input_file>
      <input_file id="fl-f5">
         <path>C:\ti\ccs1200\ccs\tools\compiler\ti-cgt-arm_20.2.6.LTS\lib\</path>
         <kind>archive</kind>
         <file>rtsv7M4_T_le_v4SPD16_eabi.lib</file>
         <name>ll_mul_t2.asm.obj</name>
      </input_file>
      <input_file id="fl-f6">
         <path>C:\ti\ccs1200\ccs\tools\compiler\ti-cgt-arm_20.2.6.LTS\lib\</path>
         <kind>archive</kind>
         <file>rtsv7M4_T_le_v4SPD16_eabi.lib</file>
         <name>u_tofd_t2.asm.obj</name>
      </input_file>
      <input_file id="fl-f7">
         <path>C:\ti\ccs1200\ccs\tools\compiler\ti-cgt-arm_20.2.6.LTS\lib\</path>
         <kind>archive</kind>
         <file>rtsv7M4_T_le_v4SPD16_eabi.lib</file>
         <name>memset_t2.asm.obj</name>
      </input_file>
      <input_file id="fl-f8">
         <path>C:\ti\ccs1200\ccs\tools\compiler\ti-cgt-arm_20.2.6.LTS\lib\</path>
         <kind>archive</kind>
         <file>rtsv7M4_T_le_v4SPD16_eabi.lib</file>
         <name>u_divt2.asm.obj</name>
      </input_file>
      <input_file id="fl-f9">
         <path>C:\ti\ccs1200\ccs\tools\compiler\ti-cgt-arm_20.2.6.LTS\lib\</path>
         <kind>archive</kind>
         <file>rtsv7M4_T_le_v4SPD16_eabi.lib</file>
         <name>ll_div_t2.asm.obj</name>
      </input_file>
      <input_file id="fl-fa">
         <path>C:\ti\ccs1200\ccs\tools\compiler\ti-cgt-arm_20.2.6.LTS\lib\</path>
         <kind>archive</kind>
         <file>rtsv7M4_T_le_v4SPD16_eabi.lib</file>
         <name>ull_div_t2.asm.obj</name>
      </input_file>
      <input_file id="fl-fb">
         <path>C:\ti\ccs1200\ccs\tools\compiler\ti-cgt-arm_20.2.6.LTS\lib\</path>
         <kind>archive</kind>
         <file>rtsv7M4_T_le_v4SPD16_eabi.lib</file>
         <name>copy_zero_init.c.obj</name>
      </input_file>
      <input_file id="fl-fc">
         <path>C:\ti\ccs1200\ccs\tools\compiler\ti-cgt-arm_20.2.6.LTS\lib\</path>
         <kind>archive</kind>
         <file>rtsv7M4_T_le_v4SPD16_eabi.lib</file>
         <name>copy_decompress_none.c.obj</name>
      </input_file>
      <input_file id="fl-fd">
         <path>C:\ti\ccs1200\ccs\tools\compiler\ti-cgt-arm_20.2.6.LTS\lib\</path>
         <kind>archive</kind>
         <file>rtsv7M4_T_le_v4SPD16_eabi.lib</file>
         <name>copy_decompress_lzss.c.obj</name>
      </input_file>
      <input_file id="fl-fe">
         <path>C:\ti\ccs1200\ccs\tools\compiler\ti-cgt-arm_20.2.6.LTS\lib\</path>
         <kind>archive</kind>
         <file>rtsv7M4_T_le_v4SPD16_eabi.lib</file>
         <name>boot_cortex_m.c.obj</name>
      </input_file>
      <input_file id="fl-ff">
         <path>C:\ti\ccs1200\ccs\tools\compiler\ti-cgt-arm_20.2.6.LTS\lib\</path>
         <kind>archive</kind>
         <file>rtsv7M4_T_le_v4SPD16_eabi.lib</file>
         <name>div0.asm.obj</name>
      </input_file>
      <input_file id="fl-100">
         <path>C:\ti\ccs1200\ccs\tools\compiler\ti-cgt-arm_20.2.6.LTS\lib\</path>
         <kind>archive</kind>
         <file>rtsv7M4_T_le_v4SPD16_eabi.lib</file>
         <name>memcpy_t2.asm.obj</name>
      </input_file>
      <input_file id="fl-101">
         <path>C:\ti\ccs1200\ccs\tools\compiler\ti-cgt-arm_20.2.6.LTS\lib\</path>
         <kind>archive</kind>
         <file>rtsv7M4_T_le_v4SPD16_eabi.lib</file>
         <name>autoinit.c.obj</name>
      </input_file>
      <input_file id="fl-102">
         <path>C:\ti\ccs1200\ccs\tools\compiler\ti-cgt-arm_20.2.6.LTS\lib\</path>
         <kind>archive</kind>
         <file>rtsv7M4_T_le_v4SPD16_eabi.lib</file>
         <name>pre_init.c.obj</name>
      </input_file>
      <input_file id="fl-103">
         <path>C:\ti\ccs1200\ccs\tools\compiler\ti-cgt-arm_20.2.6.LTS\lib\</path>
         <kind>archive</kind>
         <file>rtsv7M4_T_le_v4SPD16_eabi.lib</file>
         <name>cpy_tbl.c.obj</name>
      </input_file>
      <input_file id="fl-104">
         <path>C:\ti\ccs1200\ccs\tools\compiler\ti-cgt-arm_20.2.6.LTS\lib\</path>
         <kind>archive</kind>
         <file>rtsv7M4_T_le_v4SPD16_eabi.lib</file>
         <name>exit.c.obj</name>
      </input_file>
      <input_file id="fl-105">
         <path>C:\ti\ccs1200\ccs\tools\compiler\ti-cgt-arm_20.2.6.LTS\lib\</path>
         <kind>archive</kind>
         <file>rtsv7M4_T_le_v4SPD16_eabi.lib</file>
         <name>_lock.c.obj</name>
      </input_file>
      <input_file id="fl-106">
         <path>C:\ti\ccs1200\ccs\tools\compiler\ti-cgt-arm_20.2.6.LTS\lib\</path>
         <kind>archive</kind>
         <file>rtsv7M4_T_le_v4SPD16_eabi.lib</file>
         <name>args_main.c.obj</name>
      </input_file>
   </input_file_list>
   <object_component_list>
      <object_component id="oc-12">
         <name>.intvecs</name>
         <load_address>0x0</load_address>
         <run_address>0x0</run_address>
         <size>0x26c</size>
         <input_file_ref idref="fl-4"/>
      </object_component>
      <object_component id="oc-291">
         <name>.text</name>
         <load_address>0x26c</load_address>
         <run_address>0x26c</run_address>
         <size>0xd5e0</size>
         <input_file_ref idref="fl-2f"/>
      </object_component>
      <object_component id="oc-2fd">
         <name>.text</name>
         <load_address>0xd84c</load_address>
         <run_address>0xd84c</run_address>
         <size>0x1810</size>
         <input_file_ref idref="fl-2d"/>
      </object_component>
      <object_component id="oc-89">
         <name>.text</name>
         <load_address>0xf05c</load_address>
         <run_address>0xf05c</run_address>
         <size>0xf80</size>
         <input_file_ref idref="fl-1e"/>
      </object_component>
      <object_component id="oc-244">
         <name>.text</name>
         <load_address>0xffdc</load_address>
         <run_address>0xffdc</run_address>
         <size>0xce0</size>
         <input_file_ref idref="fl-30"/>
      </object_component>
      <object_component id="oc-cc">
         <name>.text</name>
         <load_address>0x10cbc</load_address>
         <run_address>0x10cbc</run_address>
         <size>0xc14</size>
         <input_file_ref idref="fl-12"/>
      </object_component>
      <object_component id="oc-d2">
         <name>.text</name>
         <load_address>0x118d0</load_address>
         <run_address>0x118d0</run_address>
         <size>0x840</size>
         <input_file_ref idref="fl-5"/>
      </object_component>
      <object_component id="oc-32">
         <name>.text</name>
         <load_address>0x12110</load_address>
         <run_address>0x12110</run_address>
         <size>0x724</size>
         <input_file_ref idref="fl-36"/>
      </object_component>
      <object_component id="oc-1aa">
         <name>.text</name>
         <load_address>0x12834</load_address>
         <run_address>0x12834</run_address>
         <size>0x724</size>
         <input_file_ref idref="fl-2a"/>
      </object_component>
      <object_component id="oc-2de">
         <name>.text</name>
         <load_address>0x12f58</load_address>
         <run_address>0x12f58</run_address>
         <size>0x6f8</size>
         <input_file_ref idref="fl-14"/>
      </object_component>
      <object_component id="oc-22c">
         <name>.text</name>
         <load_address>0x13650</load_address>
         <run_address>0x13650</run_address>
         <size>0x62e</size>
         <input_file_ref idref="fl-22"/>
      </object_component>
      <object_component id="oc-374">
         <name>.text</name>
         <load_address>0x13c7e</load_address>
         <run_address>0x13c7e</run_address>
         <size>0x2</size>
         <input_file_ref idref="fl-ff"/>
      </object_component>
      <object_component id="oc-232">
         <name>.text</name>
         <load_address>0x13c80</load_address>
         <run_address>0x13c80</run_address>
         <size>0x4a8</size>
         <input_file_ref idref="fl-23"/>
      </object_component>
      <object_component id="oc-24a">
         <name>.text</name>
         <load_address>0x14128</load_address>
         <run_address>0x14128</run_address>
         <size>0x408</size>
         <input_file_ref idref="fl-2e"/>
      </object_component>
      <object_component id="oc-8f">
         <name>.text</name>
         <load_address>0x14530</load_address>
         <run_address>0x14530</run_address>
         <size>0x3c0</size>
         <input_file_ref idref="fl-15"/>
      </object_component>
      <object_component id="oc-1b9">
         <name>.text</name>
         <load_address>0x148f0</load_address>
         <run_address>0x148f0</run_address>
         <size>0x398</size>
         <input_file_ref idref="fl-3"/>
      </object_component>
      <object_component id="oc-258">
         <name>.text</name>
         <load_address>0x14c88</load_address>
         <run_address>0x14c88</run_address>
         <size>0x362</size>
         <input_file_ref idref="fl-1c"/>
      </object_component>
      <object_component id="oc-23e">
         <name>.text</name>
         <load_address>0x14fec</load_address>
         <run_address>0x14fec</run_address>
         <size>0x2c4</size>
         <input_file_ref idref="fl-33"/>
      </object_component>
      <object_component id="oc-28b">
         <name>.text</name>
         <load_address>0x152b0</load_address>
         <run_address>0x152b0</run_address>
         <size>0x1c8</size>
         <input_file_ref idref="fl-35"/>
      </object_component>
      <object_component id="oc-238">
         <name>.text</name>
         <load_address>0x15478</load_address>
         <run_address>0x15478</run_address>
         <size>0x1bc</size>
         <input_file_ref idref="fl-29"/>
      </object_component>
      <object_component id="oc-250">
         <name>.text</name>
         <load_address>0x15634</load_address>
         <run_address>0x15634</run_address>
         <size>0x134</size>
         <input_file_ref idref="fl-32"/>
      </object_component>
      <object_component id="oc-27f">
         <name>.text</name>
         <load_address>0x15768</load_address>
         <run_address>0x15768</run_address>
         <size>0xfc</size>
         <input_file_ref idref="fl-f3"/>
      </object_component>
      <object_component id="oc-1b0">
         <name>.text</name>
         <load_address>0x15864</load_address>
         <run_address>0x15864</run_address>
         <size>0xf0</size>
         <input_file_ref idref="fl-38"/>
      </object_component>
      <object_component id="oc-38">
         <name>.text</name>
         <load_address>0x15954</load_address>
         <run_address>0x15954</run_address>
         <size>0xf0</size>
         <input_file_ref idref="fl-2b"/>
      </object_component>
      <object_component id="oc-25e">
         <name>.text:PutChar</name>
         <load_address>0x15a44</load_address>
         <run_address>0x15a44</run_address>
         <size>0xa4</size>
         <input_file_ref idref="fl-2a"/>
      </object_component>
      <object_component id="oc-1a4">
         <name>.text</name>
         <load_address>0x15ae8</load_address>
         <run_address>0x15ae8</run_address>
         <size>0xa0</size>
         <input_file_ref idref="fl-28"/>
      </object_component>
      <object_component id="oc-4c">
         <name>.text</name>
         <load_address>0x15b88</load_address>
         <run_address>0x15b88</run_address>
         <size>0x9c</size>
         <input_file_ref idref="fl-100"/>
      </object_component>
      <object_component id="oc-3e1">
         <name>.text</name>
         <load_address>0x15c24</load_address>
         <run_address>0x15c24</run_address>
         <size>0x96</size>
         <input_file_ref idref="fl-fa"/>
      </object_component>
      <object_component id="oc-104">
         <name>.text</name>
         <load_address>0x15cbc</load_address>
         <run_address>0x15cbc</run_address>
         <size>0x94</size>
         <input_file_ref idref="fl-2"/>
      </object_component>
      <object_component id="oc-83">
         <name>.text</name>
         <load_address>0x15d50</load_address>
         <run_address>0x15d50</run_address>
         <size>0x88</size>
         <input_file_ref idref="fl-20"/>
      </object_component>
      <object_component id="oc-f8">
         <name>.text</name>
         <load_address>0x15dd8</load_address>
         <run_address>0x15dd8</run_address>
         <size>0x7a</size>
         <input_file_ref idref="fl-f7"/>
      </object_component>
      <object_component id="oc-39f">
         <name>.text</name>
         <load_address>0x15e52</load_address>
         <run_address>0x15e52</run_address>
         <size>0x6e</size>
         <input_file_ref idref="fl-f9"/>
      </object_component>
      <object_component id="oc-2d">
         <name>.text</name>
         <load_address>0x15ec0</load_address>
         <run_address>0x15ec0</run_address>
         <size>0x6c</size>
         <input_file_ref idref="fl-37"/>
      </object_component>
      <object_component id="oc-15">
         <name>.text:decompress:lzss:__TI_decompress_lzss</name>
         <load_address>0x15f2c</load_address>
         <run_address>0x15f2c</run_address>
         <size>0x68</size>
         <input_file_ref idref="fl-fd"/>
      </object_component>
      <object_component id="oc-284">
         <name>.text</name>
         <load_address>0x15f94</load_address>
         <run_address>0x15f94</run_address>
         <size>0x48</size>
         <input_file_ref idref="fl-f4"/>
      </object_component>
      <object_component id="oc-26c">
         <name>.text:LCD_WriteData</name>
         <load_address>0x15fdc</load_address>
         <run_address>0x15fdc</run_address>
         <size>0x44</size>
         <input_file_ref idref="fl-2a"/>
      </object_component>
      <object_component id="oc-1cc">
         <name>.text:__TI_auto_init_nobinit_nopinit:__TI_auto_init_nobinit_nopinit</name>
         <load_address>0x16020</load_address>
         <run_address>0x16020</run_address>
         <size>0x44</size>
         <input_file_ref idref="fl-101"/>
      </object_component>
      <object_component id="oc-318">
         <name>.text</name>
         <load_address>0x16064</load_address>
         <run_address>0x16064</run_address>
         <size>0x40</size>
         <input_file_ref idref="fl-27"/>
      </object_component>
      <object_component id="oc-265">
         <name>.text:LCD_WriteIndex</name>
         <load_address>0x160a4</load_address>
         <run_address>0x160a4</run_address>
         <size>0x40</size>
         <input_file_ref idref="fl-2a"/>
      </object_component>
      <object_component id="oc-2cf">
         <name>.text</name>
         <load_address>0x160e4</load_address>
         <run_address>0x160e4</run_address>
         <size>0x40</size>
         <input_file_ref idref="fl-f8"/>
      </object_component>
      <object_component id="oc-122">
         <name>.text</name>
         <load_address>0x16124</load_address>
         <run_address>0x16124</run_address>
         <size>0x3e</size>
         <input_file_ref idref="fl-9"/>
      </object_component>
      <object_component id="oc-6a">
         <name>.text:_c_int00_noargs:_c_int00_noargs</name>
         <load_address>0x16164</load_address>
         <run_address>0x16164</run_address>
         <size>0x34</size>
         <input_file_ref idref="fl-fe"/>
      </object_component>
      <object_component id="oc-2f1">
         <name>.text</name>
         <load_address>0x16198</load_address>
         <run_address>0x16198</run_address>
         <size>0x26</size>
         <input_file_ref idref="fl-31"/>
      </object_component>
      <object_component id="oc-27a">
         <name>.text</name>
         <load_address>0x161be</load_address>
         <run_address>0x161be</run_address>
         <size>0x20</size>
         <input_file_ref idref="fl-f6"/>
      </object_component>
      <object_component id="oc-273">
         <name>.text:LCD_PushColor</name>
         <load_address>0x161de</load_address>
         <run_address>0x161de</run_address>
         <size>0x1c</size>
         <input_file_ref idref="fl-2a"/>
      </object_component>
      <object_component id="oc-39a">
         <name>.text</name>
         <load_address>0x161fa</load_address>
         <run_address>0x161fa</run_address>
         <size>0x18</size>
         <input_file_ref idref="fl-f5"/>
      </object_component>
      <object_component id="oc-a0">
         <name>.text</name>
         <load_address>0x16212</load_address>
         <run_address>0x16212</run_address>
         <size>0xe</size>
         <input_file_ref idref="fl-34"/>
      </object_component>
      <object_component id="oc-1b">
         <name>.text:decompress:none:__TI_decompress_none</name>
         <load_address>0x16220</load_address>
         <run_address>0x16220</run_address>
         <size>0xe</size>
         <input_file_ref idref="fl-fc"/>
      </object_component>
      <object_component id="oc-5e">
         <name>.text:decompress:ZI:__TI_zero_init</name>
         <load_address>0x1622e</load_address>
         <run_address>0x1622e</run_address>
         <size>0xc</size>
         <input_file_ref idref="fl-fb"/>
      </object_component>
      <object_component id="oc-27">
         <name>.text</name>
         <load_address>0x1623a</load_address>
         <run_address>0x1623a</run_address>
         <size>0xc</size>
         <input_file_ref idref="fl-4"/>
      </object_component>
      <object_component id="oc-d8">
         <name>.text:SysCtlDelay</name>
         <load_address>0x16246</load_address>
         <run_address>0x16246</run_address>
         <size>0x6</size>
         <input_file_ref idref="fl-1e"/>
      </object_component>
      <object_component id="oc-257">
         <name>.text:SysDelay</name>
         <load_address>0x1624c</load_address>
         <run_address>0x1624c</run_address>
         <size>0x6</size>
         <input_file_ref idref="fl-31"/>
      </object_component>
      <object_component id="oc-fe">
         <name>.text:_system_pre_init</name>
         <load_address>0x16252</load_address>
         <run_address>0x16252</run_address>
         <size>0x4</size>
         <input_file_ref idref="fl-102"/>
      </object_component>
      <object_component id="oc-1c0">
         <name>.text:abort:abort</name>
         <load_address>0x16256</load_address>
         <run_address>0x16256</run_address>
         <size>0x4</size>
         <input_file_ref idref="fl-104"/>
      </object_component>
      <object_component id="oc-3b0">
         <name>.const:AsciiLib</name>
         <load_address>0x1625c</load_address>
         <run_address>0x1625c</run_address>
         <size>0x5f0</size>
         <input_file_ref idref="fl-27"/>
      </object_component>
      <object_component id="oc-12e">
         <name>.const:g_pppui32XTALtoVCO</name>
         <load_address>0x1684c</load_address>
         <run_address>0x1684c</run_address>
         <size>0x1b0</size>
         <input_file_ref idref="fl-1e"/>
      </object_component>
      <object_component id="oc-185">
         <name>.const:g_ppui32GPIOIntMapSnowflake</name>
         <load_address>0x169fc</load_address>
         <run_address>0x169fc</run_address>
         <size>0xd8</size>
         <input_file_ref idref="fl-12"/>
      </object_component>
      <object_component id="oc-182">
         <name>.const:g_ppui32GPIOIntMapBlizzard</name>
         <load_address>0x16ad4</load_address>
         <run_address>0x16ad4</run_address>
         <size>0xc0</size>
         <input_file_ref idref="fl-12"/>
      </object_component>
      <object_component id="oc-13e">
         <name>.const:g_pui32Regs</name>
         <load_address>0x16b94</load_address>
         <run_address>0x16b94</run_address>
         <size>0x9c</size>
         <input_file_ref idref="fl-15"/>
      </object_component>
      <object_component id="oc-188">
         <name>.const:g_pui32GPIOBaseAddrs</name>
         <load_address>0x16c30</load_address>
         <run_address>0x16c30</run_address>
         <size>0x90</size>
         <input_file_ref idref="fl-12"/>
      </object_component>
      <object_component id="oc-128">
         <name>.const:g_pui32Xtals</name>
         <load_address>0x16cc0</load_address>
         <run_address>0x16cc0</run_address>
         <size>0x6c</size>
         <input_file_ref idref="fl-1e"/>
      </object_component>
      <object_component id="oc-382">
         <name>.const:g_ppui32I2CIntMapSnowflake</name>
         <load_address>0x16d2c</load_address>
         <run_address>0x16d2c</run_address>
         <size>0x50</size>
         <input_file_ref idref="fl-14"/>
      </object_component>
      <object_component id="oc-2be">
         <name>.const:g_ppui32UARTIntMap</name>
         <load_address>0x16d7c</load_address>
         <run_address>0x16d7c</run_address>
         <size>0x40</size>
         <input_file_ref idref="fl-22"/>
      </object_component>
      <object_component id="oc-2c1">
         <name>.const:g_ppui32UARTIntMapSnowflake</name>
         <load_address>0x16dbc</load_address>
         <run_address>0x16dbc</run_address>
         <size>0x40</size>
         <input_file_ref idref="fl-22"/>
      </object_component>
      <object_component id="oc-37f">
         <name>.const:g_ppui32I2CIntMap</name>
         <load_address>0x16dfc</load_address>
         <run_address>0x16dfc</run_address>
         <size>0x30</size>
         <input_file_ref idref="fl-14"/>
      </object_component>
      <object_component id="oc-11f">
         <name>.const:g_sXTALtoMEMTIM</name>
         <load_address>0x16e2c</load_address>
         <run_address>0x16e2c</run_address>
         <size>0x30</size>
         <input_file_ref idref="fl-1e"/>
      </object_component>
      <object_component id="oc-310">
         <name>.const:g_ppui32SSIIntMap</name>
         <load_address>0x16e5c</load_address>
         <run_address>0x16e5c</run_address>
         <size>0x20</size>
         <input_file_ref idref="fl-1c"/>
      </object_component>
      <object_component id="oc-313">
         <name>.const:g_ppui32SSIIntMapSnowflake</name>
         <load_address>0x16e7c</load_address>
         <run_address>0x16e7c</run_address>
         <size>0x20</size>
         <input_file_ref idref="fl-1c"/>
      </object_component>
      <object_component id="oc-13b">
         <name>.const:g_pui32Priority</name>
         <load_address>0x16e9c</load_address>
         <run_address>0x16e9c</run_address>
         <size>0x20</size>
         <input_file_ref idref="fl-15"/>
      </object_component>
      <object_component id="oc-144">
         <name>.const:g_pui32Dii16Regs</name>
         <load_address>0x16ebc</load_address>
         <run_address>0x16ebc</run_address>
         <size>0x14</size>
         <input_file_ref idref="fl-15"/>
      </object_component>
      <object_component id="oc-141">
         <name>.const:g_pui32EnRegs</name>
         <load_address>0x16ed0</load_address>
         <run_address>0x16ed0</run_address>
         <size>0x14</size>
         <input_file_ref idref="fl-15"/>
      </object_component>
      <object_component id="oc-147">
         <name>.const:g_pui32PendRegs</name>
         <load_address>0x16ee4</load_address>
         <run_address>0x16ee4</run_address>
         <size>0x14</size>
         <input_file_ref idref="fl-15"/>
      </object_component>
      <object_component id="oc-14a">
         <name>.const:g_pui32UnpendRegs</name>
         <load_address>0x16ef8</load_address>
         <run_address>0x16ef8</run_address>
         <size>0x14</size>
         <input_file_ref idref="fl-15"/>
      </object_component>
      <object_component id="oc-37a">
         <name>.const:.string</name>
         <load_address>0x16f0c</load_address>
         <run_address>0x16f0c</run_address>
         <size>0x12</size>
         <input_file_ref idref="fl-23"/>
      </object_component>
      <object_component id="oc-2cc">
         <name>.const:g_ui32UARTBase</name>
         <load_address>0x16f20</load_address>
         <run_address>0x16f20</run_address>
         <size>0xc</size>
         <input_file_ref idref="fl-23"/>
      </object_component>
      <object_component id="oc-2c6">
         <name>.const:g_ui32UARTPeriph</name>
         <load_address>0x16f2c</load_address>
         <run_address>0x16f2c</run_address>
         <size>0xc</size>
         <input_file_ref idref="fl-23"/>
      </object_component>
      <object_component id="oc-33f">
         <name>.const:yas532_version_ac_coef</name>
         <load_address>0x16f38</load_address>
         <run_address>0x16f38</run_address>
         <size>0xc</size>
         <input_file_ref idref="fl-2f"/>
      </object_component>
      <object_component id="oc-12b">
         <name>.const:g_pui32VCOFrequencies</name>
         <load_address>0x16f44</load_address>
         <run_address>0x16f44</run_address>
         <size>0x8</size>
         <input_file_ref idref="fl-1e"/>
      </object_component>
      <object_component id="oc-343">
         <name>.const:v_calib_data$2</name>
         <load_address>0x16f4c</load_address>
         <run_address>0x16f4c</run_address>
         <size>0x8</size>
         <input_file_ref idref="fl-2f"/>
      </object_component>
      <object_component id="oc-306">
         <name>.const:.string:$P$T0$1</name>
         <load_address>0x16f54</load_address>
         <run_address>0x16f54</run_address>
         <size>0x5</size>
         <input_file_ref idref="fl-2e"/>
      </object_component>
      <object_component id="oc-342">
         <name>.const:.string:v_correct_u8$1</name>
         <load_address>0x16f59</load_address>
         <run_address>0x16f59</run_address>
         <size>0x5</size>
         <input_file_ref idref="fl-2f"/>
      </object_component>
      <object_component id="oc-2d4">
         <name>.const</name>
         <load_address>0x16f60</load_address>
         <run_address>0x16f60</run_address>
         <size>0x4</size>
         <input_file_ref idref="fl-23"/>
      </object_component>
      <object_component id="oc-33c">
         <name>.const:.string:INVALID_OFFSET</name>
         <load_address>0x16f64</load_address>
         <run_address>0x16f64</run_address>
         <size>0x3</size>
         <input_file_ref idref="fl-2f"/>
      </object_component>
      <object_component id="oc-418">
         <name>.cinit..data.load</name>
         <load_address>0x16f68</load_address>
         <run_address>0x16f68</run_address>
         <size>0x13</size>
      </object_component>
      <object_component id="oc-415">
         <name>__TI_handler_table</name>
         <load_address>0x16f7c</load_address>
         <run_address>0x16f7c</run_address>
         <size>0xc</size>
      </object_component>
      <object_component id="oc-419">
         <name>.cinit..bss.load</name>
         <load_address>0x16f88</load_address>
         <run_address>0x16f88</run_address>
         <size>0x8</size>
      </object_component>
      <object_component id="oc-417">
         <name>.cinit..vtable.load</name>
         <load_address>0x16f90</load_address>
         <run_address>0x16f90</run_address>
         <size>0x8</size>
      </object_component>
      <object_component id="oc-416">
         <name>__TI_cinit_table</name>
         <load_address>0x16f98</load_address>
         <run_address>0x16f98</run_address>
         <size>0x18</size>
      </object_component>
      <object_component id="oc-138">
         <name>.vtable</name>
         <uninitialized>true</uninitialized>
         <run_address>0x20000000</run_address>
         <size>0x26c</size>
         <input_file_ref idref="fl-15"/>
      </object_component>
      <object_component id="oc-298">
         <name>.data</name>
         <load_address>0x2000682c</load_address>
         <run_address>0x2000682c</run_address>
         <size>0x6</size>
         <input_file_ref idref="fl-3"/>
      </object_component>
      <object_component id="oc-2c9">
         <name>.data</name>
         <load_address>0x20006834</load_address>
         <run_address>0x20006834</run_address>
         <size>0x5</size>
         <input_file_ref idref="fl-23"/>
      </object_component>
      <object_component id="oc-330">
         <name>.data</name>
         <load_address>0x20006824</load_address>
         <run_address>0x20006824</run_address>
         <size>0x8</size>
         <input_file_ref idref="fl-2f"/>
      </object_component>
      <object_component id="oc-328">
         <name>.data:v_fifo_data_u8</name>
         <load_address>0x20006418</load_address>
         <run_address>0x20006418</run_address>
         <size>0x400</size>
         <input_file_ref idref="fl-2f"/>
      </object_component>
      <object_component id="oc-9d">
         <name>.data</name>
         <load_address>0x20006818</load_address>
         <run_address>0x20006818</run_address>
         <size>0x9</size>
         <input_file_ref idref="fl-38"/>
      </object_component>
      <object_component id="oc-18d">
         <name>.bss:g_pui8OversampleFactor</name>
         <uninitialized>true</uninitialized>
         <run_address>0x200063d8</run_address>
         <size>0x8</size>
         <input_file_ref idref="fl-5"/>
      </object_component>
      <object_component id="oc-2e4">
         <name>.bss</name>
         <uninitialized>true</uninitialized>
         <run_address>0x20006413</run_address>
         <size>0x1</size>
         <input_file_ref idref="fl-29"/>
      </object_component>
      <object_component id="oc-397">
         <name>.bss</name>
         <uninitialized>true</uninitialized>
         <run_address>0x200063ec</run_address>
         <size>0x4</size>
         <input_file_ref idref="fl-2d"/>
      </object_component>
      <object_component id="oc-325">
         <name>.bss</name>
         <uninitialized>true</uninitialized>
         <run_address>0x200063f0</run_address>
         <size>0x4</size>
         <input_file_ref idref="fl-2f"/>
      </object_component>
      <object_component id="oc-333">
         <name>.bss:mag_trim</name>
         <uninitialized>true</uninitialized>
         <run_address>0x200063c0</run_address>
         <size>0x10</size>
         <input_file_ref idref="fl-2f"/>
      </object_component>
      <object_component id="oc-336">
         <name>.bss:akm_asa_data</name>
         <uninitialized>true</uninitialized>
         <run_address>0x20006410</run_address>
         <size>0x3</size>
         <input_file_ref idref="fl-2f"/>
      </object_component>
      <object_component id="oc-339">
         <name>.bss:yas532_data</name>
         <uninitialized>true</uninitialized>
         <run_address>0x20006300</run_address>
         <size>0x70</size>
         <input_file_ref idref="fl-2f"/>
      </object_component>
      <object_component id="oc-2e8">
         <name>.bss</name>
         <uninitialized>true</uninitialized>
         <run_address>0x20006414</run_address>
         <size>0x2</size>
         <input_file_ref idref="fl-33"/>
      </object_component>
      <object_component id="oc-321">
         <name>.bss:FIFOs</name>
         <uninitialized>true</uninitialized>
         <run_address>0x20006020</run_address>
         <size>0x160</size>
         <input_file_ref idref="fl-35"/>
      </object_component>
      <object_component id="oc-a5">
         <name>.bss:threadControlBlocks</name>
         <uninitialized>true</uninitialized>
         <run_address>0x2000526c</run_address>
         <size>0x370</size>
         <input_file_ref idref="fl-36"/>
      </object_component>
      <object_component id="oc-b4">
         <name>.bss:threadStacks</name>
         <uninitialized>true</uninitialized>
         <run_address>0x2000026c</run_address>
         <size>0x5000</size>
         <input_file_ref idref="fl-36"/>
      </object_component>
      <object_component id="oc-97">
         <name>.bss:Pthread</name>
         <uninitialized>true</uninitialized>
         <run_address>0x20006270</run_address>
         <size>0x90</size>
         <input_file_ref idref="fl-36"/>
      </object_component>
      <object_component id="oc-9a">
         <name>.bss</name>
         <uninitialized>true</uninitialized>
         <run_address>0x200063d0</run_address>
         <size>0x8</size>
         <input_file_ref idref="fl-36"/>
      </object_component>
      <object_component id="oc-a8">
         <name>.common:IBit_State</name>
         <uninitialized>true</uninitialized>
         <run_address>0x200063f8</run_address>
         <size>0x4</size>
      </object_component>
      <object_component id="oc-297">
         <name>.common:balls</name>
         <uninitialized>true</uninitialized>
         <run_address>0x20006180</run_address>
         <size>0xf0</size>
      </object_component>
      <object_component id="oc-1b6">
         <name>.common:sensorsMutex</name>
         <uninitialized>true</uninitialized>
         <run_address>0x2000640c</run_address>
         <size>0x4</size>
      </object_component>
      <object_component id="oc-1b7">
         <name>.common:lcdMutex</name>
         <uninitialized>true</uninitialized>
         <run_address>0x20006404</run_address>
         <size>0x4</size>
      </object_component>
      <object_component id="oc-1b8">
         <name>.common:ballsMutex</name>
         <uninitialized>true</uninitialized>
         <run_address>0x20006400</run_address>
         <size>0x4</size>
      </object_component>
      <object_component id="oc-303">
         <name>.common:bme280</name>
         <uninitialized>true</uninitialized>
         <run_address>0x20006370</run_address>
         <size>0x3c</size>
      </object_component>
      <object_component id="oc-32b">
         <name>.common:accel_fifo</name>
         <uninitialized>true</uninitialized>
         <run_address>0x200055dc</run_address>
         <size>0x36c</size>
      </object_component>
      <object_component id="oc-32e">
         <name>.common:gyro_fifo</name>
         <uninitialized>true</uninitialized>
         <run_address>0x20005948</run_address>
         <size>0x36c</size>
      </object_component>
      <object_component id="oc-32f">
         <name>.common:mag_fifo</name>
         <uninitialized>true</uninitialized>
         <run_address>0x20005cb4</run_address>
         <size>0x36c</size>
      </object_component>
      <object_component id="oc-2ec">
         <name>.common:s_bmi160</name>
         <uninitialized>true</uninitialized>
         <run_address>0x200063ac</run_address>
         <size>0x14</size>
      </object_component>
      <object_component id="oc-2ef">
         <name>.common:gyroxyz</name>
         <uninitialized>true</uninitialized>
         <run_address>0x200063e6</run_address>
         <size>0x6</size>
      </object_component>
      <object_component id="oc-2f0">
         <name>.common:accelxyz</name>
         <uninitialized>true</uninitialized>
         <run_address>0x200063e0</run_address>
         <size>0x6</size>
      </object_component>
      <object_component id="oc-7f">
         <name>.common:CurrentlyRunningThread</name>
         <uninitialized>true</uninitialized>
         <run_address>0x200063f4</run_address>
         <size>0x4</size>
      </object_component>
      <object_component id="oc-95">
         <name>.common:currentMaxPriority</name>
         <uninitialized>true</uninitialized>
         <run_address>0x20006416</run_address>
         <size>0x2</size>
      </object_component>
      <object_component id="oc-b3">
         <name>.common:nextThreadID</name>
         <uninitialized>true</uninitialized>
         <run_address>0x20006408</run_address>
         <size>0x4</size>
      </object_component>
      <object_component id="oc-96">
         <name>.common:SystemTime</name>
         <uninitialized>true</uninitialized>
         <run_address>0x200063fc</run_address>
         <size>0x4</size>
      </object_component>
      <object_component id="oc-24">
         <name>.stack</name>
         <uninitialized>true</uninitialized>
         <run_address>0x20006840</run_address>
         <size>0x4</size>
         <input_file_ref idref="fl-fe"/>
      </object_component>
      <object_component id="oc-41b">
         <name>.stack</name>
         <uninitialized>true</uninitialized>
         <run_address>0x20006840</run_address>
         <size>0x0</size>
      </object_component>
      <object_component id="oc-a9">
         <name>.debug_info</name>
         <load_address>0x0</load_address>
         <run_address>0x0</run_address>
         <size>0x550</size>
         <input_file_ref idref="fl-2"/>
      </object_component>
      <object_component id="oc-106">
         <name>.debug_info</name>
         <load_address>0x550</load_address>
         <run_address>0x550</run_address>
         <size>0x228</size>
         <input_file_ref idref="fl-2"/>
      </object_component>
      <object_component id="oc-c2">
         <name>.debug_info</name>
         <load_address>0x778</load_address>
         <run_address>0x778</run_address>
         <size>0x7e</size>
         <input_file_ref idref="fl-2"/>
      </object_component>
      <object_component id="oc-de">
         <name>.debug_info</name>
         <load_address>0x7f6</load_address>
         <run_address>0x7f6</run_address>
         <size>0x26b</size>
         <input_file_ref idref="fl-2"/>
      </object_component>
      <object_component id="oc-15a">
         <name>.debug_info</name>
         <load_address>0xa61</load_address>
         <run_address>0xa61</run_address>
         <size>0xbf</size>
         <input_file_ref idref="fl-2"/>
      </object_component>
      <object_component id="oc-166">
         <name>.debug_info</name>
         <load_address>0xb20</load_address>
         <run_address>0xb20</run_address>
         <size>0x62</size>
         <input_file_ref idref="fl-2"/>
      </object_component>
      <object_component id="oc-bd">
         <name>.debug_info</name>
         <load_address>0xb82</load_address>
         <run_address>0xb82</run_address>
         <size>0x8b</size>
         <input_file_ref idref="fl-2"/>
      </object_component>
      <object_component id="oc-17d">
         <name>.debug_info</name>
         <load_address>0xc0d</load_address>
         <run_address>0xc0d</run_address>
         <size>0x2a4</size>
         <input_file_ref idref="fl-2"/>
      </object_component>
      <object_component id="oc-132">
         <name>.debug_info</name>
         <load_address>0xeb1</load_address>
         <run_address>0xeb1</run_address>
         <size>0xef</size>
         <input_file_ref idref="fl-2"/>
      </object_component>
      <object_component id="oc-b8">
         <name>.debug_info</name>
         <load_address>0xfa0</load_address>
         <run_address>0xfa0</run_address>
         <size>0xbb</size>
         <input_file_ref idref="fl-2"/>
      </object_component>
      <object_component id="oc-118">
         <name>.debug_info</name>
         <load_address>0x105b</load_address>
         <run_address>0x105b</run_address>
         <size>0x2c</size>
         <input_file_ref idref="fl-2"/>
      </object_component>
      <object_component id="oc-c7">
         <name>.debug_info</name>
         <load_address>0x1087</load_address>
         <run_address>0x1087</run_address>
         <size>0x1a2</size>
         <input_file_ref idref="fl-2"/>
      </object_component>
      <object_component id="oc-ab">
         <name>.debug_info</name>
         <load_address>0x1229</load_address>
         <run_address>0x1229</run_address>
         <size>0x7e4</size>
         <input_file_ref idref="fl-3"/>
      </object_component>
      <object_component id="oc-299">
         <name>.debug_info</name>
         <load_address>0x1a0d</load_address>
         <run_address>0x1a0d</run_address>
         <size>0x134</size>
         <input_file_ref idref="fl-3"/>
      </object_component>
      <object_component id="oc-1bc">
         <name>.debug_info</name>
         <load_address>0x1b41</load_address>
         <run_address>0x1b41</run_address>
         <size>0x7fc</size>
         <input_file_ref idref="fl-3"/>
      </object_component>
      <object_component id="oc-161">
         <name>.debug_info</name>
         <load_address>0x233d</load_address>
         <run_address>0x233d</run_address>
         <size>0x6d1</size>
         <input_file_ref idref="fl-3"/>
      </object_component>
      <object_component id="oc-2f8">
         <name>.debug_info</name>
         <load_address>0x2a0e</load_address>
         <run_address>0x2a0e</run_address>
         <size>0x7d</size>
         <input_file_ref idref="fl-3"/>
      </object_component>
      <object_component id="oc-40">
         <name>.debug_info</name>
         <load_address>0x2a8b</load_address>
         <run_address>0x2a8b</run_address>
         <size>0x340</size>
         <input_file_ref idref="fl-4"/>
      </object_component>
      <object_component id="oc-13">
         <name>.debug_info</name>
         <load_address>0x2dcb</load_address>
         <run_address>0x2dcb</run_address>
         <size>0x10f</size>
         <input_file_ref idref="fl-4"/>
      </object_component>
      <object_component id="oc-2b">
         <name>.debug_info</name>
         <load_address>0x2eda</load_address>
         <run_address>0x2eda</run_address>
         <size>0x28b</size>
         <input_file_ref idref="fl-4"/>
      </object_component>
      <object_component id="oc-47">
         <name>.debug_info</name>
         <load_address>0x3165</load_address>
         <run_address>0x3165</run_address>
         <size>0x84</size>
         <input_file_ref idref="fl-4"/>
      </object_component>
      <object_component id="oc-191">
         <name>.debug_info</name>
         <load_address>0x31e9</load_address>
         <run_address>0x31e9</run_address>
         <size>0x363</size>
         <input_file_ref idref="fl-5"/>
      </object_component>
      <object_component id="oc-18e">
         <name>.debug_info</name>
         <load_address>0x354c</load_address>
         <run_address>0x354c</run_address>
         <size>0x124</size>
         <input_file_ref idref="fl-5"/>
      </object_component>
      <object_component id="oc-d3">
         <name>.debug_info</name>
         <load_address>0x3670</load_address>
         <run_address>0x3670</run_address>
         <size>0x2fa2</size>
         <input_file_ref idref="fl-5"/>
      </object_component>
      <object_component id="oc-123">
         <name>.debug_info</name>
         <load_address>0x6612</load_address>
         <run_address>0x6612</run_address>
         <size>0x405</size>
         <input_file_ref idref="fl-9"/>
      </object_component>
      <object_component id="oc-18c">
         <name>.debug_info</name>
         <load_address>0x6a17</load_address>
         <run_address>0x6a17</run_address>
         <size>0x38d</size>
         <input_file_ref idref="fl-12"/>
      </object_component>
      <object_component id="oc-183">
         <name>.debug_info</name>
         <load_address>0x6da4</load_address>
         <run_address>0x6da4</run_address>
         <size>0x12d</size>
         <input_file_ref idref="fl-12"/>
      </object_component>
      <object_component id="oc-186">
         <name>.debug_info</name>
         <load_address>0x6ed1</load_address>
         <run_address>0x6ed1</run_address>
         <size>0x12f</size>
         <input_file_ref idref="fl-12"/>
      </object_component>
      <object_component id="oc-189">
         <name>.debug_info</name>
         <load_address>0x7000</load_address>
         <run_address>0x7000</run_address>
         <size>0x121</size>
         <input_file_ref idref="fl-12"/>
      </object_component>
      <object_component id="oc-ce">
         <name>.debug_info</name>
         <load_address>0x7121</load_address>
         <run_address>0x7121</run_address>
         <size>0x372a</size>
         <input_file_ref idref="fl-12"/>
      </object_component>
      <object_component id="oc-386">
         <name>.debug_info</name>
         <load_address>0xa84b</load_address>
         <run_address>0xa84b</run_address>
         <size>0x37e</size>
         <input_file_ref idref="fl-14"/>
      </object_component>
      <object_component id="oc-380">
         <name>.debug_info</name>
         <load_address>0xabc9</load_address>
         <run_address>0xabc9</run_address>
         <size>0x11a</size>
         <input_file_ref idref="fl-14"/>
      </object_component>
      <object_component id="oc-383">
         <name>.debug_info</name>
         <load_address>0xace3</load_address>
         <run_address>0xace3</run_address>
         <size>0x12c</size>
         <input_file_ref idref="fl-14"/>
      </object_component>
      <object_component id="oc-2df">
         <name>.debug_info</name>
         <load_address>0xae0f</load_address>
         <run_address>0xae0f</run_address>
         <size>0x311c</size>
         <input_file_ref idref="fl-14"/>
      </object_component>
      <object_component id="oc-14e">
         <name>.debug_info</name>
         <load_address>0xdf2b</load_address>
         <run_address>0xdf2b</run_address>
         <size>0x36a</size>
         <input_file_ref idref="fl-15"/>
      </object_component>
      <object_component id="oc-13c">
         <name>.debug_info</name>
         <load_address>0xe295</load_address>
         <run_address>0xe295</run_address>
         <size>0x11c</size>
         <input_file_ref idref="fl-15"/>
      </object_component>
      <object_component id="oc-13f">
         <name>.debug_info</name>
         <load_address>0xe3b1</load_address>
         <run_address>0xe3b1</run_address>
         <size>0x114</size>
         <input_file_ref idref="fl-15"/>
      </object_component>
      <object_component id="oc-142">
         <name>.debug_info</name>
         <load_address>0xe4c5</load_address>
         <run_address>0xe4c5</run_address>
         <size>0x118</size>
         <input_file_ref idref="fl-15"/>
      </object_component>
      <object_component id="oc-145">
         <name>.debug_info</name>
         <load_address>0xe5dd</load_address>
         <run_address>0xe5dd</run_address>
         <size>0x11e</size>
         <input_file_ref idref="fl-15"/>
      </object_component>
      <object_component id="oc-148">
         <name>.debug_info</name>
         <load_address>0xe6fb</load_address>
         <run_address>0xe6fb</run_address>
         <size>0x11c</size>
         <input_file_ref idref="fl-15"/>
      </object_component>
      <object_component id="oc-14b">
         <name>.debug_info</name>
         <load_address>0xe817</load_address>
         <run_address>0xe817</run_address>
         <size>0x120</size>
         <input_file_ref idref="fl-15"/>
      </object_component>
      <object_component id="oc-139">
         <name>.debug_info</name>
         <load_address>0xe937</load_address>
         <run_address>0xe937</run_address>
         <size>0x11d</size>
         <input_file_ref idref="fl-15"/>
      </object_component>
      <object_component id="oc-92">
         <name>.debug_info</name>
         <load_address>0xea54</load_address>
         <run_address>0xea54</run_address>
         <size>0xed7</size>
         <input_file_ref idref="fl-15"/>
      </object_component>
      <object_component id="oc-317">
         <name>.debug_info</name>
         <load_address>0xf92b</load_address>
         <run_address>0xf92b</run_address>
         <size>0x36e</size>
         <input_file_ref idref="fl-1c"/>
      </object_component>
      <object_component id="oc-311">
         <name>.debug_info</name>
         <load_address>0xfc99</load_address>
         <run_address>0xfc99</run_address>
         <size>0x11a</size>
         <input_file_ref idref="fl-1c"/>
      </object_component>
      <object_component id="oc-314">
         <name>.debug_info</name>
         <load_address>0xfdb3</load_address>
         <run_address>0xfdb3</run_address>
         <size>0x12c</size>
         <input_file_ref idref="fl-1c"/>
      </object_component>
      <object_component id="oc-25b">
         <name>.debug_info</name>
         <load_address>0xfedf</load_address>
         <run_address>0xfedf</run_address>
         <size>0x1939</size>
         <input_file_ref idref="fl-1c"/>
      </object_component>
      <object_component id="oc-137">
         <name>.debug_info</name>
         <load_address>0x11818</load_address>
         <run_address>0x11818</run_address>
         <size>0x3ef</size>
         <input_file_ref idref="fl-1e"/>
      </object_component>
      <object_component id="oc-129">
         <name>.debug_info</name>
         <load_address>0x11c07</load_address>
         <run_address>0x11c07</run_address>
         <size>0x113</size>
         <input_file_ref idref="fl-1e"/>
      </object_component>
      <object_component id="oc-12f">
         <name>.debug_info</name>
         <load_address>0x11d1a</load_address>
         <run_address>0x11d1a</run_address>
         <size>0x11f</size>
         <input_file_ref idref="fl-1e"/>
      </object_component>
      <object_component id="oc-120">
         <name>.debug_info</name>
         <load_address>0x11e39</load_address>
         <run_address>0x11e39</run_address>
         <size>0x119</size>
         <input_file_ref idref="fl-1e"/>
      </object_component>
      <object_component id="oc-12c">
         <name>.debug_info</name>
         <load_address>0x11f52</load_address>
         <run_address>0x11f52</run_address>
         <size>0x126</size>
         <input_file_ref idref="fl-1e"/>
      </object_component>
      <object_component id="oc-8a">
         <name>.debug_info</name>
         <load_address>0x12078</load_address>
         <run_address>0x12078</run_address>
         <size>0x312d</size>
         <input_file_ref idref="fl-1e"/>
      </object_component>
      <object_component id="oc-20b">
         <name>.debug_info</name>
         <load_address>0x151a5</load_address>
         <run_address>0x151a5</run_address>
         <size>0x51</size>
         <input_file_ref idref="fl-1e"/>
      </object_component>
      <object_component id="oc-11e">
         <name>.debug_info</name>
         <load_address>0x151f6</load_address>
         <run_address>0x151f6</run_address>
         <size>0x2f9</size>
         <input_file_ref idref="fl-20"/>
      </object_component>
      <object_component id="oc-87">
         <name>.debug_info</name>
         <load_address>0x154ef</load_address>
         <run_address>0x154ef</run_address>
         <size>0x65c</size>
         <input_file_ref idref="fl-20"/>
      </object_component>
      <object_component id="oc-2c5">
         <name>.debug_info</name>
         <load_address>0x15b4b</load_address>
         <run_address>0x15b4b</run_address>
         <size>0x36f</size>
         <input_file_ref idref="fl-22"/>
      </object_component>
      <object_component id="oc-2bf">
         <name>.debug_info</name>
         <load_address>0x15eba</load_address>
         <run_address>0x15eba</run_address>
         <size>0x11d</size>
         <input_file_ref idref="fl-22"/>
      </object_component>
      <object_component id="oc-2c2">
         <name>.debug_info</name>
         <load_address>0x15fd7</load_address>
         <run_address>0x15fd7</run_address>
         <size>0x12f</size>
         <input_file_ref idref="fl-22"/>
      </object_component>
      <object_component id="oc-22d">
         <name>.debug_info</name>
         <load_address>0x16106</load_address>
         <run_address>0x16106</run_address>
         <size>0x2c0f</size>
         <input_file_ref idref="fl-22"/>
      </object_component>
      <object_component id="oc-2d8">
         <name>.debug_info</name>
         <load_address>0x18d15</load_address>
         <run_address>0x18d15</run_address>
         <size>0x41b</size>
         <input_file_ref idref="fl-23"/>
      </object_component>
      <object_component id="oc-2ca">
         <name>.debug_info</name>
         <load_address>0x19130</load_address>
         <run_address>0x19130</run_address>
         <size>0x112</size>
         <input_file_ref idref="fl-23"/>
      </object_component>
      <object_component id="oc-2d5">
         <name>.debug_info</name>
         <load_address>0x19242</load_address>
         <run_address>0x19242</run_address>
         <size>0x10c</size>
         <input_file_ref idref="fl-23"/>
      </object_component>
      <object_component id="oc-2cd">
         <name>.debug_info</name>
         <load_address>0x1934e</load_address>
         <run_address>0x1934e</run_address>
         <size>0x11a</size>
         <input_file_ref idref="fl-23"/>
      </object_component>
      <object_component id="oc-2c7">
         <name>.debug_info</name>
         <load_address>0x19468</load_address>
         <run_address>0x19468</run_address>
         <size>0x11e</size>
         <input_file_ref idref="fl-23"/>
      </object_component>
      <object_component id="oc-236">
         <name>.debug_info</name>
         <load_address>0x19586</load_address>
         <run_address>0x19586</run_address>
         <size>0x8cf</size>
         <input_file_ref idref="fl-23"/>
      </object_component>
      <object_component id="oc-2d9">
         <name>.debug_info</name>
         <load_address>0x19e55</load_address>
         <run_address>0x19e55</run_address>
         <size>0x2c</size>
         <input_file_ref idref="fl-23"/>
      </object_component>
      <object_component id="oc-21f">
         <name>.debug_info</name>
         <load_address>0x19e81</load_address>
         <run_address>0x19e81</run_address>
         <size>0x2b1</size>
         <input_file_ref idref="fl-27"/>
      </object_component>
      <object_component id="oc-3b1">
         <name>.debug_info</name>
         <load_address>0x1a132</load_address>
         <run_address>0x1a132</run_address>
         <size>0x107</size>
         <input_file_ref idref="fl-27"/>
      </object_component>
      <object_component id="oc-31b">
         <name>.debug_info</name>
         <load_address>0x1a239</load_address>
         <run_address>0x1a239</run_address>
         <size>0x1d7</size>
         <input_file_ref idref="fl-27"/>
      </object_component>
      <object_component id="oc-19b">
         <name>.debug_info</name>
         <load_address>0x1a410</load_address>
         <run_address>0x1a410</run_address>
         <size>0x2c</size>
         <input_file_ref idref="fl-27"/>
      </object_component>
      <object_component id="oc-16d">
         <name>.debug_info</name>
         <load_address>0x1a43c</load_address>
         <run_address>0x1a43c</run_address>
         <size>0x35</size>
         <input_file_ref idref="fl-27"/>
      </object_component>
      <object_component id="oc-1a7">
         <name>.debug_info</name>
         <load_address>0x1a471</load_address>
         <run_address>0x1a471</run_address>
         <size>0x450</size>
         <input_file_ref idref="fl-28"/>
      </object_component>
      <object_component id="oc-2e5">
         <name>.debug_info</name>
         <load_address>0x1a8c1</load_address>
         <run_address>0x1a8c1</run_address>
         <size>0x11e</size>
         <input_file_ref idref="fl-29"/>
      </object_component>
      <object_component id="oc-239">
         <name>.debug_info</name>
         <load_address>0x1a9df</load_address>
         <run_address>0x1a9df</run_address>
         <size>0xc07</size>
         <input_file_ref idref="fl-29"/>
      </object_component>
      <object_component id="oc-ad">
         <name>.debug_info</name>
         <load_address>0x1b5e6</load_address>
         <run_address>0x1b5e6</run_address>
         <size>0x666</size>
         <input_file_ref idref="fl-2a"/>
      </object_component>
      <object_component id="oc-25f">
         <name>.debug_info</name>
         <load_address>0x1bc4c</load_address>
         <run_address>0x1bc4c</run_address>
         <size>0x271</size>
         <input_file_ref idref="fl-2a"/>
      </object_component>
      <object_component id="oc-26d">
         <name>.debug_info</name>
         <load_address>0x1bebd</load_address>
         <run_address>0x1bebd</run_address>
         <size>0x1fa</size>
         <input_file_ref idref="fl-2a"/>
      </object_component>
      <object_component id="oc-267">
         <name>.debug_info</name>
         <load_address>0x1c0b7</load_address>
         <run_address>0x1c0b7</run_address>
         <size>0x200</size>
         <input_file_ref idref="fl-2a"/>
      </object_component>
      <object_component id="oc-275">
         <name>.debug_info</name>
         <load_address>0x1c2b7</load_address>
         <run_address>0x1c2b7</run_address>
         <size>0x1c1</size>
         <input_file_ref idref="fl-2a"/>
      </object_component>
      <object_component id="oc-1ac">
         <name>.debug_info</name>
         <load_address>0x1c478</load_address>
         <run_address>0x1c478</run_address>
         <size>0x17bd</size>
         <input_file_ref idref="fl-2a"/>
      </object_component>
      <object_component id="oc-da">
         <name>.debug_info</name>
         <load_address>0x1dc35</load_address>
         <run_address>0x1dc35</run_address>
         <size>0x655</size>
         <input_file_ref idref="fl-2b"/>
      </object_component>
      <object_component id="oc-3b">
         <name>.debug_info</name>
         <load_address>0x1e28a</load_address>
         <run_address>0x1e28a</run_address>
         <size>0x5e9</size>
         <input_file_ref idref="fl-2b"/>
      </object_component>
      <object_component id="oc-3a5">
         <name>.debug_info</name>
         <load_address>0x1e873</load_address>
         <run_address>0x1e873</run_address>
         <size>0x321</size>
         <input_file_ref idref="fl-2d"/>
      </object_component>
      <object_component id="oc-398">
         <name>.debug_info</name>
         <load_address>0x1eb94</load_address>
         <run_address>0x1eb94</run_address>
         <size>0x105</size>
         <input_file_ref idref="fl-2d"/>
      </object_component>
      <object_component id="oc-300">
         <name>.debug_info</name>
         <load_address>0x1ec99</load_address>
         <run_address>0x1ec99</run_address>
         <size>0x3928</size>
         <input_file_ref idref="fl-2d"/>
      </object_component>
      <object_component id="oc-30a">
         <name>.debug_info</name>
         <load_address>0x225c1</load_address>
         <run_address>0x225c1</run_address>
         <size>0x338</size>
         <input_file_ref idref="fl-2d"/>
      </object_component>
      <object_component id="oc-304">
         <name>.debug_info</name>
         <load_address>0x228f9</load_address>
         <run_address>0x228f9</run_address>
         <size>0xb71</size>
         <input_file_ref idref="fl-2e"/>
      </object_component>
      <object_component id="oc-307">
         <name>.debug_info</name>
         <load_address>0x2346a</load_address>
         <run_address>0x2346a</run_address>
         <size>0x10c</size>
         <input_file_ref idref="fl-2e"/>
      </object_component>
      <object_component id="oc-24c">
         <name>.debug_info</name>
         <load_address>0x23576</load_address>
         <run_address>0x23576</run_address>
         <size>0x10e9</size>
         <input_file_ref idref="fl-2e"/>
      </object_component>
      <object_component id="oc-38d">
         <name>.debug_info</name>
         <load_address>0x2465f</load_address>
         <run_address>0x2465f</run_address>
         <size>0x4e6</size>
         <input_file_ref idref="fl-2e"/>
      </object_component>
      <object_component id="oc-32c">
         <name>.debug_info</name>
         <load_address>0x24b45</load_address>
         <run_address>0x24b45</run_address>
         <size>0x4dc</size>
         <input_file_ref idref="fl-2f"/>
      </object_component>
      <object_component id="oc-33d">
         <name>.debug_info</name>
         <load_address>0x25021</load_address>
         <run_address>0x25021</run_address>
         <size>0x112</size>
         <input_file_ref idref="fl-2f"/>
      </object_component>
      <object_component id="oc-326">
         <name>.debug_info</name>
         <load_address>0x25133</load_address>
         <run_address>0x25133</run_address>
         <size>0x105</size>
         <input_file_ref idref="fl-2f"/>
      </object_component>
      <object_component id="oc-334">
         <name>.debug_info</name>
         <load_address>0x25238</load_address>
         <run_address>0x25238</run_address>
         <size>0x105</size>
         <input_file_ref idref="fl-2f"/>
      </object_component>
      <object_component id="oc-331">
         <name>.debug_info</name>
         <load_address>0x2533d</load_address>
         <run_address>0x2533d</run_address>
         <size>0x165</size>
         <input_file_ref idref="fl-2f"/>
      </object_component>
      <object_component id="oc-337">
         <name>.debug_info</name>
         <load_address>0x254a2</load_address>
         <run_address>0x254a2</run_address>
         <size>0x10d</size>
         <input_file_ref idref="fl-2f"/>
      </object_component>
      <object_component id="oc-329">
         <name>.debug_info</name>
         <load_address>0x255af</load_address>
         <run_address>0x255af</run_address>
         <size>0x112</size>
         <input_file_ref idref="fl-2f"/>
      </object_component>
      <object_component id="oc-340">
         <name>.debug_info</name>
         <load_address>0x256c1</load_address>
         <run_address>0x256c1</run_address>
         <size>0x121</size>
         <input_file_ref idref="fl-2f"/>
      </object_component>
      <object_component id="oc-33a">
         <name>.debug_info</name>
         <load_address>0x257e2</load_address>
         <run_address>0x257e2</run_address>
         <size>0x10b</size>
         <input_file_ref idref="fl-2f"/>
      </object_component>
      <object_component id="oc-292">
         <name>.debug_info</name>
         <load_address>0x258ed</load_address>
         <run_address>0x258ed</run_address>
         <size>0x1d874</size>
         <input_file_ref idref="fl-2f"/>
      </object_component>
      <object_component id="oc-2ed">
         <name>.debug_info</name>
         <load_address>0x43161</load_address>
         <run_address>0x43161</run_address>
         <size>0xfe9</size>
         <input_file_ref idref="fl-30"/>
      </object_component>
      <object_component id="oc-245">
         <name>.debug_info</name>
         <load_address>0x4414a</load_address>
         <run_address>0x4414a</run_address>
         <size>0x1e4e</size>
         <input_file_ref idref="fl-30"/>
      </object_component>
      <object_component id="oc-392">
         <name>.debug_info</name>
         <load_address>0x45f98</load_address>
         <run_address>0x45f98</run_address>
         <size>0x28</size>
         <input_file_ref idref="fl-30"/>
      </object_component>
      <object_component id="oc-2f4">
         <name>.debug_info</name>
         <load_address>0x45fc0</load_address>
         <run_address>0x45fc0</run_address>
         <size>0x1be</size>
         <input_file_ref idref="fl-31"/>
      </object_component>
      <object_component id="oc-252">
         <name>.debug_info</name>
         <load_address>0x4617e</load_address>
         <run_address>0x4617e</run_address>
         <size>0x570</size>
         <input_file_ref idref="fl-32"/>
      </object_component>
      <object_component id="oc-2e9">
         <name>.debug_info</name>
         <load_address>0x466ee</load_address>
         <run_address>0x466ee</run_address>
         <size>0xfb</size>
         <input_file_ref idref="fl-33"/>
      </object_component>
      <object_component id="oc-23f">
         <name>.debug_info</name>
         <load_address>0x467e9</load_address>
         <run_address>0x467e9</run_address>
         <size>0x846</size>
         <input_file_ref idref="fl-33"/>
      </object_component>
      <object_component id="oc-a3">
         <name>.debug_info</name>
         <load_address>0x4702f</load_address>
         <run_address>0x4702f</run_address>
         <size>0x170</size>
         <input_file_ref idref="fl-34"/>
      </object_component>
      <object_component id="oc-af">
         <name>.debug_info</name>
         <load_address>0x4719f</load_address>
         <run_address>0x4719f</run_address>
         <size>0x395</size>
         <input_file_ref idref="fl-35"/>
      </object_component>
      <object_component id="oc-322">
         <name>.debug_info</name>
         <load_address>0x47534</load_address>
         <run_address>0x47534</run_address>
         <size>0xfe</size>
         <input_file_ref idref="fl-35"/>
      </object_component>
      <object_component id="oc-28c">
         <name>.debug_info</name>
         <load_address>0x47632</load_address>
         <run_address>0x47632</run_address>
         <size>0x438</size>
         <input_file_ref idref="fl-35"/>
      </object_component>
      <object_component id="oc-174">
         <name>.debug_info</name>
         <load_address>0x47a6a</load_address>
         <run_address>0x47a6a</run_address>
         <size>0xc6</size>
         <input_file_ref idref="fl-35"/>
      </object_component>
      <object_component id="oc-80">
         <name>.debug_info</name>
         <load_address>0x47b30</load_address>
         <run_address>0x47b30</run_address>
         <size>0x620</size>
         <input_file_ref idref="fl-36"/>
      </object_component>
      <object_component id="oc-a6">
         <name>.debug_info</name>
         <load_address>0x48150</load_address>
         <run_address>0x48150</run_address>
         <size>0x120</size>
         <input_file_ref idref="fl-36"/>
      </object_component>
      <object_component id="oc-b5">
         <name>.debug_info</name>
         <load_address>0x48270</load_address>
         <run_address>0x48270</run_address>
         <size>0x112</size>
         <input_file_ref idref="fl-36"/>
      </object_component>
      <object_component id="oc-98">
         <name>.debug_info</name>
         <load_address>0x48382</load_address>
         <run_address>0x48382</run_address>
         <size>0x108</size>
         <input_file_ref idref="fl-36"/>
      </object_component>
      <object_component id="oc-9b">
         <name>.debug_info</name>
         <load_address>0x4848a</load_address>
         <run_address>0x4848a</run_address>
         <size>0x148</size>
         <input_file_ref idref="fl-36"/>
      </object_component>
      <object_component id="oc-34">
         <name>.debug_info</name>
         <load_address>0x485d2</load_address>
         <run_address>0x485d2</run_address>
         <size>0xff3</size>
         <input_file_ref idref="fl-36"/>
      </object_component>
      <object_component id="oc-30">
         <name>.debug_info</name>
         <load_address>0x495c5</load_address>
         <run_address>0x495c5</run_address>
         <size>0x16c</size>
         <input_file_ref idref="fl-37"/>
      </object_component>
      <object_component id="oc-b1">
         <name>.debug_info</name>
         <load_address>0x49731</load_address>
         <run_address>0x49731</run_address>
         <size>0x398</size>
         <input_file_ref idref="fl-38"/>
      </object_component>
      <object_component id="oc-9e">
         <name>.debug_info</name>
         <load_address>0x49ac9</load_address>
         <run_address>0x49ac9</run_address>
         <size>0x184</size>
         <input_file_ref idref="fl-38"/>
      </object_component>
      <object_component id="oc-1b2">
         <name>.debug_info</name>
         <load_address>0x49c4d</load_address>
         <run_address>0x49c4d</run_address>
         <size>0x43f</size>
         <input_file_ref idref="fl-38"/>
      </object_component>
      <object_component id="oc-282">
         <name>.debug_info</name>
         <load_address>0x4a08c</load_address>
         <run_address>0x4a08c</run_address>
         <size>0x13a</size>
         <input_file_ref idref="fl-f3"/>
      </object_component>
      <object_component id="oc-287">
         <name>.debug_info</name>
         <load_address>0x4a1c6</load_address>
         <run_address>0x4a1c6</run_address>
         <size>0x12e</size>
         <input_file_ref idref="fl-f4"/>
      </object_component>
      <object_component id="oc-39b">
         <name>.debug_info</name>
         <load_address>0x4a2f4</load_address>
         <run_address>0x4a2f4</run_address>
         <size>0x122</size>
         <input_file_ref idref="fl-f5"/>
      </object_component>
      <object_component id="oc-27b">
         <name>.debug_info</name>
         <load_address>0x4a416</load_address>
[...]
         <object_component_ref idref="oc-291"/>
      </symbol>
      <symbol id="sm-11eb">
         <name>bmi160_set_gyro_wakeup_trigger</name>
         <value>0x8029</value>
         <object_component_ref idref="oc-291"/>
      </symbol>
      <symbol id="sm-11ec">
         <name>bmi160_get_sensor_time</name>
         <value>0xd75</value>
         <object_component_ref idref="oc-291"/>
      </symbol>
      <symbol id="sm-11ed">
         <name>bmi160_get_intr_tap_source</name>
         <value>0x582d</value>
         <object_component_ref idref="oc-291"/>
      </symbol>
      <symbol id="sm-11ee">
         <name>bmi160_set_fifo_down_accel</name>
         <value>0x2305</value>
         <object_component_ref idref="oc-291"/>
      </symbol>
      <symbol id="sm-11ef">
         <name>bmi160_set_intr_single_tap</name>
         <value>0x4de5</value>
         <object_component_ref idref="oc-291"/>
      </symbol>
      <symbol id="sm-11f0">
         <name>bmi160_set_intr_tap_source</name>
         <value>0x587b</value>
         <object_component_ref idref="oc-291"/>
      </symbol>
      <symbol id="sm-11f1">
         <name>bmi160_get_intr_single_tap</name>
         <value>0x4d4b</value>
         <object_component_ref idref="oc-291"/>
      </symbol>
      <symbol id="sm-11f2">
         <name>bmi160_get_fifo_down_accel</name>
         <value>0x22b7</value>
         <object_component_ref idref="oc-291"/>
      </symbol>
      <symbol id="sm-11f3">
         <name>bmi160_set_gyro_offset_compensation_yaxis</name>
         <value>0x8d75</value>
         <object_component_ref idref="oc-291"/>
      </symbol>
      <symbol id="sm-11f4">
         <name>bmi160_get_stat2_tap_first_z</name>
         <value>0x1617</value>
         <object_component_ref idref="oc-291"/>
      </symbol>
      <symbol id="sm-11f5">
         <name>bmi160_get_stat2_tap_first_x</name>
         <value>0x157b</value>
         <object_component_ref idref="oc-291"/>
      </symbol>
      <symbol id="sm-11f6">
         <name>bmi160_get_stat2_tap_first_y</name>
         <value>0x15c9</value>
         <object_component_ref idref="oc-291"/>
      </symbol>
      <symbol id="sm-11f7">
         <name>bmi160_set_intr_output_type</name>
         <value>0x4021</value>
         <object_component_ref idref="oc-291"/>
      </symbol>
      <symbol id="sm-11f8">
         <name>bmi160_get_intr_any_motion</name>
         <value>0x4875</value>
         <object_component_ref idref="oc-291"/>
      </symbol>
      <symbol id="sm-11f9">
         <name>bmi160_set_intr_any_motion</name>
         <value>0x490f</value>
         <object_component_ref idref="oc-291"/>
      </symbol>
      <symbol id="sm-11fa">
         <name>bmi160_set_mag_manual_enable</name>
         <value>0x2e8f</value>
         <object_component_ref idref="oc-291"/>
      </symbol>
      <symbol id="sm-11fb">
         <name>bmi160_get_stat1_fifo_full_intr</name>
         <value>0x1355</value>
         <object_component_ref idref="oc-291"/>
      </symbol>
      <symbol id="sm-11fc">
         <name>bmi160_get_gyro_sleep_state</name>
         <value>0x80bb</value>
         <object_component_ref idref="oc-291"/>
      </symbol>
      <symbol id="sm-11fd">
         <name>bmi160_set_spi_enable</name>
         <value>0x8625</value>
         <object_component_ref idref="oc-291"/>
      </symbol>
      <symbol id="sm-11fe">
         <name>bmi160_set_intr_low_g_mode</name>
         <value>0x5ce7</value>
         <object_component_ref idref="oc-291"/>
      </symbol>
      <symbol id="sm-11ff">
         <name>bmi160_get_intr_low_g_mode</name>
         <value>0x5c99</value>
         <object_component_ref idref="oc-291"/>
      </symbol>
      <symbol id="sm-1200">
         <name>bmi160_get_stat2_any_motion_sign</name>
         <value>0x152d</value>
         <object_component_ref idref="oc-291"/>
      </symbol>
      <symbol id="sm-1201">
         <name>bmi160_set_accel_fifo_filter_data</name>
         <value>0x23cd</value>
         <object_component_ref idref="oc-291"/>
      </symbol>
      <symbol id="sm-1202">
         <name>V_bmm150_maual_auto_condition_u8</name>
         <value>0x20006824</value>
         <object_component_ref idref="oc-330"/>
      </symbol>
      <symbol id="sm-1203">
         <name>bmi160_get_stat0_pmu_trigger_intr</name>
         <value>0x10df</value>
         <object_component_ref idref="oc-291"/>
      </symbol>
      <symbol id="sm-1204">
         <name>bmi160_set_gyro_offset_enable</name>
         <value>0x9181</value>
         <object_component_ref idref="oc-291"/>
      </symbol>
      <symbol id="sm-1205">
         <name>bmi160_set_gyro_wakeup_intr</name>
         <value>0x81e3</value>
         <object_component_ref idref="oc-291"/>
      </symbol>
      <symbol id="sm-1206">
         <name>bmi160_get_fifo_gyro_enable</name>
         <value>0x2b0d</value>
         <object_component_ref idref="oc-291"/>
      </symbol>
      <symbol id="sm-1207">
         <name>bmi160_get_stat3_orient_xy</name>
         <value>0x17e9</value>
         <object_component_ref idref="oc-291"/>
      </symbol>
      <symbol id="sm-1208">
         <name>bmi160_get_mag_dada_rdy_err</name>
         <value>0x48b</value>
         <object_component_ref idref="oc-291"/>
      </symbol>
      <symbol id="sm-1209">
         <name>bmi160_get_accel_offset_compensation_yaxis</name>
         <value>0x8919</value>
         <object_component_ref idref="oc-291"/>
      </symbol>
      <symbol id="sm-120a">
         <name>bmi160_set_i2c_device_addr</name>
         <value>0x2c35</value>
         <object_component_ref idref="oc-291"/>
      </symbol>
      <symbol id="sm-120b">
         <name>bmi160_get_i2c_device_addr</name>
         <value>0x2be7</value>
         <object_component_ref idref="oc-291"/>
      </symbol>
      <symbol id="sm-120c">
         <name>v_fifo_data_u8</name>
         <value>0x20006418</value>
         <object_component_ref idref="oc-328"/>
      </symbol>
      <symbol id="sm-120d">
         <name>bmi160_get_fifo_time_enable</name>
         <value>0x25bf</value>
         <object_component_ref idref="oc-291"/>
      </symbol>
      <symbol id="sm-1261">
         <name>s_bmi160</name>
         <value>0x200063ac</value>
      </symbol>
      <symbol id="sm-1262">
         <name>gyroxyz</name>
         <value>0x200063e6</value>
      </symbol>
      <symbol id="sm-1263">
         <name>accelxyz</name>
         <value>0x200063e0</value>
      </symbol>
      <symbol id="sm-1264">
         <name>bmi160_interrupt_configuration</name>
         <value>0x10a21</value>
         <object_component_ref idref="oc-244"/>
      </symbol>
      <symbol id="sm-1265">
         <name>bmi160_initialize_sensor</name>
         <value>0xffdd</value>
         <object_component_ref idref="oc-244"/>
      </symbol>
      <symbol id="sm-1266">
         <name>bmi160_i2c_bus_read</name>
         <value>0x10ae1</value>
         <object_component_ref idref="oc-244"/>
      </symbol>
      <symbol id="sm-1267">
         <name>bmi160_delay_ms</name>
         <value>0x10c85</value>
         <object_component_ref idref="oc-244"/>
      </symbol>
      <symbol id="sm-1268">
         <name>bmi160_spi_bus_read</name>
         <value>0x10c49</value>
         <object_component_ref idref="oc-244"/>
      </symbol>
      <symbol id="sm-1269">
         <name>bmi160_config_running_mode</name>
         <value>0x10019</value>
         <object_component_ref idref="oc-244"/>
      </symbol>
      <symbol id="sm-126a">
         <name>bmi160_spi_bus_write</name>
         <value>0x10c67</value>
         <object_component_ref idref="oc-244"/>
      </symbol>
      <symbol id="sm-126b">
         <name>spi_routine</name>
         <value>0x10abd</value>
         <object_component_ref idref="oc-244"/>
      </symbol>
      <symbol id="sm-126c">
         <name>bmi160_i2c_bus_write</name>
         <value>0x10c0b</value>
         <object_component_ref idref="oc-244"/>
      </symbol>
      <symbol id="sm-126d">
         <name>bmi160_i2c_burst_read</name>
         <value>0x10bef</value>
         <object_component_ref idref="oc-244"/>
      </symbol>
      <symbol id="sm-126e">
         <name>i2c_routine</name>
         <value>0x10a9b</value>
         <object_component_ref idref="oc-244"/>
      </symbol>
      <symbol id="sm-127b">
         <name>DelayMs</name>
         <value>0x16199</value>
         <object_component_ref idref="oc-2f1"/>
      </symbol>
      <symbol id="sm-127c">
         <name>SysDelay</name>
         <value>0x1624d</value>
         <object_component_ref idref="oc-257"/>
      </symbol>
      <symbol id="sm-1290">
         <name>sensorOpt3001Enable</name>
         <value>0x15641</value>
         <object_component_ref idref="oc-250"/>
      </symbol>
      <symbol id="sm-1291">
         <name>sensorOpt3001Read</name>
         <value>0x1568f</value>
         <object_component_ref idref="oc-250"/>
      </symbol>
      <symbol id="sm-1292">
         <name>sensorOpt3001Init</name>
         <value>0x15635</value>
         <object_component_ref idref="oc-250"/>
      </symbol>
      <symbol id="sm-1293">
         <name>sensorOpt3001Test</name>
         <value>0x156d3</value>
         <object_component_ref idref="oc-250"/>
      </symbol>
      <symbol id="sm-12b6">
         <name>sensorTmp007Read</name>
         <value>0x1509f</value>
         <object_component_ref idref="oc-23e"/>
      </symbol>
      <symbol id="sm-12b7">
         <name>sensorTmp007Init</name>
         <value>0x14fed</value>
         <object_component_ref idref="oc-23e"/>
      </symbol>
      <symbol id="sm-12b8">
         <name>sensorTmp007Enable</name>
         <value>0x14fef</value>
         <object_component_ref idref="oc-23e"/>
      </symbol>
      <symbol id="sm-12b9">
         <name>sensorTmp007Test</name>
         <value>0x151d1</value>
         <object_component_ref idref="oc-23e"/>
      </symbol>
      <symbol id="sm-12c2">
         <name>StartCriticalSection</name>
         <value>0x16213</value>
         <object_component_ref idref="oc-a0"/>
      </symbol>
      <symbol id="sm-12c3">
         <name>EndCriticalSection</name>
         <value>0x1621b</value>
         <object_component_ref idref="oc-a0"/>
      </symbol>
      <symbol id="sm-12ef">
         <name>readFIFO</name>
         <value>0x15327</value>
         <object_component_ref idref="oc-28b"/>
      </symbol>
      <symbol id="sm-12f0">
         <name>G8RTOS_InitFIFO</name>
         <value>0x152b1</value>
         <object_component_ref idref="oc-28b"/>
      </symbol>
      <symbol id="sm-12f1">
         <name>writeFIFO</name>
         <value>0x153a5</value>
         <object_component_ref idref="oc-28b"/>
      </symbol>
      <symbol id="sm-137f">
         <name>CurrentlyRunningThread</name>
         <value>0x200063f4</value>
      </symbol>
      <symbol id="sm-1380">
         <name>currentMaxPriority</name>
         <value>0x20006416</value>
      </symbol>
      <symbol id="sm-1381">
         <name>nextThreadID</name>
         <value>0x20006408</value>
      </symbol>
      <symbol id="sm-1382">
         <name>SystemTime</name>
         <value>0x200063fc</value>
      </symbol>
      <symbol id="sm-1383">
         <name>G8RTOS_AddThread</name>
         <value>0x12359</value>
         <object_component_ref idref="oc-32"/>
      </symbol>
      <symbol id="sm-1384">
         <name>SysTick_Handler</name>
         <value>0x121a7</value>
         <object_component_ref idref="oc-32"/>
      </symbol>
      <symbol id="sm-1385">
         <name>G8RTOS_KillThread</name>
         <value>0x126b9</value>
         <object_component_ref idref="oc-32"/>
      </symbol>
      <symbol id="sm-1386">
         <name>G8RTOS_Init</name>
         <value>0x12257</value>
         <object_component_ref idref="oc-32"/>
      </symbol>
      <symbol id="sm-1387">
         <name>G8RTOS_AddPeriodicEvent</name>
         <value>0x12521</value>
         <object_component_ref idref="oc-32"/>
      </symbol>
      <symbol id="sm-1388">
         <name>G8RTOS_KillAllThreads</name>
         <value>0x12801</value>
         <object_component_ref idref="oc-32"/>
      </symbol>
      <symbol id="sm-1389">
         <name>getClock</name>
         <value>0x12803</value>
         <object_component_ref idref="oc-32"/>
      </symbol>
      <symbol id="sm-138a">
         <name>G8RTOS_GetThreadId</name>
         <value>0x1269f</value>
         <object_component_ref idref="oc-32"/>
      </symbol>
      <symbol id="sm-138b">
         <name>G8RTOS_Scheduler</name>
         <value>0x1211d</value>
         <object_component_ref idref="oc-32"/>
      </symbol>
      <symbol id="sm-138c">
         <name>G8RTOS_KillSelf</name>
         <value>0x12785</value>
         <object_component_ref idref="oc-32"/>
      </symbol>
      <symbol id="sm-138d">
         <name>GetNumberOfThreads</name>
         <value>0x127fb</value>
         <object_component_ref idref="oc-32"/>
      </symbol>
      <symbol id="sm-138e">
         <name>G8RTOS_AddAPeriodicEvent</name>
         <value>0x12615</value>
         <object_component_ref idref="oc-32"/>
      </symbol>
      <symbol id="sm-138f">
         <name>G8RTOS_Launch</name>
         <value>0x122d3</value>
         <object_component_ref idref="oc-32"/>
      </symbol>
      <symbol id="sm-1390">
         <name>sleep</name>
         <value>0x12675</value>
         <object_component_ref idref="oc-32"/>
      </symbol>
      <symbol id="sm-139b">
         <name>PendSV_Handler</name>
         <value>0x15f01</value>
         <object_component_ref idref="oc-2d"/>
      </symbol>
      <symbol id="sm-139c">
         <name>G8RTOS_Start</name>
         <value>0x15ec5</value>
         <object_component_ref idref="oc-2d"/>
      </symbol>
      <symbol id="sm-13c2">
         <name>periodicFault</name>
         <value>0x20006820</value>
         <object_component_ref idref="oc-9d"/>
      </symbol>
      <symbol id="sm-13c3">
         <name>G8RTOS_SignalSemaphore</name>
         <value>0x158db</value>
         <object_component_ref idref="oc-1b0"/>
      </symbol>
      <symbol id="sm-13c4">
         <name>CurrentlyRunningPThread</name>
         <value>0x2000681c</value>
         <object_component_ref idref="oc-9d"/>
      </symbol>
      <symbol id="sm-13c5">
         <name>G8RTOS_WaitSemaphore</name>
         <value>0x15883</value>
         <object_component_ref idref="oc-1b0"/>
      </symbol>
      <symbol id="sm-13c6">
         <name>G8RTOS_InitSemaphore</name>
         <value>0x15865</value>
         <object_component_ref idref="oc-1b0"/>
      </symbol>
      <symbol id="sm-13c7">
         <name>runningPeriodic</name>
         <value>0x20006818</value>
         <object_component_ref idref="oc-9d"/>
      </symbol>
      <symbol id="sm-13d2">
         <name>__aeabi_dmul</name>
         <value>0x15769</value>
         <object_component_ref idref="oc-27f"/>
      </symbol>
      <symbol id="sm-13dc">
         <name>__aeabi_d2iz</name>
         <value>0x15f95</value>
         <object_component_ref idref="oc-284"/>
      </symbol>
      <symbol id="sm-13e5">
         <name>__aeabi_lmul</name>
         <value>0x161fb</value>
         <object_component_ref idref="oc-39a"/>
      </symbol>
      <symbol id="sm-13ef">
         <name>__aeabi_ui2d</name>
         <value>0x161bf</value>
         <object_component_ref idref="oc-27a"/>
      </symbol>
      <symbol id="sm-13fe">
         <name>__aeabi_memset</name>
         <value>0x15ddb</value>
         <object_component_ref idref="oc-f8"/>
      </symbol>
      <symbol id="sm-13ff">
         <name>memset</name>
         <value>0x15de1</value>
         <object_component_ref idref="oc-f8"/>
      </symbol>
      <symbol id="sm-1400">
         <name>__aeabi_memset8</name>
         <value>0x15ddb</value>
         <object_component_ref idref="oc-f8"/>
      </symbol>
      <symbol id="sm-1401">
         <name>__aeabi_memset4</name>
         <value>0x15ddb</value>
         <object_component_ref idref="oc-f8"/>
      </symbol>
      <symbol id="sm-1402">
         <name>__aeabi_memclr8</name>
         <value>0x15dd9</value>
         <object_component_ref idref="oc-f8"/>
      </symbol>
      <symbol id="sm-1403">
         <name>__aeabi_memclr4</name>
         <value>0x15dd9</value>
         <object_component_ref idref="oc-f8"/>
      </symbol>
      <symbol id="sm-1404">
         <name>__aeabi_memclr</name>
         <value>0x15dd9</value>
         <object_component_ref idref="oc-f8"/>
      </symbol>
      <symbol id="sm-1413">
         <name>__aeabi_uidivmod</name>
         <value>0x160e5</value>
         <object_component_ref idref="oc-2cf"/>
      </symbol>
      <symbol id="sm-1414">
         <name>__aeabi_uidiv</name>
         <value>0x160e5</value>
         <object_component_ref idref="oc-2cf"/>
      </symbol>
      <symbol id="sm-1422">
         <name>__aeabi_ldivmod</name>
         <value>0x15e53</value>
         <object_component_ref idref="oc-39f"/>
      </symbol>
      <symbol id="sm-142f">
         <name>__aeabi_uldivmod</name>
         <value>0x15c25</value>
         <object_component_ref idref="oc-3e1"/>
      </symbol>
      <symbol id="sm-1441">
         <name>__TI_zero_init</name>
         <value>0x1622f</value>
         <object_component_ref idref="oc-5e"/>
      </symbol>
      <symbol id="sm-1458">
         <name>__TI_decompress_none</name>
         <value>0x16221</value>
         <object_component_ref idref="oc-1b"/>
      </symbol>
      <symbol id="sm-147b">
         <name>__TI_decompress_lzss</name>
         <value>0x15f2d</value>
         <object_component_ref idref="oc-15"/>
      </symbol>
      <symbol id="sm-148e">
         <name>__stack</name>
         <value>0x20006840</value>
         <object_component_ref idref="oc-24"/>
      </symbol>
      <symbol id="sm-148f">
         <name>_c_int00_noargs</name>
         <value>0x16165</value>
         <object_component_ref idref="oc-6a"/>
      </symbol>
      <symbol id="sm-1499">
         <name>__aeabi_idiv0</name>
         <value>0x13c7f</value>
         <object_component_ref idref="oc-374"/>
      </symbol>
      <symbol id="sm-149a">
         <name>__aeabi_ldiv0</name>
         <value>0x13c7f</value>
         <object_component_ref idref="oc-374"/>
      </symbol>
      <symbol id="sm-14b5">
         <name>memcpy</name>
         <value>0x15b89</value>
         <object_component_ref idref="oc-4c"/>
      </symbol>
      <symbol id="sm-14b6">
         <name>__aeabi_memcpy</name>
         <value>0x15b89</value>
         <object_component_ref idref="oc-4c"/>
      </symbol>
      <symbol id="sm-14b7">
         <name>__aeabi_memcpy8</name>
         <value>0x15b89</value>
         <object_component_ref idref="oc-4c"/>
      </symbol>
      <symbol id="sm-14b8">
         <name>__aeabi_memcpy4</name>
         <value>0x15b89</value>
         <object_component_ref idref="oc-4c"/>
      </symbol>
      <symbol id="sm-14e0">
         <name>__TI_auto_init_nobinit_nopinit</name>
         <value>0x16021</value>
         <object_component_ref idref="oc-1cc"/>
      </symbol>
      <symbol id="sm-14ea">
         <name>_system_pre_init</name>
         <value>0x16253</value>
         <object_component_ref idref="oc-fe"/>
      </symbol>
      <symbol id="sm-14f6">
         <name>C$$EXIT</name>
         <value>0x16257</value>
         <object_component_ref idref="oc-1c0"/>
      </symbol>
      <symbol id="sm-14f7">
         <name>abort</name>
         <value>0x16257</value>
         <object_component_ref idref="oc-1c0"/>
      </symbol>
      <symbol id="sm-14fa">
         <name>__TI_static_base__</name>
         <value>0x0</value>
      </symbol>
      <symbol id="sm-14fd">
         <name>__mpu_init</name>
         <value>0x0</value>
      </symbol>
      <symbol id="sm-14fe">
         <name>_system_post_cinit</name>
         <value>0x0</value>
      </symbol>
   </symbol_table>
   <title>Link successful</title>
</link_info>
