<?xml version="1.0" encoding="ISO-8859-1" ?>
<link_info>
   <banner>TI ARM Linker PC v20.2.7.LTS</banner>
   <copyright>Copyright (c) 1996-2018 Texas Instruments Incorporated</copyright>
   <link_time>0x63982349</link_time>
   <link_errors>0x0</link_errors>
   <output_file>uP2_FinalProject.out</output_file>
   <entry_point>
      <name>_c_int00_noargs</name>
      <address>0x18681</address>
   </entry_point>
   <input_file_list>
      <input_file id="fl-2">
         <path>.\</path>
         <kind>object</kind>
         <file>main.obj</file>
         <name>main.obj</name>
      </input_file>
      <input_file id="fl-3">
         <path>.\</path>
         <kind>object</kind>
         <file>threads.obj</file>
         <name>threads.obj</name>
      </input_file>
      <input_file id="fl-4">
         <path>.\</path>
         <kind>object</kind>
         <file>tm4c123gh6pm_startup_ccs.obj</file>
         <name>tm4c123gh6pm_startup_ccs.obj</name>
      </input_file>
      <input_file id="fl-5">
         <path>.\BoardSupport\driverlib\</path>
         <kind>object</kind>
         <file>adc.obj</file>
         <name>adc.obj</name>
      </input_file>
      <input_file id="fl-6">
         <path>.\BoardSupport\driverlib\</path>
         <kind>object</kind>
         <file>aes.obj</file>
         <name>aes.obj</name>
      </input_file>
      <input_file id="fl-7">
         <path>.\BoardSupport\driverlib\</path>
         <kind>object</kind>
         <file>can.obj</file>
         <name>can.obj</name>
      </input_file>
      <input_file id="fl-8">
         <path>.\BoardSupport\driverlib\</path>
         <kind>object</kind>
         <file>comp.obj</file>
         <name>comp.obj</name>
      </input_file>
      <input_file id="fl-9">
         <path>.\BoardSupport\driverlib\</path>
         <kind>object</kind>
         <file>cpu.obj</file>
         <name>cpu.obj</name>
      </input_file>
      <input_file id="fl-a">
         <path>.\BoardSupport\driverlib\</path>
         <kind>object</kind>
         <file>crc.obj</file>
         <name>crc.obj</name>
      </input_file>
      <input_file id="fl-b">
         <path>.\BoardSupport\driverlib\</path>
         <kind>object</kind>
         <file>des.obj</file>
         <name>des.obj</name>
      </input_file>
      <input_file id="fl-c">
         <path>.\BoardSupport\driverlib\</path>
         <kind>object</kind>
         <file>eeprom.obj</file>
         <name>eeprom.obj</name>
      </input_file>
      <input_file id="fl-d">
         <path>.\BoardSupport\driverlib\</path>
         <kind>object</kind>
         <file>emac.obj</file>
         <name>emac.obj</name>
      </input_file>
      <input_file id="fl-e">
         <path>.\BoardSupport\driverlib\</path>
         <kind>object</kind>
         <file>epi.obj</file>
         <name>epi.obj</name>
      </input_file>
      <input_file id="fl-f">
         <path>.\BoardSupport\driverlib\</path>
         <kind>object</kind>
         <file>epi_workaround_ccs.obj</file>
         <name>epi_workaround_ccs.obj</name>
      </input_file>
      <input_file id="fl-10">
         <path>.\BoardSupport\driverlib\</path>
         <kind>object</kind>
         <file>flash.obj</file>
         <name>flash.obj</name>
      </input_file>
      <input_file id="fl-11">
         <path>.\BoardSupport\driverlib\</path>
         <kind>object</kind>
         <file>fpu.obj</file>
         <name>fpu.obj</name>
      </input_file>
      <input_file id="fl-12">
         <path>.\BoardSupport\driverlib\</path>
         <kind>object</kind>
         <file>gpio.obj</file>
         <name>gpio.obj</name>
      </input_file>
      <input_file id="fl-13">
         <path>.\BoardSupport\driverlib\</path>
         <kind>object</kind>
         <file>hibernate.obj</file>
         <name>hibernate.obj</name>
      </input_file>
      <input_file id="fl-14">
         <path>.\BoardSupport\driverlib\</path>
         <kind>object</kind>
         <file>i2c.obj</file>
         <name>i2c.obj</name>
      </input_file>
      <input_file id="fl-15">
         <path>.\BoardSupport\driverlib\</path>
         <kind>object</kind>
         <file>interrupt.obj</file>
         <name>interrupt.obj</name>
      </input_file>
      <input_file id="fl-16">
         <path>.\BoardSupport\driverlib\</path>
         <kind>object</kind>
         <file>lcd.obj</file>
         <name>lcd.obj</name>
      </input_file>
      <input_file id="fl-17">
         <path>.\BoardSupport\driverlib\</path>
         <kind>object</kind>
         <file>mpu.obj</file>
         <name>mpu.obj</name>
      </input_file>
      <input_file id="fl-18">
         <path>.\BoardSupport\driverlib\</path>
         <kind>object</kind>
         <file>onewire.obj</file>
         <name>onewire.obj</name>
      </input_file>
      <input_file id="fl-19">
         <path>.\BoardSupport\driverlib\</path>
         <kind>object</kind>
         <file>pwm.obj</file>
         <name>pwm.obj</name>
      </input_file>
      <input_file id="fl-1a">
         <path>.\BoardSupport\driverlib\</path>
         <kind>object</kind>
         <file>qei.obj</file>
         <name>qei.obj</name>
      </input_file>
      <input_file id="fl-1b">
         <path>.\BoardSupport\driverlib\</path>
         <kind>object</kind>
         <file>shamd5.obj</file>
         <name>shamd5.obj</name>
      </input_file>
      <input_file id="fl-1c">
         <path>.\BoardSupport\driverlib\</path>
         <kind>object</kind>
         <file>ssi.obj</file>
         <name>ssi.obj</name>
      </input_file>
      <input_file id="fl-1d">
         <path>.\BoardSupport\driverlib\</path>
         <kind>object</kind>
         <file>sw_crc.obj</file>
         <name>sw_crc.obj</name>
      </input_file>
      <input_file id="fl-1e">
         <path>.\BoardSupport\driverlib\</path>
         <kind>object</kind>
         <file>sysctl.obj</file>
         <name>sysctl.obj</name>
      </input_file>
      <input_file id="fl-1f">
         <path>.\BoardSupport\driverlib\</path>
         <kind>object</kind>
         <file>sysexc.obj</file>
         <name>sysexc.obj</name>
      </input_file>
      <input_file id="fl-20">
         <path>.\BoardSupport\driverlib\</path>
         <kind>object</kind>
         <file>systick.obj</file>
         <name>systick.obj</name>
      </input_file>
      <input_file id="fl-21">
         <path>.\BoardSupport\driverlib\</path>
         <kind>object</kind>
         <file>timer.obj</file>
         <name>timer.obj</name>
      </input_file>
      <input_file id="fl-22">
         <path>.\BoardSupport\driverlib\</path>
         <kind>object</kind>
         <file>uart.obj</file>
         <name>uart.obj</name>
      </input_file>
      <input_file id="fl-23">
         <path>.\BoardSupport\driverlib\</path>
         <kind>object</kind>
         <file>uartstdio.obj</file>
         <name>uartstdio.obj</name>
      </input_file>
      <input_file id="fl-24">
         <path>.\BoardSupport\driverlib\</path>
         <kind>object</kind>
         <file>udma.obj</file>
         <name>udma.obj</name>
      </input_file>
      <input_file id="fl-25">
         <path>.\BoardSupport\driverlib\</path>
         <kind>object</kind>
         <file>usb.obj</file>
         <name>usb.obj</name>
      </input_file>
      <input_file id="fl-26">
         <path>.\BoardSupport\driverlib\</path>
         <kind>object</kind>
         <file>watchdog.obj</file>
         <name>watchdog.obj</name>
      </input_file>
      <input_file id="fl-27">
         <path>.\BoardSupport\src\</path>
         <kind>object</kind>
         <file>AsciiLib.obj</file>
         <name>AsciiLib.obj</name>
      </input_file>
      <input_file id="fl-28">
         <path>.\BoardSupport\src\</path>
         <kind>object</kind>
         <file>BoardInitialization.obj</file>
         <name>BoardInitialization.obj</name>
      </input_file>
      <input_file id="fl-29">
         <path>.\BoardSupport\src\</path>
         <kind>object</kind>
         <file>I2CDriver.obj</file>
         <name>I2CDriver.obj</name>
      </input_file>
      <input_file id="fl-2a">
         <path>.\BoardSupport\src\</path>
         <kind>object</kind>
         <file>ILI9341_Lib.obj</file>
         <name>ILI9341_Lib.obj</name>
      </input_file>
      <input_file id="fl-2b">
         <path>.\BoardSupport\src\</path>
         <kind>object</kind>
         <file>Joystick.obj</file>
         <name>Joystick.obj</name>
      </input_file>
      <input_file id="fl-2c">
         <path>.\BoardSupport\src\</path>
         <kind>object</kind>
         <file>RGBLedDriver.obj</file>
         <name>RGBLedDriver.obj</name>
      </input_file>
      <input_file id="fl-2d">
         <path>.\BoardSupport\src\</path>
         <kind>object</kind>
         <file>bme280.obj</file>
         <name>bme280.obj</name>
      </input_file>
      <input_file id="fl-2e">
         <path>.\BoardSupport\src\</path>
         <kind>object</kind>
         <file>bme280_support.obj</file>
         <name>bme280_support.obj</name>
      </input_file>
      <input_file id="fl-2f">
         <path>.\BoardSupport\src\</path>
         <kind>object</kind>
         <file>bmi160.obj</file>
         <name>bmi160.obj</name>
      </input_file>
      <input_file id="fl-30">
         <path>.\BoardSupport\src\</path>
         <kind>object</kind>
         <file>bmi160_support.obj</file>
         <name>bmi160_support.obj</name>
      </input_file>
      <input_file id="fl-31">
         <path>.\BoardSupport\src\</path>
         <kind>object</kind>
         <file>demo_sysctl.obj</file>
         <name>demo_sysctl.obj</name>
      </input_file>
      <input_file id="fl-32">
         <path>.\BoardSupport\src\</path>
         <kind>object</kind>
         <file>opt3001.obj</file>
         <name>opt3001.obj</name>
      </input_file>
      <input_file id="fl-33">
         <path>.\BoardSupport\src\</path>
         <kind>object</kind>
         <file>tmp007.obj</file>
         <name>tmp007.obj</name>
      </input_file>
      <input_file id="fl-34">
         <path>.\G8RTOS_Lab4\</path>
         <kind>object</kind>
         <file>G8RTOS_CriticalSection.obj</file>
         <name>G8RTOS_CriticalSection.obj</name>
      </input_file>
      <input_file id="fl-35">
         <path>.\G8RTOS_Lab4\</path>
         <kind>object</kind>
         <file>G8RTOS_IPC.obj</file>
         <name>G8RTOS_IPC.obj</name>
      </input_file>
      <input_file id="fl-36">
         <path>.\G8RTOS_Lab4\</path>
         <kind>object</kind>
         <file>G8RTOS_Scheduler.obj</file>
         <name>G8RTOS_Scheduler.obj</name>
      </input_file>
      <input_file id="fl-37">
         <path>.\G8RTOS_Lab4\</path>
         <kind>object</kind>
         <file>G8RTOS_SchedulerASM.obj</file>
         <name>G8RTOS_SchedulerASM.obj</name>
      </input_file>
      <input_file id="fl-38">
         <path>.\G8RTOS_Lab4\</path>
         <kind>object</kind>
         <file>G8RTOS_Semaphores.obj</file>
         <name>G8RTOS_Semaphores.obj</name>
      </input_file>
      <input_file id="fl-3d">
         <kind>object</kind>
         <file>&lt;internal&gt;</file>
         <name>&lt;internal&gt;</name>
      </input_file>
      <input_file id="fl-f3">
         <path>C:\ti\ccs1210\ccs\tools\compiler\ti-cgt-arm_20.2.7.LTS\lib\</path>
         <kind>archive</kind>
         <file>rtsv7M4_T_le_v4SPD16_eabi.lib</file>
         <name>snprintf.c.obj</name>
      </input_file>
      <input_file id="fl-f4">
         <path>C:\ti\ccs1210\ccs\tools\compiler\ti-cgt-arm_20.2.7.LTS\lib\</path>
         <kind>archive</kind>
         <file>rtsv7M4_T_le_v4SPD16_eabi.lib</file>
         <name>fd_mul_t2.asm.obj</name>
      </input_file>
      <input_file id="fl-f5">
         <path>C:\ti\ccs1210\ccs\tools\compiler\ti-cgt-arm_20.2.7.LTS\lib\</path>
         <kind>archive</kind>
         <file>rtsv7M4_T_le_v4SPD16_eabi.lib</file>
         <name>fd_toi_t2.asm.obj</name>
      </input_file>
      <input_file id="fl-f6">
         <path>C:\ti\ccs1210\ccs\tools\compiler\ti-cgt-arm_20.2.7.LTS\lib\</path>
         <kind>archive</kind>
         <file>rtsv7M4_T_le_v4SPD16_eabi.lib</file>
         <name>ll_mul_t2.asm.obj</name>
      </input_file>
      <input_file id="fl-f7">
         <path>C:\ti\ccs1210\ccs\tools\compiler\ti-cgt-arm_20.2.7.LTS\lib\</path>
         <kind>archive</kind>
         <file>rtsv7M4_T_le_v4SPD16_eabi.lib</file>
         <name>memcpy_t2.asm.obj</name>
      </input_file>
      <input_file id="fl-f8">
         <path>C:\ti\ccs1210\ccs\tools\compiler\ti-cgt-arm_20.2.7.LTS\lib\</path>
         <kind>archive</kind>
         <file>rtsv7M4_T_le_v4SPD16_eabi.lib</file>
         <name>u_tofd_t2.asm.obj</name>
      </input_file>
      <input_file id="fl-f9">
         <path>C:\ti\ccs1210\ccs\tools\compiler\ti-cgt-arm_20.2.7.LTS\lib\</path>
         <kind>archive</kind>
         <file>rtsv7M4_T_le_v4SPD16_eabi.lib</file>
         <name>memset_t2.asm.obj</name>
      </input_file>
      <input_file id="fl-fa">
         <path>C:\ti\ccs1210\ccs\tools\compiler\ti-cgt-arm_20.2.7.LTS\lib\</path>
         <kind>archive</kind>
         <file>rtsv7M4_T_le_v4SPD16_eabi.lib</file>
         <name>u_divt2.asm.obj</name>
      </input_file>
      <input_file id="fl-fb">
         <path>C:\ti\ccs1210\ccs\tools\compiler\ti-cgt-arm_20.2.7.LTS\lib\</path>
         <kind>archive</kind>
         <file>rtsv7M4_T_le_v4SPD16_eabi.lib</file>
         <name>ll_div_t2.asm.obj</name>
      </input_file>
      <input_file id="fl-fc">
         <path>C:\ti\ccs1210\ccs\tools\compiler\ti-cgt-arm_20.2.7.LTS\lib\</path>
         <kind>archive</kind>
         <file>rtsv7M4_T_le_v4SPD16_eabi.lib</file>
         <name>ull_div_t2.asm.obj</name>
      </input_file>
      <input_file id="fl-fd">
         <path>C:\ti\ccs1210\ccs\tools\compiler\ti-cgt-arm_20.2.7.LTS\lib\</path>
         <kind>archive</kind>
         <file>rtsv7M4_T_le_v4SPD16_eabi.lib</file>
         <name>copy_zero_init.c.obj</name>
      </input_file>
      <input_file id="fl-fe">
         <path>C:\ti\ccs1210\ccs\tools\compiler\ti-cgt-arm_20.2.7.LTS\lib\</path>
         <kind>archive</kind>
         <file>rtsv7M4_T_le_v4SPD16_eabi.lib</file>
         <name>copy_decompress_none.c.obj</name>
      </input_file>
      <input_file id="fl-ff">
         <path>C:\ti\ccs1210\ccs\tools\compiler\ti-cgt-arm_20.2.7.LTS\lib\</path>
         <kind>archive</kind>
         <file>rtsv7M4_T_le_v4SPD16_eabi.lib</file>
         <name>copy_decompress_lzss.c.obj</name>
      </input_file>
      <input_file id="fl-100">
         <path>C:\ti\ccs1210\ccs\tools\compiler\ti-cgt-arm_20.2.7.LTS\lib\</path>
         <kind>archive</kind>
         <file>rtsv7M4_T_le_v4SPD16_eabi.lib</file>
         <name>rand.c.obj</name>
      </input_file>
      <input_file id="fl-101">
         <path>C:\ti\ccs1210\ccs\tools\compiler\ti-cgt-arm_20.2.7.LTS\lib\</path>
         <kind>archive</kind>
         <file>rtsv7M4_T_le_v4SPD16_eabi.lib</file>
         <name>boot_cortex_m.c.obj</name>
      </input_file>
      <input_file id="fl-102">
         <path>C:\ti\ccs1210\ccs\tools\compiler\ti-cgt-arm_20.2.7.LTS\lib\</path>
         <kind>archive</kind>
         <file>rtsv7M4_T_le_v4SPD16_eabi.lib</file>
         <name>_printfi.c.obj</name>
      </input_file>
      <input_file id="fl-103">
         <path>C:\ti\ccs1210\ccs\tools\compiler\ti-cgt-arm_20.2.7.LTS\lib\</path>
         <kind>archive</kind>
         <file>rtsv7M4_T_le_v4SPD16_eabi.lib</file>
         <name>div0.asm.obj</name>
      </input_file>
      <input_file id="fl-104">
         <path>C:\ti\ccs1210\ccs\tools\compiler\ti-cgt-arm_20.2.7.LTS\lib\</path>
         <kind>archive</kind>
         <file>rtsv7M4_T_le_v4SPD16_eabi.lib</file>
         <name>fd_add_t2.asm.obj</name>
      </input_file>
      <input_file id="fl-105">
         <path>C:\ti\ccs1210\ccs\tools\compiler\ti-cgt-arm_20.2.7.LTS\lib\</path>
         <kind>archive</kind>
         <file>rtsv7M4_T_le_v4SPD16_eabi.lib</file>
         <name>fd_cmp_t2.asm.obj</name>
      </input_file>
      <input_file id="fl-106">
         <path>C:\ti\ccs1210\ccs\tools\compiler\ti-cgt-arm_20.2.7.LTS\lib\</path>
         <kind>archive</kind>
         <file>rtsv7M4_T_le_v4SPD16_eabi.lib</file>
         <name>fd_div_t2.asm.obj</name>
      </input_file>
      <input_file id="fl-107">
         <path>C:\ti\ccs1210\ccs\tools\compiler\ti-cgt-arm_20.2.7.LTS\lib\</path>
         <kind>archive</kind>
         <file>rtsv7M4_T_le_v4SPD16_eabi.lib</file>
         <name>i_tofd_t2.asm.obj</name>
      </input_file>
      <input_file id="fl-108">
         <path>C:\ti\ccs1210\ccs\tools\compiler\ti-cgt-arm_20.2.7.LTS\lib\</path>
         <kind>archive</kind>
         <file>rtsv7M4_T_le_v4SPD16_eabi.lib</file>
         <name>autoinit.c.obj</name>
      </input_file>
      <input_file id="fl-109">
         <path>C:\ti\ccs1210\ccs\tools\compiler\ti-cgt-arm_20.2.7.LTS\lib\</path>
         <kind>archive</kind>
         <file>rtsv7M4_T_le_v4SPD16_eabi.lib</file>
         <name>pre_init.c.obj</name>
      </input_file>
      <input_file id="fl-10a">
         <path>C:\ti\ccs1210\ccs\tools\compiler\ti-cgt-arm_20.2.7.LTS\lib\</path>
         <kind>archive</kind>
         <file>rtsv7M4_T_le_v4SPD16_eabi.lib</file>
         <name>cpy_tbl.c.obj</name>
      </input_file>
      <input_file id="fl-10b">
         <path>C:\ti\ccs1210\ccs\tools\compiler\ti-cgt-arm_20.2.7.LTS\lib\</path>
         <kind>archive</kind>
         <file>rtsv7M4_T_le_v4SPD16_eabi.lib</file>
         <name>exit.c.obj</name>
      </input_file>
      <input_file id="fl-10c">
         <path>C:\ti\ccs1210\ccs\tools\compiler\ti-cgt-arm_20.2.7.LTS\lib\</path>
         <kind>archive</kind>
         <file>rtsv7M4_T_le_v4SPD16_eabi.lib</file>
         <name>_lock.c.obj</name>
      </input_file>
      <input_file id="fl-10d">
         <path>C:\ti\ccs1210\ccs\tools\compiler\ti-cgt-arm_20.2.7.LTS\lib\</path>
         <kind>archive</kind>
         <file>rtsv7M4_T_le_v4SPD16_eabi.lib</file>
         <name>_ltoa.c.obj</name>
      </input_file>
      <input_file id="fl-10e">
         <path>C:\ti\ccs1210\ccs\tools\compiler\ti-cgt-arm_20.2.7.LTS\lib\</path>
         <kind>archive</kind>
         <file>rtsv7M4_T_le_v4SPD16_eabi.lib</file>
         <name>args_main.c.obj</name>
      </input_file>
      <input_file id="fl-10f">
         <path>C:\ti\ccs1210\ccs\tools\compiler\ti-cgt-arm_20.2.7.LTS\lib\</path>
         <kind>archive</kind>
         <file>rtsv7M4_T_le_v4SPD16_eabi.lib</file>
         <name>atoi.c.obj</name>
      </input_file>
      <input_file id="fl-110">
         <path>C:\ti\ccs1210\ccs\tools\compiler\ti-cgt-arm_20.2.7.LTS\lib\</path>
         <kind>archive</kind>
         <file>rtsv7M4_T_le_v4SPD16_eabi.lib</file>
         <name>ctype.c.obj</name>
      </input_file>
      <input_file id="fl-111">
         <path>C:\ti\ccs1210\ccs\tools\compiler\ti-cgt-arm_20.2.7.LTS\lib\</path>
         <kind>archive</kind>
         <file>rtsv7M4_T_le_v4SPD16_eabi.lib</file>
         <name>memccpy.c.obj</name>
      </input_file>
      <input_file id="fl-112">
         <path>C:\ti\ccs1210\ccs\tools\compiler\ti-cgt-arm_20.2.7.LTS\lib\</path>
         <kind>archive</kind>
         <file>rtsv7M4_T_le_v4SPD16_eabi.lib</file>
         <name>strchr.c.obj</name>
      </input_file>
      <input_file id="fl-113">
         <path>C:\ti\ccs1210\ccs\tools\compiler\ti-cgt-arm_20.2.7.LTS\lib\</path>
         <kind>archive</kind>
         <file>rtsv7M4_T_le_v4SPD16_eabi.lib</file>
         <name>strlen.c.obj</name>
      </input_file>
      <input_file id="fl-114">
         <path>C:\ti\ccs1210\ccs\tools\compiler\ti-cgt-arm_20.2.7.LTS\lib\</path>
         <kind>archive</kind>
         <file>rtsv7M4_T_le_v4SPD16_eabi.lib</file>
         <name>errno.c.obj</name>
      </input_file>
      <input_file id="fl-115">
         <path>C:\ti\ccs1210\ccs\tools\compiler\ti-cgt-arm_20.2.7.LTS\lib\</path>
         <kind>archive</kind>
         <file>rtsv7M4_T_le_v4SPD16_eabi.lib</file>
         <name>wcslen.c.obj</name>
      </input_file>
      <input_file id="fl-116">
         <path>C:\ti\ccs1210\ccs\tools\compiler\ti-cgt-arm_20.2.7.LTS\lib\</path>
         <kind>archive</kind>
         <file>rtsv7M4_T_le_v4SPD16_eabi.lib</file>
         <name>s_frexp.c.obj</name>
      </input_file>
      <input_file id="fl-117">
         <path>C:\ti\ccs1210\ccs\tools\compiler\ti-cgt-arm_20.2.7.LTS\lib\</path>
         <kind>archive</kind>
         <file>rtsv7M4_T_le_v4SPD16_eabi.lib</file>
         <name>s_scalbn.c.obj</name>
      </input_file>
      <input_file id="fl-118">
         <path>C:\ti\ccs1210\ccs\tools\compiler\ti-cgt-arm_20.2.7.LTS\lib\</path>
         <kind>archive</kind>
         <file>rtsv7M4_T_le_v4SPD16_eabi.lib</file>
         <name>s_copysign.c.obj</name>
      </input_file>
   </input_file_list>
   <object_component_list>
      <object_component id="oc-12">
         <name>.intvecs</name>
         <load_address>0x0</load_address>
         <run_address>0x0</run_address>
         <size>0x26c</size>
         <input_file_ref idref="fl-4"/>
      </object_component>
      <object_component id="oc-2ad">
         <name>.text</name>
         <load_address>0x26c</load_address>
         <run_address>0x26c</run_address>
         <size>0xd5e0</size>
         <input_file_ref idref="fl-2f"/>
      </object_component>
      <object_component id="oc-31e">
         <name>.text</name>
         <load_address>0xd84c</load_address>
         <run_address>0xd84c</run_address>
         <size>0x1810</size>
         <input_file_ref idref="fl-2d"/>
      </object_component>
      <object_component id="oc-1b0">
         <name>.text</name>
         <load_address>0xf05c</load_address>
         <run_address>0xf05c</run_address>
         <size>0x113c</size>
         <input_file_ref idref="fl-3"/>
      </object_component>
      <object_component id="oc-89">
         <name>.text</name>
         <load_address>0x10198</load_address>
         <run_address>0x10198</run_address>
         <size>0xf80</size>
         <input_file_ref idref="fl-1e"/>
      </object_component>
      <object_component id="oc-240">
         <name>.text</name>
         <load_address>0x11118</load_address>
         <run_address>0x11118</run_address>
         <size>0xce0</size>
         <input_file_ref idref="fl-30"/>
      </object_component>
      <object_component id="oc-cc">
         <name>.text</name>
         <load_address>0x11df8</load_address>
         <run_address>0x11df8</run_address>
         <size>0xc14</size>
         <input_file_ref idref="fl-12"/>
      </object_component>
      <object_component id="oc-369">
         <name>.text:__TI_printfi</name>
         <load_address>0x12a0c</load_address>
         <run_address>0x12a0c</run_address>
         <size>0xa4e</size>
         <input_file_ref idref="fl-102"/>
      </object_component>
      <object_component id="oc-38b">
         <name>.text:_nop</name>
         <load_address>0x1345a</load_address>
         <run_address>0x1345a</run_address>
         <size>0x2</size>
         <input_file_ref idref="fl-10c"/>
      </object_component>
      <object_component id="oc-d2">
         <name>.text</name>
         <load_address>0x1345c</load_address>
         <run_address>0x1345c</run_address>
         <size>0x840</size>
         <input_file_ref idref="fl-5"/>
      </object_component>
      <object_component id="oc-32">
         <name>.text</name>
         <load_address>0x13c9c</load_address>
         <run_address>0x13c9c</run_address>
         <size>0x730</size>
         <input_file_ref idref="fl-36"/>
      </object_component>
      <object_component id="oc-2ff">
         <name>.text</name>
         <load_address>0x143cc</load_address>
         <run_address>0x143cc</run_address>
         <size>0x6f8</size>
         <input_file_ref idref="fl-14"/>
      </object_component>
      <object_component id="oc-1aa">
         <name>.text</name>
         <load_address>0x14ac4</load_address>
         <run_address>0x14ac4</run_address>
         <size>0x6ec</size>
         <input_file_ref idref="fl-2a"/>
      </object_component>
      <object_component id="oc-228">
         <name>.text</name>
         <load_address>0x151b0</load_address>
         <run_address>0x151b0</run_address>
         <size>0x62e</size>
         <input_file_ref idref="fl-22"/>
      </object_component>
      <object_component id="oc-3b6">
         <name>.text</name>
         <load_address>0x157de</load_address>
         <run_address>0x157de</run_address>
         <size>0x2</size>
         <input_file_ref idref="fl-103"/>
      </object_component>
      <object_component id="oc-22e">
         <name>.text</name>
         <load_address>0x157e0</load_address>
         <run_address>0x157e0</run_address>
         <size>0x4a8</size>
         <input_file_ref idref="fl-23"/>
      </object_component>
      <object_component id="oc-246">
         <name>.text</name>
         <load_address>0x15c88</load_address>
         <run_address>0x15c88</run_address>
         <size>0x408</size>
         <input_file_ref idref="fl-2e"/>
      </object_component>
      <object_component id="oc-8f">
         <name>.text</name>
         <load_address>0x16090</load_address>
         <run_address>0x16090</run_address>
         <size>0x3c0</size>
         <input_file_ref idref="fl-15"/>
      </object_component>
      <object_component id="oc-254">
         <name>.text</name>
         <load_address>0x16450</load_address>
         <run_address>0x16450</run_address>
         <size>0x362</size>
         <input_file_ref idref="fl-1c"/>
      </object_component>
      <object_component id="oc-23a">
         <name>.text</name>
         <load_address>0x167b4</load_address>
         <run_address>0x167b4</run_address>
         <size>0x2c4</size>
         <input_file_ref idref="fl-33"/>
      </object_component>
      <object_component id="oc-433">
         <name>.text:_pconv_a</name>
         <load_address>0x16a78</load_address>
         <run_address>0x16a78</run_address>
         <size>0x270</size>
         <input_file_ref idref="fl-102"/>
      </object_component>
      <object_component id="oc-421">
         <name>.text:_pconv_g</name>
         <load_address>0x16ce8</load_address>
         <run_address>0x16ce8</run_address>
         <size>0x1d0</size>
         <input_file_ref idref="fl-102"/>
      </object_component>
      <object_component id="oc-234">
         <name>.text</name>
         <load_address>0x16eb8</load_address>
         <run_address>0x16eb8</run_address>
         <size>0x1bc</size>
         <input_file_ref idref="fl-29"/>
      </object_component>
      <object_component id="oc-49c">
         <name>.text</name>
         <load_address>0x17074</load_address>
         <run_address>0x17074</run_address>
         <size>0x1b6</size>
         <input_file_ref idref="fl-104"/>
      </object_component>
      <object_component id="oc-42d">
         <name>.text:_pconv_e</name>
         <load_address>0x1722c</load_address>
         <run_address>0x1722c</run_address>
         <size>0x13c</size>
         <input_file_ref idref="fl-102"/>
      </object_component>
      <object_component id="oc-487">
         <name>.text</name>
         <load_address>0x17368</load_address>
         <run_address>0x17368</run_address>
         <size>0x136</size>
         <input_file_ref idref="fl-106"/>
      </object_component>
      <object_component id="oc-24c">
         <name>.text</name>
         <load_address>0x174a0</load_address>
         <run_address>0x174a0</run_address>
         <size>0x134</size>
         <input_file_ref idref="fl-32"/>
      </object_component>
      <object_component id="oc-4ae">
         <name>.text:fcvt</name>
         <load_address>0x175d4</load_address>
         <run_address>0x175d4</run_address>
         <size>0x124</size>
         <input_file_ref idref="fl-102"/>
      </object_component>
      <object_component id="oc-4c2">
         <name>.text:scalbn</name>
         <load_address>0x176f8</load_address>
         <run_address>0x176f8</run_address>
         <size>0x110</size>
         <input_file_ref idref="fl-117"/>
      </object_component>
      <object_component id="oc-27b">
         <name>.text</name>
         <load_address>0x17808</load_address>
         <run_address>0x17808</run_address>
         <size>0xfc</size>
         <input_file_ref idref="fl-f4"/>
      </object_component>
      <object_component id="oc-28b">
         <name>.text</name>
         <load_address>0x17904</load_address>
         <run_address>0x17904</run_address>
         <size>0xf0</size>
         <input_file_ref idref="fl-38"/>
      </object_component>
      <object_component id="oc-38">
         <name>.text</name>
         <load_address>0x179f4</load_address>
         <run_address>0x179f4</run_address>
         <size>0xf0</size>
         <input_file_ref idref="fl-2b"/>
      </object_component>
      <object_component id="oc-416">
         <name>.text:_ltostr</name>
         <load_address>0x17ae4</load_address>
         <run_address>0x17ae4</run_address>
         <size>0xb1</size>
         <input_file_ref idref="fl-102"/>
      </object_component>
      <object_component id="oc-25a">
         <name>.text:PutChar</name>
         <load_address>0x17b96</load_address>
         <run_address>0x17b96</run_address>
         <size>0xa4</size>
         <input_file_ref idref="fl-2a"/>
      </object_component>
      <object_component id="oc-1a4">
         <name>.text</name>
         <load_address>0x17c3c</load_address>
         <run_address>0x17c3c</run_address>
         <size>0xa0</size>
         <input_file_ref idref="fl-28"/>
      </object_component>
      <object_component id="oc-4c">
         <name>.text</name>
         <load_address>0x17cdc</load_address>
         <run_address>0x17cdc</run_address>
         <size>0x9c</size>
         <input_file_ref idref="fl-f7"/>
      </object_component>
      <object_component id="oc-474">
         <name>.text</name>
         <load_address>0x17d78</load_address>
         <run_address>0x17d78</run_address>
         <size>0x96</size>
         <input_file_ref idref="fl-fc"/>
      </object_component>
      <object_component id="oc-83">
         <name>.text</name>
         <load_address>0x17e10</load_address>
         <run_address>0x17e10</run_address>
         <size>0x88</size>
         <input_file_ref idref="fl-20"/>
      </object_component>
      <object_component id="oc-41c">
         <name>.text:__aeabi_cdcmple</name>
         <load_address>0x17e98</load_address>
         <run_address>0x17e98</run_address>
         <size>0x86</size>
         <input_file_ref idref="fl-105"/>
      </object_component>
      <object_component id="oc-48c">
         <name>.text:__aeabi_cdrcmple</name>
         <load_address>0x17f1e</load_address>
         <run_address>0x17f1e</run_address>
         <size>0x86</size>
         <input_file_ref idref="fl-105"/>
      </object_component>
      <object_component id="oc-f8">
         <name>.text</name>
         <load_address>0x17fa4</load_address>
         <run_address>0x17fa4</run_address>
         <size>0x7a</size>
         <input_file_ref idref="fl-f9"/>
      </object_component>
      <object_component id="oc-4a7">
         <name>.text:_mcpy</name>
         <load_address>0x1801e</load_address>
         <run_address>0x1801e</run_address>
         <size>0x6e</size>
         <input_file_ref idref="fl-102"/>
      </object_component>
      <object_component id="oc-3e1">
         <name>.text</name>
         <load_address>0x1808c</load_address>
         <run_address>0x1808c</run_address>
         <size>0x6e</size>
         <input_file_ref idref="fl-fb"/>
      </object_component>
      <object_component id="oc-2d">
         <name>.text</name>
         <load_address>0x180fc</load_address>
         <run_address>0x180fc</run_address>
         <size>0x6c</size>
         <input_file_ref idref="fl-37"/>
      </object_component>
      <object_component id="oc-15">
         <name>.text:decompress:lzss:__TI_decompress_lzss</name>
         <load_address>0x18168</load_address>
         <run_address>0x18168</run_address>
         <size>0x68</size>
         <input_file_ref idref="fl-ff"/>
      </object_component>
      <object_component id="oc-4bc">
         <name>.text:frexp</name>
         <load_address>0x181d0</load_address>
         <run_address>0x181d0</run_address>
         <size>0x64</size>
         <input_file_ref idref="fl-116"/>
      </object_component>
      <object_component id="oc-2a6">
         <name>.text:isColliding</name>
         <load_address>0x18234</load_address>
         <run_address>0x18234</run_address>
         <size>0x5c</size>
         <input_file_ref idref="fl-3"/>
      </object_component>
      <object_component id="oc-427">
         <name>.text:_pconv_f</name>
         <load_address>0x18290</load_address>
         <run_address>0x18290</run_address>
         <size>0x56</size>
         <input_file_ref idref="fl-102"/>
      </object_component>
      <object_component id="oc-491">
         <name>.text:__TI_ltoa</name>
         <load_address>0x182e6</load_address>
         <run_address>0x182e6</run_address>
         <size>0x54</size>
         <input_file_ref idref="fl-10d"/>
      </object_component>
      <object_component id="oc-4a1">
         <name>.text:_ecpy</name>
         <load_address>0x1833a</load_address>
         <run_address>0x1833a</run_address>
         <size>0x52</size>
         <input_file_ref idref="fl-102"/>
      </object_component>
      <object_component id="oc-104">
         <name>.text</name>
         <load_address>0x1838c</load_address>
         <run_address>0x1838c</run_address>
         <size>0x50</size>
         <input_file_ref idref="fl-2"/>
      </object_component>
      <object_component id="oc-410">
         <name>.text:atoi</name>
         <load_address>0x183dc</load_address>
         <run_address>0x183dc</run_address>
         <size>0x4c</size>
         <input_file_ref idref="fl-10f"/>
      </object_component>
      <object_component id="oc-2b3">
         <name>.text:snprintf</name>
         <load_address>0x18428</load_address>
         <run_address>0x18428</run_address>
         <size>0x4c</size>
         <input_file_ref idref="fl-f3"/>
      </object_component>
      <object_component id="oc-280">
         <name>.text</name>
         <load_address>0x18474</load_address>
         <run_address>0x18474</run_address>
         <size>0x48</size>
         <input_file_ref idref="fl-f5"/>
      </object_component>
      <object_component id="oc-268">
         <name>.text:LCD_WriteData</name>
         <load_address>0x184bc</load_address>
         <run_address>0x184bc</run_address>
         <size>0x44</size>
         <input_file_ref idref="fl-2a"/>
      </object_component>
      <object_component id="oc-1c3">
         <name>.text:__TI_auto_init_nobinit_nopinit:__TI_auto_init_nobinit_nopinit</name>
         <load_address>0x18500</load_address>
         <run_address>0x18500</run_address>
         <size>0x44</size>
         <input_file_ref idref="fl-108"/>
      </object_component>
      <object_component id="oc-339">
         <name>.text</name>
         <load_address>0x18544</load_address>
         <run_address>0x18544</run_address>
         <size>0x40</size>
         <input_file_ref idref="fl-27"/>
      </object_component>
      <object_component id="oc-261">
         <name>.text:LCD_WriteIndex</name>
         <load_address>0x18584</load_address>
         <run_address>0x18584</run_address>
         <size>0x40</size>
         <input_file_ref idref="fl-2a"/>
      </object_component>
      <object_component id="oc-2f0">
         <name>.text</name>
         <load_address>0x185c4</load_address>
         <run_address>0x185c4</run_address>
         <size>0x40</size>
         <input_file_ref idref="fl-fa"/>
      </object_component>
      <object_component id="oc-4b4">
         <name>.text:_fcpy</name>
         <load_address>0x18604</load_address>
         <run_address>0x18604</run_address>
         <size>0x3e</size>
         <input_file_ref idref="fl-102"/>
      </object_component>
      <object_component id="oc-122">
         <name>.text</name>
         <load_address>0x18642</load_address>
         <run_address>0x18642</run_address>
         <size>0x3e</size>
         <input_file_ref idref="fl-9"/>
      </object_component>
      <object_component id="oc-6a">
         <name>.text:_c_int00_noargs:_c_int00_noargs</name>
         <load_address>0x18680</load_address>
         <run_address>0x18680</run_address>
         <size>0x34</size>
         <input_file_ref idref="fl-101"/>
      </object_component>
      <object_component id="oc-2a0">
         <name>.text:rand</name>
         <load_address>0x186b4</load_address>
         <run_address>0x186b4</run_address>
         <size>0x34</size>
         <input_file_ref idref="fl-100"/>
      </object_component>
      <object_component id="oc-36f">
         <name>.text:_outs</name>
         <load_address>0x186e8</load_address>
         <run_address>0x186e8</run_address>
         <size>0x30</size>
         <input_file_ref idref="fl-f3"/>
      </object_component>
      <object_component id="oc-497">
         <name>.text</name>
         <load_address>0x18718</load_address>
         <run_address>0x18718</run_address>
         <size>0x2e</size>
         <input_file_ref idref="fl-107"/>
      </object_component>
      <object_component id="oc-291">
         <name>.text:getRand</name>
         <load_address>0x18746</load_address>
         <run_address>0x18746</run_address>
         <size>0x2c</size>
         <input_file_ref idref="fl-3"/>
      </object_component>
      <object_component id="oc-312">
         <name>.text</name>
         <load_address>0x18772</load_address>
         <run_address>0x18772</run_address>
         <size>0x26</size>
         <input_file_ref idref="fl-31"/>
      </object_component>
      <object_component id="oc-276">
         <name>.text</name>
         <load_address>0x18798</load_address>
         <run_address>0x18798</run_address>
         <size>0x20</size>
         <input_file_ref idref="fl-f8"/>
      </object_component>
      <object_component id="oc-26f">
         <name>.text:LCD_PushColor</name>
         <load_address>0x187b8</load_address>
         <run_address>0x187b8</run_address>
         <size>0x1c</size>
         <input_file_ref idref="fl-2a"/>
      </object_component>
      <object_component id="oc-439">
         <name>.text:memccpy</name>
         <load_address>0x187d4</load_address>
         <run_address>0x187d4</run_address>
         <size>0x1c</size>
         <input_file_ref idref="fl-111"/>
      </object_component>
      <object_component id="oc-502">
         <name>.text:copysign</name>
         <load_address>0x187f0</load_address>
         <run_address>0x187f0</run_address>
         <size>0x1a</size>
         <input_file_ref idref="fl-118"/>
      </object_component>
      <object_component id="oc-375">
         <name>.text:_outc</name>
         <load_address>0x1880a</load_address>
         <run_address>0x1880a</run_address>
         <size>0x18</size>
         <input_file_ref idref="fl-f3"/>
      </object_component>
      <object_component id="oc-3dc">
         <name>.text</name>
         <load_address>0x18822</load_address>
         <run_address>0x18822</run_address>
         <size>0x18</size>
         <input_file_ref idref="fl-f6"/>
      </object_component>
      <object_component id="oc-4c8">
         <name>.text:strchr</name>
         <load_address>0x1883a</load_address>
         <run_address>0x1883a</run_address>
         <size>0x16</size>
         <input_file_ref idref="fl-112"/>
      </object_component>
      <object_component id="oc-40a">
         <name>.text:strlen</name>
         <load_address>0x18850</load_address>
         <run_address>0x18850</run_address>
         <size>0x14</size>
         <input_file_ref idref="fl-113"/>
      </object_component>
      <object_component id="oc-43f">
         <name>.text:wcslen</name>
         <load_address>0x18864</load_address>
         <run_address>0x18864</run_address>
         <size>0x12</size>
         <input_file_ref idref="fl-115"/>
      </object_component>
      <object_component id="oc-a0">
         <name>.text</name>
         <load_address>0x18876</load_address>
         <run_address>0x18876</run_address>
         <size>0xe</size>
         <input_file_ref idref="fl-34"/>
      </object_component>
      <object_component id="oc-1b">
         <name>.text:decompress:none:__TI_decompress_none</name>
         <load_address>0x18884</load_address>
         <run_address>0x18884</run_address>
         <size>0xe</size>
         <input_file_ref idref="fl-fe"/>
      </object_component>
      <object_component id="oc-5e">
         <name>.text:decompress:ZI:__TI_zero_init</name>
         <load_address>0x18892</load_address>
         <run_address>0x18892</run_address>
         <size>0xc</size>
         <input_file_ref idref="fl-fd"/>
      </object_component>
      <object_component id="oc-27">
         <name>.text</name>
         <load_address>0x1889e</load_address>
         <run_address>0x1889e</run_address>
         <size>0xc</size>
         <input_file_ref idref="fl-4"/>
      </object_component>
      <object_component id="oc-445">
         <name>.text:__aeabi_errno_addr</name>
         <load_address>0x188ac</load_address>
         <run_address>0x188ac</run_address>
         <size>0x8</size>
         <input_file_ref idref="fl-114"/>
      </object_component>
      <object_component id="oc-d8">
         <name>.text:SysCtlDelay</name>
         <load_address>0x188b4</load_address>
         <run_address>0x188b4</run_address>
         <size>0x6</size>
         <input_file_ref idref="fl-1e"/>
      </object_component>
      <object_component id="oc-253">
         <name>.text:SysDelay</name>
         <load_address>0x188ba</load_address>
         <run_address>0x188ba</run_address>
         <size>0x6</size>
         <input_file_ref idref="fl-31"/>
      </object_component>
      <object_component id="oc-fe">
         <name>.text:_system_pre_init</name>
         <load_address>0x188c0</load_address>
         <run_address>0x188c0</run_address>
         <size>0x4</size>
         <input_file_ref idref="fl-109"/>
      </object_component>
      <object_component id="oc-1b7">
         <name>.text:abort:abort</name>
         <load_address>0x188c4</load_address>
         <run_address>0x188c4</run_address>
         <size>0x4</size>
         <input_file_ref idref="fl-10b"/>
      </object_component>
      <object_component id="oc-3f2">
         <name>.const:AsciiLib</name>
         <load_address>0x188c8</load_address>
         <run_address>0x188c8</run_address>
         <size>0x5f0</size>
         <input_file_ref idref="fl-27"/>
      </object_component>
      <object_component id="oc-12e">
         <name>.const:g_pppui32XTALtoVCO</name>
         <load_address>0x18eb8</load_address>
         <run_address>0x18eb8</run_address>
         <size>0x1b0</size>
         <input_file_ref idref="fl-1e"/>
      </object_component>
      <object_component id="oc-480">
         <name>.const:.string:_ctypes_</name>
         <load_address>0x19068</load_address>
         <run_address>0x19068</run_address>
         <size>0x101</size>
         <input_file_ref idref="fl-110"/>
      </object_component>
      <object_component id="oc-360">
         <name>.const:.string:INVALID_OFFSET</name>
         <load_address>0x19169</load_address>
         <run_address>0x19169</run_address>
         <size>0x3</size>
         <input_file_ref idref="fl-2f"/>
      </object_component>
      <object_component id="oc-185">
         <name>.const:g_ppui32GPIOIntMapSnowflake</name>
         <load_address>0x1916c</load_address>
         <run_address>0x1916c</run_address>
         <size>0xd8</size>
         <input_file_ref idref="fl-12"/>
      </object_component>
      <object_component id="oc-182">
         <name>.const:g_ppui32GPIOIntMapBlizzard</name>
         <load_address>0x19244</load_address>
         <run_address>0x19244</run_address>
         <size>0xc0</size>
         <input_file_ref idref="fl-12"/>
      </object_component>
      <object_component id="oc-13e">
         <name>.const:g_pui32Regs</name>
         <load_address>0x19304</load_address>
         <run_address>0x19304</run_address>
         <size>0x9c</size>
         <input_file_ref idref="fl-15"/>
      </object_component>
      <object_component id="oc-188">
         <name>.const:g_pui32GPIOBaseAddrs</name>
         <load_address>0x193a0</load_address>
         <run_address>0x193a0</run_address>
         <size>0x90</size>
         <input_file_ref idref="fl-12"/>
      </object_component>
      <object_component id="oc-128">
         <name>.const:g_pui32Xtals</name>
         <load_address>0x19430</load_address>
         <run_address>0x19430</run_address>
         <size>0x6c</size>
         <input_file_ref idref="fl-1e"/>
      </object_component>
      <object_component id="oc-3c4">
         <name>.const:g_ppui32I2CIntMapSnowflake</name>
         <load_address>0x1949c</load_address>
         <run_address>0x1949c</run_address>
         <size>0x50</size>
         <input_file_ref idref="fl-14"/>
      </object_component>
      <object_component id="oc-2df">
         <name>.const:g_ppui32UARTIntMap</name>
         <load_address>0x194ec</load_address>
         <run_address>0x194ec</run_address>
         <size>0x40</size>
         <input_file_ref idref="fl-22"/>
      </object_component>
      <object_component id="oc-2e2">
         <name>.const:g_ppui32UARTIntMapSnowflake</name>
         <load_address>0x1952c</load_address>
         <run_address>0x1952c</run_address>
         <size>0x40</size>
         <input_file_ref idref="fl-22"/>
      </object_component>
      <object_component id="oc-3c1">
         <name>.const:g_ppui32I2CIntMap</name>
         <load_address>0x1956c</load_address>
         <run_address>0x1956c</run_address>
         <size>0x30</size>
         <input_file_ref idref="fl-14"/>
      </object_component>
      <object_component id="oc-11f">
         <name>.const:g_sXTALtoMEMTIM</name>
         <load_address>0x1959c</load_address>
         <run_address>0x1959c</run_address>
         <size>0x30</size>
         <input_file_ref idref="fl-1e"/>
      </object_component>
      <object_component id="oc-331">
         <name>.const:g_ppui32SSIIntMap</name>
         <load_address>0x195cc</load_address>
         <run_address>0x195cc</run_address>
         <size>0x20</size>
         <input_file_ref idref="fl-1c"/>
      </object_component>
      <object_component id="oc-334">
         <name>.const:g_ppui32SSIIntMapSnowflake</name>
         <load_address>0x195ec</load_address>
         <run_address>0x195ec</run_address>
         <size>0x20</size>
         <input_file_ref idref="fl-1c"/>
      </object_component>
      <object_component id="oc-13b">
         <name>.const:g_pui32Priority</name>
         <load_address>0x1960c</load_address>
         <run_address>0x1960c</run_address>
         <size>0x20</size>
         <input_file_ref idref="fl-15"/>
      </object_component>
      <object_component id="oc-144">
         <name>.const:g_pui32Dii16Regs</name>
         <load_address>0x1962c</load_address>
         <run_address>0x1962c</run_address>
         <size>0x14</size>
         <input_file_ref idref="fl-15"/>
      </object_component>
      <object_component id="oc-141">
         <name>.const:g_pui32EnRegs</name>
         <load_address>0x19640</load_address>
         <run_address>0x19640</run_address>
         <size>0x14</size>
         <input_file_ref idref="fl-15"/>
      </object_component>
      <object_component id="oc-147">
         <name>.const:g_pui32PendRegs</name>
         <load_address>0x19654</load_address>
         <run_address>0x19654</run_address>
         <size>0x14</size>
         <input_file_ref idref="fl-15"/>
      </object_component>
      <object_component id="oc-14a">
         <name>.const:g_pui32UnpendRegs</name>
         <load_address>0x19668</load_address>
         <run_address>0x19668</run_address>
         <size>0x14</size>
         <input_file_ref idref="fl-15"/>
      </object_component>
      <object_component id="oc-3bc">
         <name>.const:.string</name>
         <load_address>0x1967c</load_address>
         <run_address>0x1967c</run_address>
         <size>0x12</size>
         <input_file_ref idref="fl-23"/>
      </object_component>
      <object_component id="oc-2ed">
         <name>.const:g_ui32UARTBase</name>
         <load_address>0x19690</load_address>
         <run_address>0x19690</run_address>
         <size>0xc</size>
         <input_file_ref idref="fl-23"/>
      </object_component>
      <object_component id="oc-2e7">
         <name>.const:g_ui32UARTPeriph</name>
         <load_address>0x1969c</load_address>
         <run_address>0x1969c</run_address>
         <size>0xc</size>
         <input_file_ref idref="fl-23"/>
      </object_component>
      <object_component id="oc-363">
         <name>.const:yas532_version_ac_coef</name>
         <load_address>0x196a8</load_address>
         <run_address>0x196a8</run_address>
         <size>0xc</size>
         <input_file_ref idref="fl-2f"/>
      </object_component>
      <object_component id="oc-12b">
         <name>.const:g_pui32VCOFrequencies</name>
         <load_address>0x196b4</load_address>
         <run_address>0x196b4</run_address>
         <size>0x8</size>
         <input_file_ref idref="fl-1e"/>
      </object_component>
      <object_component id="oc-367">
         <name>.const:v_calib_data$2</name>
         <load_address>0x196bc</load_address>
         <run_address>0x196bc</run_address>
         <size>0x8</size>
         <input_file_ref idref="fl-2f"/>
      </object_component>
      <object_component id="oc-327">
         <name>.const:.string:$P$T0$1</name>
         <load_address>0x196c4</load_address>
         <run_address>0x196c4</run_address>
         <size>0x5</size>
         <input_file_ref idref="fl-2e"/>
      </object_component>
      <object_component id="oc-366">
         <name>.const:.string:v_correct_u8$1</name>
         <load_address>0x196c9</load_address>
         <run_address>0x196c9</run_address>
         <size>0x5</size>
         <input_file_ref idref="fl-2f"/>
      </object_component>
      <object_component id="oc-2f5">
         <name>.const</name>
         <load_address>0x196d0</load_address>
         <run_address>0x196d0</run_address>
         <size>0x4</size>
         <input_file_ref idref="fl-23"/>
      </object_component>
      <object_component id="oc-55a">
         <name>.cinit..data.load</name>
         <load_address>0x196d8</load_address>
         <run_address>0x196d8</run_address>
         <size>0x7d</size>
      </object_component>
      <object_component id="oc-557">
         <name>__TI_handler_table</name>
         <load_address>0x19758</load_address>
         <run_address>0x19758</run_address>
         <size>0xc</size>
      </object_component>
      <object_component id="oc-55b">
         <name>.cinit..bss.load</name>
         <load_address>0x19768</load_address>
         <run_address>0x19768</run_address>
         <size>0x8</size>
      </object_component>
      <object_component id="oc-559">
         <name>.cinit..vtable.load</name>
         <load_address>0x19770</load_address>
         <run_address>0x19770</run_address>
         <size>0x8</size>
      </object_component>
      <object_component id="oc-558">
         <name>__TI_cinit_table</name>
         <load_address>0x19778</load_address>
         <run_address>0x19778</run_address>
         <size>0x18</size>
      </object_component>
      <object_component id="oc-138">
         <name>.vtable</name>
         <uninitialized>true</uninitialized>
         <run_address>0x20000000</run_address>
         <size>0x26c</size>
         <input_file_ref idref="fl-15"/>
      </object_component>
      <object_component id="oc-2b9">
         <name>.data:heart</name>
         <load_address>0x20006a40</load_address>
         <run_address>0x20006a40</run_address>
         <size>0x320</size>
         <input_file_ref idref="fl-3"/>
      </object_component>
      <object_component id="oc-29a">
         <name>.data</name>
         <load_address>0x20006d60</load_address>
         <run_address>0x20006d60</run_address>
         <size>0x16</size>
         <input_file_ref idref="fl-3"/>
      </object_component>
      <object_component id="oc-2ea">
         <name>.data</name>
         <load_address>0x20006d94</load_address>
         <run_address>0x20006d94</run_address>
         <size>0x5</size>
         <input_file_ref idref="fl-23"/>
      </object_component>
      <object_component id="oc-354">
         <name>.data</name>
         <load_address>0x20006d8c</load_address>
         <run_address>0x20006d8c</run_address>
         <size>0x8</size>
         <input_file_ref idref="fl-2f"/>
      </object_component>
      <object_component id="oc-34c">
         <name>.data:v_fifo_data_u8</name>
         <load_address>0x20006640</load_address>
         <run_address>0x20006640</run_address>
         <size>0x400</size>
         <input_file_ref idref="fl-2f"/>
      </object_component>
      <object_component id="oc-9d">
         <name>.data</name>
         <load_address>0x20006d78</load_address>
         <run_address>0x20006d78</run_address>
         <size>0x9</size>
         <input_file_ref idref="fl-38"/>
      </object_component>
      <object_component id="oc-345">
         <name>.data</name>
         <load_address>0x20006da0</load_address>
         <run_address>0x20006da0</run_address>
         <size>0x4</size>
         <input_file_ref idref="fl-100"/>
      </object_component>
      <object_component id="oc-2c1">
         <name>.data:$O1$$</name>
         <load_address>0x20006d84</load_address>
         <run_address>0x20006d84</run_address>
         <size>0x8</size>
         <input_file_ref idref="fl-10c"/>
      </object_component>
      <object_component id="oc-4d8">
         <name>.data</name>
         <load_address>0x20006d9c</load_address>
         <run_address>0x20006d9c</run_address>
         <size>0x4</size>
         <input_file_ref idref="fl-114"/>
      </object_component>
      <object_component id="oc-18d">
         <name>.bss:g_pui8OversampleFactor</name>
         <uninitialized>true</uninitialized>
         <run_address>0x20006604</run_address>
         <size>0x8</size>
         <input_file_ref idref="fl-5"/>
      </object_component>
      <object_component id="oc-305">
         <name>.bss</name>
         <uninitialized>true</uninitialized>
         <run_address>0x2000663b</run_address>
         <size>0x1</size>
         <input_file_ref idref="fl-29"/>
      </object_component>
      <object_component id="oc-3d9">
         <name>.bss</name>
         <uninitialized>true</uninitialized>
         <run_address>0x20006618</run_address>
         <size>0x4</size>
         <input_file_ref idref="fl-2d"/>
      </object_component>
      <object_component id="oc-349">
         <name>.bss</name>
         <uninitialized>true</uninitialized>
         <run_address>0x2000661c</run_address>
         <size>0x4</size>
         <input_file_ref idref="fl-2f"/>
      </object_component>
      <object_component id="oc-357">
         <name>.bss:mag_trim</name>
         <uninitialized>true</uninitialized>
         <run_address>0x200065d0</run_address>
         <size>0x10</size>
         <input_file_ref idref="fl-2f"/>
      </object_component>
      <object_component id="oc-35a">
         <name>.bss:akm_asa_data</name>
         <uninitialized>true</uninitialized>
         <run_address>0x20006638</run_address>
         <size>0x3</size>
         <input_file_ref idref="fl-2f"/>
      </object_component>
      <object_component id="oc-35d">
         <name>.bss:yas532_data</name>
         <uninitialized>true</uninitialized>
         <run_address>0x20006510</run_address>
         <size>0x70</size>
         <input_file_ref idref="fl-2f"/>
      </object_component>
      <object_component id="oc-309">
         <name>.bss</name>
         <uninitialized>true</uninitialized>
         <run_address>0x2000663c</run_address>
         <size>0x2</size>
         <input_file_ref idref="fl-33"/>
      </object_component>
      <object_component id="oc-a5">
         <name>.bss:threadControlBlocks</name>
         <uninitialized>true</uninitialized>
         <run_address>0x200056cc</run_address>
         <size>0x370</size>
         <input_file_ref idref="fl-36"/>
      </object_component>
      <object_component id="oc-b4">
         <name>.bss:threadStacks</name>
         <uninitialized>true</uninitialized>
         <run_address>0x2000026c</run_address>
         <size>0x5000</size>
         <input_file_ref idref="fl-36"/>
      </object_component>
      <object_component id="oc-97">
         <name>.bss:Pthread</name>
         <uninitialized>true</uninitialized>
         <run_address>0x20006480</run_address>
         <size>0x90</size>
         <input_file_ref idref="fl-36"/>
      </object_component>
      <object_component id="oc-9a">
         <name>.bss</name>
         <uninitialized>true</uninitialized>
         <run_address>0x200065fc</run_address>
         <size>0x8</size>
         <input_file_ref idref="fl-36"/>
      </object_component>
      <object_component id="oc-a8">
         <name>.common:IBit_State</name>
         <uninitialized>true</uninitialized>
         <run_address>0x20006624</run_address>
         <size>0x4</size>
      </object_component>
      <object_component id="oc-299">
         <name>.common:gameStatusMutex</name>
         <uninitialized>true</uninitialized>
         <run_address>0x20006630</run_address>
         <size>0x4</size>
      </object_component>
      <object_component id="oc-298">
         <name>.common:ballMutex</name>
         <uninitialized>true</uninitialized>
         <run_address>0x2000662c</run_address>
         <size>0x4</size>
      </object_component>
      <object_component id="oc-29e">
         <name>.common:ball</name>
         <uninitialized>true</uninitialized>
         <run_address>0x200065e0</run_address>
         <size>0xe</size>
      </object_component>
      <object_component id="oc-29d">
         <name>.common:paddle</name>
         <uninitialized>true</uninitialized>
         <run_address>0x200065ee</run_address>
         <size>0xe</size>
      </object_component>
      <object_component id="oc-29f">
         <name>.common:allBricks</name>
         <uninitialized>true</uninitialized>
         <run_address>0x2000526c</run_address>
         <size>0x460</size>
      </object_component>
      <object_component id="oc-324">
         <name>.common:bme280</name>
         <uninitialized>true</uninitialized>
         <run_address>0x20006580</run_address>
         <size>0x3c</size>
      </object_component>
      <object_component id="oc-34f">
         <name>.common:accel_fifo</name>
         <uninitialized>true</uninitialized>
         <run_address>0x20005a3c</run_address>
         <size>0x36c</size>
      </object_component>
      <object_component id="oc-352">
         <name>.common:gyro_fifo</name>
         <uninitialized>true</uninitialized>
         <run_address>0x20005da8</run_address>
         <size>0x36c</size>
      </object_component>
      <object_component id="oc-353">
         <name>.common:mag_fifo</name>
         <uninitialized>true</uninitialized>
         <run_address>0x20006114</run_address>
         <size>0x36c</size>
      </object_component>
      <object_component id="oc-30d">
         <name>.common:s_bmi160</name>
         <uninitialized>true</uninitialized>
         <run_address>0x200065bc</run_address>
         <size>0x14</size>
      </object_component>
      <object_component id="oc-310">
         <name>.common:gyroxyz</name>
         <uninitialized>true</uninitialized>
         <run_address>0x20006612</run_address>
         <size>0x6</size>
      </object_component>
      <object_component id="oc-311">
         <name>.common:accelxyz</name>
         <uninitialized>true</uninitialized>
         <run_address>0x2000660c</run_address>
         <size>0x6</size>
      </object_component>
      <object_component id="oc-7f">
         <name>.common:CurrentlyRunningThread</name>
         <uninitialized>true</uninitialized>
         <run_address>0x20006620</run_address>
         <size>0x4</size>
      </object_component>
      <object_component id="oc-95">
         <name>.common:currentMaxPriority</name>
         <uninitialized>true</uninitialized>
         <run_address>0x2000663e</run_address>
         <size>0x2</size>
      </object_component>
      <object_component id="oc-b3">
         <name>.common:nextThreadID</name>
         <uninitialized>true</uninitialized>
         <run_address>0x20006634</run_address>
         <size>0x4</size>
      </object_component>
      <object_component id="oc-96">
         <name>.common:SystemTime</name>
         <uninitialized>true</uninitialized>
         <run_address>0x20006628</run_address>
         <size>0x4</size>
      </object_component>
      <object_component id="oc-24">
         <name>.stack</name>
         <uninitialized>true</uninitialized>
         <run_address>0x20006da8</run_address>
         <size>0x4</size>
         <input_file_ref idref="fl-101"/>
      </object_component>
      <object_component id="oc-55d">
         <name>.stack</name>
         <uninitialized>true</uninitialized>
         <run_address>0x20006da8</run_address>
         <size>0x0</size>
      </object_component>
      <object_component id="oc-a9">
         <name>.debug_info</name>
         <load_address>0x0</load_address>
         <run_address>0x0</run_address>
         <size>0x44f</size>
         <input_file_ref idref="fl-2"/>
      </object_component>
      <object_component id="oc-106">
         <name>.debug_info</name>
         <load_address>0x44f</load_address>
         <run_address>0x44f</run_address>
         <size>0x1c5</size>
         <input_file_ref idref="fl-2"/>
      </object_component>
      <object_component id="oc-c2">
         <name>.debug_info</name>
         <load_address>0x614</load_address>
         <run_address>0x614</run_address>
         <size>0x7e</size>
         <input_file_ref idref="fl-2"/>
      </object_component>
      <object_component id="oc-de">
         <name>.debug_info</name>
         <load_address>0x692</load_address>
         <run_address>0x692</run_address>
         <size>0x26b</size>
         <input_file_ref idref="fl-2"/>
      </object_component>
      <object_component id="oc-216">
         <name>.debug_info</name>
         <load_address>0x8fd</load_address>
         <run_address>0x8fd</run_address>
         <size>0x62</size>
         <input_file_ref idref="fl-2"/>
      </object_component>
      <object_component id="oc-286">
         <name>.debug_info</name>
         <load_address>0x95f</load_address>
         <run_address>0x95f</run_address>
         <size>0x62</size>
         <input_file_ref idref="fl-2"/>
      </object_component>
      <object_component id="oc-bd">
         <name>.debug_info</name>
         <load_address>0x9c1</load_address>
         <run_address>0x9c1</run_address>
         <size>0x8b</size>
         <input_file_ref idref="fl-2"/>
      </object_component>
      <object_component id="oc-17d">
         <name>.debug_info</name>
         <load_address>0xa4c</load_address>
         <run_address>0xa4c</run_address>
         <size>0x2a4</size>
         <input_file_ref idref="fl-2"/>
      </object_component>
      <object_component id="oc-132">
         <name>.debug_info</name>
         <load_address>0xcf0</load_address>
         <run_address>0xcf0</run_address>
         <size>0xef</size>
         <input_file_ref idref="fl-2"/>
      </object_component>
      <object_component id="oc-b8">
         <name>.debug_info</name>
         <load_address>0xddf</load_address>
         <run_address>0xddf</run_address>
         <size>0xbb</size>
         <input_file_ref idref="fl-2"/>
      </object_component>
      <object_component id="oc-118">
         <name>.debug_info</name>
         <load_address>0xe9a</load_address>
         <run_address>0xe9a</run_address>
         <size>0x2c</size>
         <input_file_ref idref="fl-2"/>
      </object_component>
      <object_component id="oc-c7">
         <name>.debug_info</name>
         <load_address>0xec6</load_address>
         <run_address>0xec6</run_address>
         <size>0x1a2</size>
         <input_file_ref idref="fl-2"/>
      </object_component>
      <object_component id="oc-ab">
         <name>.debug_info</name>
         <load_address>0x1068</load_address>
         <run_address>0x1068</run_address>
         <size>0x903</size>
         <input_file_ref idref="fl-3"/>
      </object_component>
      <object_component id="oc-2ba">
         <name>.debug_info</name>
         <load_address>0x196b</load_address>
         <run_address>0x196b</run_address>
         <size>0x105</size>
         <input_file_ref idref="fl-3"/>
      </object_component>
      <object_component id="oc-29b">
         <name>.debug_info</name>
         <load_address>0x1a70</load_address>
         <run_address>0x1a70</run_address>
         <size>0x31f</size>
         <input_file_ref idref="fl-3"/>
      </object_component>
      <object_component id="oc-2a8">
         <name>.debug_info</name>
         <load_address>0x1d8f</load_address>
         <run_address>0x1d8f</run_address>
         <size>0x1ec</size>
         <input_file_ref idref="fl-3"/>
      </object_component>
      <object_component id="oc-293">
         <name>.debug_info</name>
         <load_address>0x1f7b</load_address>
         <run_address>0x1f7b</run_address>
         <size>0x189</size>
         <input_file_ref idref="fl-3"/>
      </object_component>
      <object_component id="oc-1b1">
         <name>.debug_info</name>
         <load_address>0x2104</load_address>
         <run_address>0x2104</run_address>
         <size>0x1145</size>
         <input_file_ref idref="fl-3"/>
      </object_component>
      <object_component id="oc-15c">
         <name>.debug_info</name>
         <load_address>0x3249</load_address>
         <run_address>0x3249</run_address>
         <size>0x2c8</size>
         <input_file_ref idref="fl-3"/>
      </object_component>
      <object_component id="oc-161">
         <name>.debug_info</name>
         <load_address>0x3511</load_address>
         <run_address>0x3511</run_address>
         <size>0x6d1</size>
         <input_file_ref idref="fl-3"/>
      </object_component>
      <object_component id="oc-166">
         <name>.debug_info</name>
         <load_address>0x3be2</load_address>
         <run_address>0x3be2</run_address>
         <size>0xcc</size>
         <input_file_ref idref="fl-3"/>
      </object_component>
      <object_component id="oc-2fa">
         <name>.debug_info</name>
         <load_address>0x3cae</load_address>
         <run_address>0x3cae</run_address>
         <size>0x2c</size>
         <input_file_ref idref="fl-3"/>
      </object_component>
      <object_component id="oc-319">
         <name>.debug_info</name>
         <load_address>0x3cda</load_address>
         <run_address>0x3cda</run_address>
         <size>0x7d</size>
         <input_file_ref idref="fl-3"/>
      </object_component>
      <object_component id="oc-40">
         <name>.debug_info</name>
         <load_address>0x3d57</load_address>
         <run_address>0x3d57</run_address>
         <size>0x355</size>
         <input_file_ref idref="fl-4"/>
      </object_component>
      <object_component id="oc-13">
         <name>.debug_info</name>
         <load_address>0x40ac</load_address>
         <run_address>0x40ac</run_address>
         <size>0x124</size>
         <input_file_ref idref="fl-4"/>
      </object_component>
      <object_component id="oc-2b">
         <name>.debug_info</name>
         <load_address>0x41d0</load_address>
         <run_address>0x41d0</run_address>
         <size>0x2a0</size>
         <input_file_ref idref="fl-4"/>
      </object_component>
      <object_component id="oc-47">
         <name>.debug_info</name>
         <load_address>0x4470</load_address>
         <run_address>0x4470</run_address>
         <size>0x84</size>
         <input_file_ref idref="fl-4"/>
      </object_component>
      <object_component id="oc-191">
         <name>.debug_info</name>
         <load_address>0x44f4</load_address>
         <run_address>0x44f4</run_address>
         <size>0x378</size>
         <input_file_ref idref="fl-5"/>
      </object_component>
      <object_component id="oc-18e">
         <name>.debug_info</name>
         <load_address>0x486c</load_address>
         <run_address>0x486c</run_address>
         <size>0x139</size>
         <input_file_ref idref="fl-5"/>
      </object_component>
      <object_component id="oc-d5">
         <name>.debug_info</name>
         <load_address>0x49a5</load_address>
         <run_address>0x49a5</run_address>
         <size>0x2fb7</size>
         <input_file_ref idref="fl-5"/>
      </object_component>
      <object_component id="oc-124">
         <name>.debug_info</name>
         <load_address>0x795c</load_address>
         <run_address>0x795c</run_address>
         <size>0x41a</size>
         <input_file_ref idref="fl-9"/>
      </object_component>
      <object_component id="oc-18c">
         <name>.debug_info</name>
         <load_address>0x7d76</load_address>
         <run_address>0x7d76</run_address>
         <size>0x3a2</size>
         <input_file_ref idref="fl-12"/>
      </object_component>
      <object_component id="oc-183">
         <name>.debug_info</name>
         <load_address>0x8118</load_address>
         <run_address>0x8118</run_address>
         <size>0x142</size>
         <input_file_ref idref="fl-12"/>
      </object_component>
      <object_component id="oc-186">
         <name>.debug_info</name>
         <load_address>0x825a</load_address>
         <run_address>0x825a</run_address>
         <size>0x144</size>
         <input_file_ref idref="fl-12"/>
      </object_component>
      <object_component id="oc-189">
         <name>.debug_info</name>
         <load_address>0x839e</load_address>
         <run_address>0x839e</run_address>
         <size>0x136</size>
         <input_file_ref idref="fl-12"/>
      </object_component>
      <object_component id="oc-cd">
         <name>.debug_info</name>
         <load_address>0x84d4</load_address>
         <run_address>0x84d4</run_address>
         <size>0x373f</size>
         <input_file_ref idref="fl-12"/>
      </object_component>
      <object_component id="oc-3c8">
         <name>.debug_info</name>
         <load_address>0xbc13</load_address>
         <run_address>0xbc13</run_address>
         <size>0x393</size>
         <input_file_ref idref="fl-14"/>
      </object_component>
      <object_component id="oc-3c2">
         <name>.debug_info</name>
         <load_address>0xbfa6</load_address>
         <run_address>0xbfa6</run_address>
         <size>0x12f</size>
         <input_file_ref idref="fl-14"/>
      </object_component>
      <object_component id="oc-3c5">
         <name>.debug_info</name>
         <load_address>0xc0d5</load_address>
         <run_address>0xc0d5</run_address>
         <size>0x141</size>
         <input_file_ref idref="fl-14"/>
      </object_component>
      <object_component id="oc-302">
         <name>.debug_info</name>
         <load_address>0xc216</load_address>
         <run_address>0xc216</run_address>
         <size>0x3131</size>
         <input_file_ref idref="fl-14"/>
      </object_component>
      <object_component id="oc-14e">
         <name>.debug_info</name>
         <load_address>0xf347</load_address>
         <run_address>0xf347</run_address>
         <size>0x37f</size>
         <input_file_ref idref="fl-15"/>
      </object_component>
      <object_component id="oc-13c">
         <name>.debug_info</name>
         <load_address>0xf6c6</load_address>
         <run_address>0xf6c6</run_address>
         <size>0x131</size>
         <input_file_ref idref="fl-15"/>
      </object_component>
      <object_component id="oc-13f">
         <name>.debug_info</name>
         <load_address>0xf7f7</load_address>
         <run_address>0xf7f7</run_address>
         <size>0x129</size>
         <input_file_ref idref="fl-15"/>
      </object_component>
      <object_component id="oc-142">
         <name>.debug_info</name>
         <load_address>0xf920</load_address>
         <run_address>0xf920</run_address>
         <size>0x12d</size>
         <input_file_ref idref="fl-15"/>
      </object_component>
      <object_component id="oc-145">
         <name>.debug_info</name>
         <load_address>0xfa4d</load_address>
         <run_address>0xfa4d</run_address>
         <size>0x133</size>
         <input_file_ref idref="fl-15"/>
      </object_component>
      <object_component id="oc-148">
         <name>.debug_info</name>
         <load_address>0xfb80</load_address>
         <run_address>0xfb80</run_address>
         <size>0x131</size>
         <input_file_ref idref="fl-15"/>
      </object_component>
      <object_component id="oc-14b">
         <name>.debug_info</name>
         <load_address>0xfcb1</load_address>
         <run_address>0xfcb1</run_address>
         <size>0x135</size>
         <input_file_ref idref="fl-15"/>
      </object_component>
      <object_component id="oc-139">
         <name>.debug_info</name>
         <load_address>0xfde6</load_address>
         <run_address>0xfde6</run_address>
         <size>0x132</size>
         <input_file_ref idref="fl-15"/>
      </object_component>
      <object_component id="oc-90">
         <name>.debug_info</name>
         <load_address>0xff18</load_address>
         <run_address>0xff18</run_address>
         <size>0xeec</size>
         <input_file_ref idref="fl-15"/>
      </object_component>
      <object_component id="oc-338">
         <name>.debug_info</name>
         <load_address>0x10e04</load_address>
         <run_address>0x10e04</run_address>
         <size>0x383</size>
         <input_file_ref idref="fl-1c"/>
      </object_component>
      <object_component id="oc-332">
         <name>.debug_info</name>
         <load_address>0x11187</load_address>
         <run_address>0x11187</run_address>
         <size>0x12f</size>
         <input_file_ref idref="fl-1c"/>
      </object_component>
      <object_component id="oc-335">
         <name>.debug_info</name>
         <load_address>0x112b6</load_address>
         <run_address>0x112b6</run_address>
         <size>0x141</size>
         <input_file_ref idref="fl-1c"/>
      </object_component>
      <object_component id="oc-256">
         <name>.debug_info</name>
         <load_address>0x113f7</load_address>
         <run_address>0x113f7</run_address>
         <size>0x194e</size>
         <input_file_ref idref="fl-1c"/>
      </object_component>
      <object_component id="oc-137">
         <name>.debug_info</name>
         <load_address>0x12d45</load_address>
         <run_address>0x12d45</run_address>
         <size>0x404</size>
         <input_file_ref idref="fl-1e"/>
      </object_component>
      <object_component id="oc-129">
         <name>.debug_info</name>
         <load_address>0x13149</load_address>
         <run_address>0x13149</run_address>
         <size>0x128</size>
         <input_file_ref idref="fl-1e"/>
      </object_component>
      <object_component id="oc-12f">
         <name>.debug_info</name>
         <load_address>0x13271</load_address>
         <run_address>0x13271</run_address>
         <size>0x134</size>
         <input_file_ref idref="fl-1e"/>
      </object_component>
      <object_component id="oc-120">
         <name>.debug_info</name>
         <load_address>0x133a5</load_address>
         <run_address>0x133a5</run_address>
         <size>0x12e</size>
         <input_file_ref idref="fl-1e"/>
      </object_component>
      <object_component id="oc-12c">
         <name>.debug_info</name>
         <load_address>0x134d3</load_address>
         <run_address>0x134d3</run_address>
         <size>0x13b</size>
         <input_file_ref idref="fl-1e"/>
      </object_component>
      <object_component id="oc-8a">
         <name>.debug_info</name>
         <load_address>0x1360e</load_address>
         <run_address>0x1360e</run_address>
         <size>0x3142</size>
         <input_file_ref idref="fl-1e"/>
      </object_component>
      <object_component id="oc-202">
         <name>.debug_info</name>
         <load_address>0x16750</load_address>
         <run_address>0x16750</run_address>
         <size>0x51</size>
         <input_file_ref idref="fl-1e"/>
      </object_component>
      <object_component id="oc-11e">
         <name>.debug_info</name>
         <load_address>0x167a1</load_address>
         <run_address>0x167a1</run_address>
         <size>0x30e</size>
         <input_file_ref idref="fl-20"/>
      </object_component>
      <object_component id="oc-84">
         <name>.debug_info</name>
         <load_address>0x16aaf</load_address>
         <run_address>0x16aaf</run_address>
         <size>0x671</size>
         <input_file_ref idref="fl-20"/>
      </object_component>
      <object_component id="oc-2e6">
         <name>.debug_info</name>
         <load_address>0x17120</load_address>
         <run_address>0x17120</run_address>
         <size>0x384</size>
         <input_file_ref idref="fl-22"/>
      </object_component>
      <object_component id="oc-2e0">
         <name>.debug_info</name>
         <load_address>0x174a4</load_address>
         <run_address>0x174a4</run_address>
         <size>0x132</size>
         <input_file_ref idref="fl-22"/>
      </object_component>
      <object_component id="oc-2e3">
         <name>.debug_info</name>
         <load_address>0x175d6</load_address>
         <run_address>0x175d6</run_address>
         <size>0x144</size>
         <input_file_ref idref="fl-22"/>
      </object_component>
      <object_component id="oc-22a">
         <name>.debug_info</name>
         <load_address>0x1771a</load_address>
         <run_address>0x1771a</run_address>
         <size>0x2c24</size>
         <input_file_ref idref="fl-22"/>
      </object_component>
      <object_component id="oc-2f9">
         <name>.debug_info</name>
         <load_address>0x1a33e</load_address>
         <run_address>0x1a33e</run_address>
         <size>0x430</size>
         <input_file_ref idref="fl-23"/>
      </object_component>
      <object_component id="oc-2eb">
         <name>.debug_info</name>
         <load_address>0x1a76e</load_address>
         <run_address>0x1a76e</run_address>
         <size>0x127</size>
         <input_file_ref idref="fl-23"/>
      </object_component>
      <object_component id="oc-2f6">
         <name>.debug_info</name>
         <load_address>0x1a895</load_address>
         <run_address>0x1a895</run_address>
         <size>0x121</size>
         <input_file_ref idref="fl-23"/>
      </object_component>
      <object_component id="oc-2ee">
         <name>.debug_info</name>
         <load_address>0x1a9b6</load_address>
         <run_address>0x1a9b6</run_address>
         <size>0x12f</size>
         <input_file_ref idref="fl-23"/>
      </object_component>
      <object_component id="oc-2e8">
         <name>.debug_info</name>
         <load_address>0x1aae5</load_address>
         <run_address>0x1aae5</run_address>
         <size>0x133</size>
         <input_file_ref idref="fl-23"/>
      </object_component>
      <object_component id="oc-22f">
         <name>.debug_info</name>
         <load_address>0x1ac18</load_address>
         <run_address>0x1ac18</run_address>
         <size>0x8e4</size>
         <input_file_ref idref="fl-23"/>
      </object_component>
      <object_component id="oc-21b">
         <name>.debug_info</name>
         <load_address>0x1b4fc</load_address>
[...]
      </symbol>
      <symbol id="sm-130a">
         <name>bmi160_get_stat0_pmu_trigger_intr</name>
         <value>0x10df</value>
         <object_component_ref idref="oc-2ad"/>
      </symbol>
      <symbol id="sm-130b">
         <name>bmi160_set_gyro_offset_enable</name>
         <value>0x9181</value>
         <object_component_ref idref="oc-2ad"/>
      </symbol>
      <symbol id="sm-130c">
         <name>bmi160_set_gyro_wakeup_intr</name>
         <value>0x81e3</value>
         <object_component_ref idref="oc-2ad"/>
      </symbol>
      <symbol id="sm-130d">
         <name>bmi160_get_fifo_gyro_enable</name>
         <value>0x2b0d</value>
         <object_component_ref idref="oc-2ad"/>
      </symbol>
      <symbol id="sm-130e">
         <name>bmi160_get_stat3_orient_xy</name>
         <value>0x17e9</value>
         <object_component_ref idref="oc-2ad"/>
      </symbol>
      <symbol id="sm-130f">
         <name>bmi160_get_mag_dada_rdy_err</name>
         <value>0x48b</value>
         <object_component_ref idref="oc-2ad"/>
      </symbol>
      <symbol id="sm-1310">
         <name>bmi160_get_accel_offset_compensation_yaxis</name>
         <value>0x8919</value>
         <object_component_ref idref="oc-2ad"/>
      </symbol>
      <symbol id="sm-1311">
         <name>bmi160_set_i2c_device_addr</name>
         <value>0x2c35</value>
         <object_component_ref idref="oc-2ad"/>
      </symbol>
      <symbol id="sm-1312">
         <name>bmi160_get_i2c_device_addr</name>
         <value>0x2be7</value>
         <object_component_ref idref="oc-2ad"/>
      </symbol>
      <symbol id="sm-1313">
         <name>v_fifo_data_u8</name>
         <value>0x20006640</value>
         <object_component_ref idref="oc-34c"/>
      </symbol>
      <symbol id="sm-1314">
         <name>bmi160_get_fifo_time_enable</name>
         <value>0x25bf</value>
         <object_component_ref idref="oc-2ad"/>
      </symbol>
      <symbol id="sm-1368">
         <name>s_bmi160</name>
         <value>0x200065bc</value>
      </symbol>
      <symbol id="sm-1369">
         <name>gyroxyz</name>
         <value>0x20006612</value>
      </symbol>
      <symbol id="sm-136a">
         <name>accelxyz</name>
         <value>0x2000660c</value>
      </symbol>
      <symbol id="sm-136b">
         <name>bmi160_interrupt_configuration</name>
         <value>0x11b5d</value>
         <object_component_ref idref="oc-240"/>
      </symbol>
      <symbol id="sm-136c">
         <name>bmi160_initialize_sensor</name>
         <value>0x11119</value>
         <object_component_ref idref="oc-240"/>
      </symbol>
      <symbol id="sm-136d">
         <name>bmi160_i2c_bus_read</name>
         <value>0x11c1d</value>
         <object_component_ref idref="oc-240"/>
      </symbol>
      <symbol id="sm-136e">
         <name>bmi160_delay_ms</name>
         <value>0x11dc1</value>
         <object_component_ref idref="oc-240"/>
      </symbol>
      <symbol id="sm-136f">
         <name>bmi160_spi_bus_read</name>
         <value>0x11d85</value>
         <object_component_ref idref="oc-240"/>
      </symbol>
      <symbol id="sm-1370">
         <name>bmi160_config_running_mode</name>
         <value>0x11155</value>
         <object_component_ref idref="oc-240"/>
      </symbol>
      <symbol id="sm-1371">
         <name>bmi160_spi_bus_write</name>
         <value>0x11da3</value>
         <object_component_ref idref="oc-240"/>
      </symbol>
      <symbol id="sm-1372">
         <name>spi_routine</name>
         <value>0x11bf9</value>
         <object_component_ref idref="oc-240"/>
      </symbol>
      <symbol id="sm-1373">
         <name>bmi160_i2c_bus_write</name>
         <value>0x11d47</value>
         <object_component_ref idref="oc-240"/>
      </symbol>
      <symbol id="sm-1374">
         <name>bmi160_i2c_burst_read</name>
         <value>0x11d2b</value>
         <object_component_ref idref="oc-240"/>
      </symbol>
      <symbol id="sm-1375">
         <name>i2c_routine</name>
         <value>0x11bd7</value>
         <object_component_ref idref="oc-240"/>
      </symbol>
      <symbol id="sm-1382">
         <name>DelayMs</name>
         <value>0x18773</value>
         <object_component_ref idref="oc-312"/>
      </symbol>
      <symbol id="sm-1383">
         <name>SysDelay</name>
         <value>0x188bb</value>
         <object_component_ref idref="oc-253"/>
      </symbol>
      <symbol id="sm-1397">
         <name>sensorOpt3001Enable</name>
         <value>0x174ad</value>
         <object_component_ref idref="oc-24c"/>
      </symbol>
      <symbol id="sm-1398">
         <name>sensorOpt3001Read</name>
         <value>0x174fb</value>
         <object_component_ref idref="oc-24c"/>
      </symbol>
      <symbol id="sm-1399">
         <name>sensorOpt3001Init</name>
         <value>0x174a1</value>
         <object_component_ref idref="oc-24c"/>
      </symbol>
      <symbol id="sm-139a">
         <name>sensorOpt3001Test</name>
         <value>0x1753f</value>
         <object_component_ref idref="oc-24c"/>
      </symbol>
      <symbol id="sm-13bd">
         <name>sensorTmp007Read</name>
         <value>0x16867</value>
         <object_component_ref idref="oc-23a"/>
      </symbol>
      <symbol id="sm-13be">
         <name>sensorTmp007Init</name>
         <value>0x167b5</value>
         <object_component_ref idref="oc-23a"/>
      </symbol>
      <symbol id="sm-13bf">
         <name>sensorTmp007Enable</name>
         <value>0x167b7</value>
         <object_component_ref idref="oc-23a"/>
      </symbol>
      <symbol id="sm-13c0">
         <name>sensorTmp007Test</name>
         <value>0x16999</value>
         <object_component_ref idref="oc-23a"/>
      </symbol>
      <symbol id="sm-13c9">
         <name>StartCriticalSection</name>
         <value>0x18877</value>
         <object_component_ref idref="oc-a0"/>
      </symbol>
      <symbol id="sm-13ca">
         <name>EndCriticalSection</name>
         <value>0x1887f</value>
         <object_component_ref idref="oc-a0"/>
      </symbol>
      <symbol id="sm-1463">
         <name>CurrentlyRunningThread</name>
         <value>0x20006620</value>
      </symbol>
      <symbol id="sm-1464">
         <name>currentMaxPriority</name>
         <value>0x2000663e</value>
      </symbol>
      <symbol id="sm-1465">
         <name>nextThreadID</name>
         <value>0x20006634</value>
      </symbol>
      <symbol id="sm-1466">
         <name>SystemTime</name>
         <value>0x20006628</value>
      </symbol>
      <symbol id="sm-1467">
         <name>G8RTOS_AddThread</name>
         <value>0x13ef1</value>
         <object_component_ref idref="oc-32"/>
      </symbol>
      <symbol id="sm-1468">
         <name>SysTick_Handler</name>
         <value>0x13d41</value>
         <object_component_ref idref="oc-32"/>
      </symbol>
      <symbol id="sm-1469">
         <name>G8RTOS_KillThread</name>
         <value>0x14251</value>
         <object_component_ref idref="oc-32"/>
      </symbol>
      <symbol id="sm-146a">
         <name>G8RTOS_Init</name>
         <value>0x13df1</value>
         <object_component_ref idref="oc-32"/>
      </symbol>
      <symbol id="sm-146b">
         <name>G8RTOS_AddPeriodicEvent</name>
         <value>0x140b9</value>
         <object_component_ref idref="oc-32"/>
      </symbol>
      <symbol id="sm-146c">
         <name>G8RTOS_KillAllThreads</name>
         <value>0x14399</value>
         <object_component_ref idref="oc-32"/>
      </symbol>
      <symbol id="sm-146d">
         <name>getClock</name>
         <value>0x1439b</value>
         <object_component_ref idref="oc-32"/>
      </symbol>
      <symbol id="sm-146e">
         <name>G8RTOS_GetThreadId</name>
         <value>0x14237</value>
         <object_component_ref idref="oc-32"/>
      </symbol>
      <symbol id="sm-146f">
         <name>G8RTOS_Scheduler</name>
         <value>0x13ca9</value>
         <object_component_ref idref="oc-32"/>
      </symbol>
      <symbol id="sm-1470">
         <name>G8RTOS_KillSelf</name>
         <value>0x1431d</value>
         <object_component_ref idref="oc-32"/>
      </symbol>
      <symbol id="sm-1471">
         <name>GetNumberOfThreads</name>
         <value>0x14393</value>
         <object_component_ref idref="oc-32"/>
      </symbol>
      <symbol id="sm-1472">
         <name>G8RTOS_AddAPeriodicEvent</name>
         <value>0x141ad</value>
         <object_component_ref idref="oc-32"/>
      </symbol>
      <symbol id="sm-1473">
         <name>G8RTOS_Launch</name>
         <value>0x13e6d</value>
         <object_component_ref idref="oc-32"/>
      </symbol>
      <symbol id="sm-1474">
         <name>sleep</name>
         <value>0x1420d</value>
         <object_component_ref idref="oc-32"/>
      </symbol>
      <symbol id="sm-147f">
         <name>PendSV_Handler</name>
         <value>0x1813d</value>
         <object_component_ref idref="oc-2d"/>
      </symbol>
      <symbol id="sm-1480">
         <name>G8RTOS_Start</name>
         <value>0x18101</value>
         <object_component_ref idref="oc-2d"/>
      </symbol>
      <symbol id="sm-14a6">
         <name>periodicFault</name>
         <value>0x20006d80</value>
         <object_component_ref idref="oc-9d"/>
      </symbol>
      <symbol id="sm-14a7">
         <name>G8RTOS_SignalSemaphore</name>
         <value>0x1797b</value>
         <object_component_ref idref="oc-28b"/>
      </symbol>
      <symbol id="sm-14a8">
         <name>CurrentlyRunningPThread</name>
         <value>0x20006d7c</value>
         <object_component_ref idref="oc-9d"/>
      </symbol>
      <symbol id="sm-14a9">
         <name>G8RTOS_WaitSemaphore</name>
         <value>0x17923</value>
         <object_component_ref idref="oc-28b"/>
      </symbol>
      <symbol id="sm-14aa">
         <name>G8RTOS_InitSemaphore</name>
         <value>0x17905</value>
         <object_component_ref idref="oc-28b"/>
      </symbol>
      <symbol id="sm-14ab">
         <name>runningPeriodic</name>
         <value>0x20006d78</value>
         <object_component_ref idref="oc-9d"/>
      </symbol>
      <symbol id="sm-14da">
         <name>snprintf</name>
         <value>0x18429</value>
         <object_component_ref idref="oc-2b3"/>
      </symbol>
      <symbol id="sm-14e5">
         <name>__aeabi_dmul</name>
         <value>0x17809</value>
         <object_component_ref idref="oc-27b"/>
      </symbol>
      <symbol id="sm-14ef">
         <name>__aeabi_d2iz</name>
         <value>0x18475</value>
         <object_component_ref idref="oc-280"/>
      </symbol>
      <symbol id="sm-14f8">
         <name>__aeabi_lmul</name>
         <value>0x18823</value>
         <object_component_ref idref="oc-3dc"/>
      </symbol>
      <symbol id="sm-1513">
         <name>memcpy</name>
         <value>0x17cdd</value>
         <object_component_ref idref="oc-4c"/>
      </symbol>
      <symbol id="sm-1514">
         <name>__aeabi_memcpy</name>
         <value>0x17cdd</value>
         <object_component_ref idref="oc-4c"/>
      </symbol>
      <symbol id="sm-1515">
         <name>__aeabi_memcpy8</name>
         <value>0x17cdd</value>
         <object_component_ref idref="oc-4c"/>
      </symbol>
      <symbol id="sm-1516">
         <name>__aeabi_memcpy4</name>
         <value>0x17cdd</value>
         <object_component_ref idref="oc-4c"/>
      </symbol>
      <symbol id="sm-1520">
         <name>__aeabi_ui2d</name>
         <value>0x18799</value>
         <object_component_ref idref="oc-276"/>
      </symbol>
      <symbol id="sm-152f">
         <name>__aeabi_memset</name>
         <value>0x17fa7</value>
         <object_component_ref idref="oc-f8"/>
      </symbol>
      <symbol id="sm-1530">
         <name>memset</name>
         <value>0x17fad</value>
         <object_component_ref idref="oc-f8"/>
      </symbol>
      <symbol id="sm-1531">
         <name>__aeabi_memset8</name>
         <value>0x17fa7</value>
         <object_component_ref idref="oc-f8"/>
      </symbol>
      <symbol id="sm-1532">
         <name>__aeabi_memset4</name>
         <value>0x17fa7</value>
         <object_component_ref idref="oc-f8"/>
      </symbol>
      <symbol id="sm-1533">
         <name>__aeabi_memclr8</name>
         <value>0x17fa5</value>
         <object_component_ref idref="oc-f8"/>
      </symbol>
      <symbol id="sm-1534">
         <name>__aeabi_memclr4</name>
         <value>0x17fa5</value>
         <object_component_ref idref="oc-f8"/>
      </symbol>
      <symbol id="sm-1535">
         <name>__aeabi_memclr</name>
         <value>0x17fa5</value>
         <object_component_ref idref="oc-f8"/>
      </symbol>
      <symbol id="sm-1544">
         <name>__aeabi_uidivmod</name>
         <value>0x185c5</value>
         <object_component_ref idref="oc-2f0"/>
      </symbol>
      <symbol id="sm-1545">
         <name>__aeabi_uidiv</name>
         <value>0x185c5</value>
         <object_component_ref idref="oc-2f0"/>
      </symbol>
      <symbol id="sm-1553">
         <name>__aeabi_ldivmod</name>
         <value>0x1808d</value>
         <object_component_ref idref="oc-3e1"/>
      </symbol>
      <symbol id="sm-1560">
         <name>__aeabi_uldivmod</name>
         <value>0x17d79</value>
         <object_component_ref idref="oc-474"/>
      </symbol>
      <symbol id="sm-1572">
         <name>__TI_zero_init</name>
         <value>0x18893</value>
         <object_component_ref idref="oc-5e"/>
      </symbol>
      <symbol id="sm-1589">
         <name>__TI_decompress_none</name>
         <value>0x18885</value>
         <object_component_ref idref="oc-1b"/>
      </symbol>
      <symbol id="sm-15ac">
         <name>__TI_decompress_lzss</name>
         <value>0x18169</value>
         <object_component_ref idref="oc-15"/>
      </symbol>
      <symbol id="sm-15c2">
         <name>rand</name>
         <value>0x186b5</value>
         <object_component_ref idref="oc-2a0"/>
      </symbol>
      <symbol id="sm-15d5">
         <name>__stack</name>
         <value>0x20006da8</value>
         <object_component_ref idref="oc-24"/>
      </symbol>
      <symbol id="sm-15d6">
         <name>_c_int00_noargs</name>
         <value>0x18681</value>
         <object_component_ref idref="oc-6a"/>
      </symbol>
      <symbol id="sm-173b">
         <name>__TI_printfi</name>
         <value>0x12a0d</value>
         <object_component_ref idref="oc-369"/>
      </symbol>
      <symbol id="sm-1745">
         <name>__aeabi_idiv0</name>
         <value>0x157df</value>
         <object_component_ref idref="oc-3b6"/>
      </symbol>
      <symbol id="sm-1746">
         <name>__aeabi_ldiv0</name>
         <value>0x157df</value>
         <object_component_ref idref="oc-3b6"/>
      </symbol>
      <symbol id="sm-175d">
         <name>__aeabi_dsub</name>
         <value>0x17075</value>
         <object_component_ref idref="oc-49c"/>
      </symbol>
      <symbol id="sm-175e">
         <name>__aeabi_dadd</name>
         <value>0x1707f</value>
         <object_component_ref idref="oc-49c"/>
      </symbol>
      <symbol id="sm-1780">
         <name>__aeabi_cdcmpeq</name>
         <value>0x17e99</value>
         <object_component_ref idref="oc-41c"/>
      </symbol>
      <symbol id="sm-1781">
         <name>__aeabi_cdcmple</name>
         <value>0x17e99</value>
         <object_component_ref idref="oc-41c"/>
      </symbol>
      <symbol id="sm-1782">
         <name>__aeabi_cdrcmple</name>
         <value>0x17f1f</value>
         <object_component_ref idref="oc-48c"/>
      </symbol>
      <symbol id="sm-1796">
         <name>__aeabi_ddiv</name>
         <value>0x17369</value>
         <object_component_ref idref="oc-487"/>
      </symbol>
      <symbol id="sm-17a0">
         <name>__aeabi_i2d</name>
         <value>0x18719</value>
         <object_component_ref idref="oc-497"/>
      </symbol>
      <symbol id="sm-17c8">
         <name>__TI_auto_init_nobinit_nopinit</name>
         <value>0x18501</value>
         <object_component_ref idref="oc-1c3"/>
      </symbol>
      <symbol id="sm-17d2">
         <name>_system_pre_init</name>
         <value>0x188c1</value>
         <object_component_ref idref="oc-fe"/>
      </symbol>
      <symbol id="sm-17de">
         <name>C$$EXIT</name>
         <value>0x188c5</value>
         <object_component_ref idref="oc-1b7"/>
      </symbol>
      <symbol id="sm-17df">
         <name>abort</name>
         <value>0x188c5</value>
         <object_component_ref idref="oc-1b7"/>
      </symbol>
      <symbol id="sm-17f4">
         <name>_nop</name>
         <value>0x1345b</value>
         <object_component_ref idref="oc-38b"/>
      </symbol>
      <symbol id="sm-17f5">
         <name>_lock</name>
         <value>0x20006d84</value>
         <object_component_ref idref="oc-2c1"/>
      </symbol>
      <symbol id="sm-17f6">
         <name>_unlock</name>
         <value>0x20006d88</value>
         <object_component_ref idref="oc-2c1"/>
      </symbol>
      <symbol id="sm-1805">
         <name>__TI_ltoa</name>
         <value>0x182e7</value>
         <object_component_ref idref="oc-491"/>
      </symbol>
      <symbol id="sm-181c">
         <name>atoi</name>
         <value>0x183dd</value>
         <object_component_ref idref="oc-410"/>
      </symbol>
      <symbol id="sm-1827">
         <name>_ctypes_</name>
         <value>0x19068</value>
         <object_component_ref idref="oc-480"/>
      </symbol>
      <symbol id="sm-1837">
         <name>memccpy</name>
         <value>0x187d5</value>
         <object_component_ref idref="oc-439"/>
      </symbol>
      <symbol id="sm-1847">
         <name>strchr</name>
         <value>0x1883b</value>
         <object_component_ref idref="oc-4c8"/>
      </symbol>
      <symbol id="sm-1855">
         <name>strlen</name>
         <value>0x18851</value>
         <object_component_ref idref="oc-40a"/>
      </symbol>
      <symbol id="sm-186b">
         <name>__aeabi_errno_addr</name>
         <value>0x188ad</value>
         <object_component_ref idref="oc-445"/>
      </symbol>
      <symbol id="sm-186c">
         <name>errno</name>
         <value>0x20006d9c</value>
         <object_component_ref idref="oc-4d8"/>
      </symbol>
      <symbol id="sm-1885">
         <name>wcslen</name>
         <value>0x18865</value>
         <object_component_ref idref="oc-43f"/>
      </symbol>
      <symbol id="sm-18a5">
         <name>frexpl</name>
         <value>0x181d1</value>
         <object_component_ref idref="oc-4bc"/>
      </symbol>
      <symbol id="sm-18a6">
         <name>frexp</name>
         <value>0x181d1</value>
         <object_component_ref idref="oc-4bc"/>
      </symbol>
      <symbol id="sm-18c3">
         <name>scalbn</name>
         <value>0x176f9</value>
         <object_component_ref idref="oc-4c2"/>
      </symbol>
      <symbol id="sm-18c4">
         <name>scalbnl</name>
         <value>0x176f9</value>
         <object_component_ref idref="oc-4c2"/>
      </symbol>
      <symbol id="sm-18c5">
         <name>ldexpl</name>
         <value>0x176f9</value>
         <object_component_ref idref="oc-4c2"/>
      </symbol>
      <symbol id="sm-18c6">
         <name>ldexp</name>
         <value>0x176f9</value>
         <object_component_ref idref="oc-4c2"/>
      </symbol>
      <symbol id="sm-18d0">
         <name>copysign</name>
         <value>0x187f1</value>
         <object_component_ref idref="oc-502"/>
      </symbol>
      <symbol id="sm-18d1">
         <name>copysignl</name>
         <value>0x187f1</value>
         <object_component_ref idref="oc-502"/>
      </symbol>
      <symbol id="sm-18d2">
         <name>__TI_static_base__</name>
         <value>0x0</value>
      </symbol>
      <symbol id="sm-18d5">
         <name>__mpu_init</name>
         <value>0x0</value>
      </symbol>
      <symbol id="sm-18d6">
         <name>_system_post_cinit</name>
         <value>0x0</value>
      </symbol>
   </symbol_table>
   <title>Link successful</title>
</link_info>
